Archive member included to satisfy reference by file (symbol)

e:/windows/programs/arm-gnu-toolchain-12.2.mpacbti-bet1-mingw-w64-i686-arm-none-eabi/bin/../lib/gcc/arm-none-eabi/12.2.0/thumb/v7-m/nofp\libc_nano.a(libc_a-exit.o)
                              e:/windows/programs/arm-gnu-toolchain-12.2.mpacbti-bet1-mingw-w64-i686-arm-none-eabi/bin/../lib/gcc/arm-none-eabi/12.2.0/thumb/v7-m/nofp/crt0.o (exit)
e:/windows/programs/arm-gnu-toolchain-12.2.mpacbti-bet1-mingw-w64-i686-arm-none-eabi/bin/../lib/gcc/arm-none-eabi/12.2.0/thumb/v7-m/nofp\libc_nano.a(libc_a-findfp.o)
                              e:/windows/programs/arm-gnu-toolchain-12.2.mpacbti-bet1-mingw-w64-i686-arm-none-eabi/bin/../lib/gcc/arm-none-eabi/12.2.0/thumb/v7-m/nofp\libc_nano.a(libc_a-exit.o) (__stdio_exit_handler)
e:/windows/programs/arm-gnu-toolchain-12.2.mpacbti-bet1-mingw-w64-i686-arm-none-eabi/bin/../lib/gcc/arm-none-eabi/12.2.0/thumb/v7-m/nofp\libc_nano.a(libc_a-fprintf.o)
                              OBJ/i2c_software.o (fprintf)
e:/windows/programs/arm-gnu-toolchain-12.2.mpacbti-bet1-mingw-w64-i686-arm-none-eabi/bin/../lib/gcc/arm-none-eabi/12.2.0/thumb/v7-m/nofp\libc_nano.a(libc_a-fwalk.o)
                              e:/windows/programs/arm-gnu-toolchain-12.2.mpacbti-bet1-mingw-w64-i686-arm-none-eabi/bin/../lib/gcc/arm-none-eabi/12.2.0/thumb/v7-m/nofp\libc_nano.a(libc_a-findfp.o) (_fwalk_sglue)
e:/windows/programs/arm-gnu-toolchain-12.2.mpacbti-bet1-mingw-w64-i686-arm-none-eabi/bin/../lib/gcc/arm-none-eabi/12.2.0/thumb/v7-m/nofp\libc_nano.a(libc_a-printf.o)
                              OBJ/USART.o (printf)
e:/windows/programs/arm-gnu-toolchain-12.2.mpacbti-bet1-mingw-w64-i686-arm-none-eabi/bin/../lib/gcc/arm-none-eabi/12.2.0/thumb/v7-m/nofp\libc_nano.a(libc_a-puts.o)
                              OBJ/i2c_software.o (puts)
e:/windows/programs/arm-gnu-toolchain-12.2.mpacbti-bet1-mingw-w64-i686-arm-none-eabi/bin/../lib/gcc/arm-none-eabi/12.2.0/thumb/v7-m/nofp\libc_nano.a(libc_a-setvbuf.o)
                              OBJ/USART.o (setvbuf)
e:/windows/programs/arm-gnu-toolchain-12.2.mpacbti-bet1-mingw-w64-i686-arm-none-eabi/bin/../lib/gcc/arm-none-eabi/12.2.0/thumb/v7-m/nofp\libc_nano.a(libc_a-stdio.o)
                              e:/windows/programs/arm-gnu-toolchain-12.2.mpacbti-bet1-mingw-w64-i686-arm-none-eabi/bin/../lib/gcc/arm-none-eabi/12.2.0/thumb/v7-m/nofp\libc_nano.a(libc_a-findfp.o) (__sread)
e:/windows/programs/arm-gnu-toolchain-12.2.mpacbti-bet1-mingw-w64-i686-arm-none-eabi/bin/../lib/gcc/arm-none-eabi/12.2.0/thumb/v7-m/nofp\libc_nano.a(libc_a-wbuf.o)
                              e:/windows/programs/arm-gnu-toolchain-12.2.mpacbti-bet1-mingw-w64-i686-arm-none-eabi/bin/../lib/gcc/arm-none-eabi/12.2.0/thumb/v7-m/nofp\libc_nano.a(libc_a-puts.o) (__swbuf_r)
e:/windows/programs/arm-gnu-toolchain-12.2.mpacbti-bet1-mingw-w64-i686-arm-none-eabi/bin/../lib/gcc/arm-none-eabi/12.2.0/thumb/v7-m/nofp\libc_nano.a(libc_a-wsetup.o)
                              e:/windows/programs/arm-gnu-toolchain-12.2.mpacbti-bet1-mingw-w64-i686-arm-none-eabi/bin/../lib/gcc/arm-none-eabi/12.2.0/thumb/v7-m/nofp\libc_nano.a(libc_a-puts.o) (__swsetup_r)
e:/windows/programs/arm-gnu-toolchain-12.2.mpacbti-bet1-mingw-w64-i686-arm-none-eabi/bin/../lib/gcc/arm-none-eabi/12.2.0/thumb/v7-m/nofp\libc_nano.a(libc_a-memset.o)
                              e:/windows/programs/arm-gnu-toolchain-12.2.mpacbti-bet1-mingw-w64-i686-arm-none-eabi/bin/../lib/gcc/arm-none-eabi/12.2.0/thumb/v7-m/nofp/crt0.o (memset)
e:/windows/programs/arm-gnu-toolchain-12.2.mpacbti-bet1-mingw-w64-i686-arm-none-eabi/bin/../lib/gcc/arm-none-eabi/12.2.0/thumb/v7-m/nofp\libc_nano.a(libc_a-closer.o)
                              e:/windows/programs/arm-gnu-toolchain-12.2.mpacbti-bet1-mingw-w64-i686-arm-none-eabi/bin/../lib/gcc/arm-none-eabi/12.2.0/thumb/v7-m/nofp\libc_nano.a(libc_a-stdio.o) (_close_r)
e:/windows/programs/arm-gnu-toolchain-12.2.mpacbti-bet1-mingw-w64-i686-arm-none-eabi/bin/../lib/gcc/arm-none-eabi/12.2.0/thumb/v7-m/nofp\libc_nano.a(libc_a-reent.o)
                              e:/windows/programs/arm-gnu-toolchain-12.2.mpacbti-bet1-mingw-w64-i686-arm-none-eabi/bin/../lib/gcc/arm-none-eabi/12.2.0/thumb/v7-m/nofp\libc_nano.a(libc_a-closer.o) (errno)
e:/windows/programs/arm-gnu-toolchain-12.2.mpacbti-bet1-mingw-w64-i686-arm-none-eabi/bin/../lib/gcc/arm-none-eabi/12.2.0/thumb/v7-m/nofp\libc_nano.a(libc_a-impure.o)
                              OBJ/USART.o (_impure_ptr)
e:/windows/programs/arm-gnu-toolchain-12.2.mpacbti-bet1-mingw-w64-i686-arm-none-eabi/bin/../lib/gcc/arm-none-eabi/12.2.0/thumb/v7-m/nofp\libc_nano.a(libc_a-lseekr.o)
                              e:/windows/programs/arm-gnu-toolchain-12.2.mpacbti-bet1-mingw-w64-i686-arm-none-eabi/bin/../lib/gcc/arm-none-eabi/12.2.0/thumb/v7-m/nofp\libc_nano.a(libc_a-stdio.o) (_lseek_r)
[...]
Memory Configuration

Name             Origin             Length             Attributes
RAM              0x20000000         0x00010000         xrw
FLASH            0x08000000         0x00080000         xr
*default*        0x00000000         0xffffffff

Linker script and memory map

LOAD e:/windows/programs/arm-gnu-toolchain-12.2.mpacbti-bet1-mingw-w64-i686-arm-none-eabi/bin/../lib/gcc/arm-none-eabi/12.2.0/thumb/v7-m/nofp/crti.o
LOAD e:/windows/programs/arm-gnu-toolchain-12.2.mpacbti-bet1-mingw-w64-i686-arm-none-eabi/bin/../lib/gcc/arm-none-eabi/12.2.0/thumb/v7-m/nofp/crtbegin.o
LOAD e:/windows/programs/arm-gnu-toolchain-12.2.mpacbti-bet1-mingw-w64-i686-arm-none-eabi/bin/../lib/gcc/arm-none-eabi/12.2.0/thumb/v7-m/nofp/crt0.o
LOAD OBJ/core_cm3.o
LOAD OBJ/misc.o
LOAD OBJ/stm32f10x_rcc.o
LOAD OBJ/stm32f10x_gpio.o
LOAD OBJ/stm32f10x_usart.o
LOAD OBJ/stm32f10x_exti.o
LOAD OBJ/stm32f10x_iwdg.o
LOAD OBJ/stm32f10x_wwdg.o
LOAD OBJ/stm32f10x_tim.o
LOAD OBJ/stm32f10x_dma.o
LOAD OBJ/stm32f10x_i2c.o
LOAD OBJ/stm32f10x_spi.o
LOAD OBJ/delay.o
LOAD OBJ/sys.o
LOAD OBJ/stm32f10x_it.o
LOAD OBJ/system_stm32f10x.o
LOAD OBJ/main.o
LOAD OBJ/LED.o
LOAD OBJ/BEEP.o
LOAD OBJ/KEY.o
LOAD OBJ/USART.o
LOAD OBJ/exti.o
LOAD OBJ/iwdg.o
LOAD OBJ/wwdg.o
LOAD OBJ/tim.o
LOAD OBJ/pwm_out.o
LOAD OBJ/cap.o
LOAD OBJ/tpad.o
LOAD OBJ/dma.o
LOAD OBJ/i2c_software.o
LOAD OBJ/i2c_hardware.o
LOAD OBJ/exFlash.o
LOAD OBJ/startup_stm32f103xe.o
LOAD e:/windows/programs/arm-gnu-toolchain-12.2.mpacbti-bet1-mingw-w64-i686-arm-none-eabi/bin/../lib/gcc/arm-none-eabi/12.2.0/thumb/v7-m/nofp\libc_nano.a
LOAD e:/windows/programs/arm-gnu-toolchain-12.2.mpacbti-bet1-mingw-w64-i686-arm-none-eabi/bin/../lib/gcc/arm-none-eabi/12.2.0/thumb/v7-m/nofp\libm.a
LOAD e:/windows/programs/arm-gnu-toolchain-12.2.mpacbti-bet1-mingw-w64-i686-arm-none-eabi/bin/../lib/gcc/arm-none-eabi/12.2.0/thumb/v7-m/nofp\libnosys.a
START GROUP
LOAD e:/windows/programs/arm-gnu-toolchain-12.2.mpacbti-bet1-mingw-w64-i686-arm-none-eabi/bin/../lib/gcc/arm-none-eabi/12.2.0/thumb/v7-m/nofp\libgcc.a
LOAD e:/windows/programs/arm-gnu-toolchain-12.2.mpacbti-bet1-mingw-w64-i686-arm-none-eabi/bin/../lib/gcc/arm-none-eabi/12.2.0/thumb/v7-m/nofp\libc_nano.a
END GROUP
START GROUP
LOAD e:/windows/programs/arm-gnu-toolchain-12.2.mpacbti-bet1-mingw-w64-i686-arm-none-eabi/bin/../lib/gcc/arm-none-eabi/12.2.0/thumb/v7-m/nofp\libgcc.a
LOAD e:/windows/programs/arm-gnu-toolchain-12.2.mpacbti-bet1-mingw-w64-i686-arm-none-eabi/bin/../lib/gcc/arm-none-eabi/12.2.0/thumb/v7-m/nofp\libc_nano.a
END GROUP
LOAD e:/windows/programs/arm-gnu-toolchain-12.2.mpacbti-bet1-mingw-w64-i686-arm-none-eabi/bin/../lib/gcc/arm-none-eabi/12.2.0/thumb/v7-m/nofp/crtend.o
LOAD e:/windows/programs/arm-gnu-toolchain-12.2.mpacbti-bet1-mingw-w64-i686-arm-none-eabi/bin/../lib/gcc/arm-none-eabi/12.2.0/thumb/v7-m/nofp/crtn.o
                0x20010000                        _estack = (ORIGIN (RAM) + LENGTH (RAM))
                0x00000200                        _Min_Heap_Size = 0x200
                0x00000400                        _Min_Stack_Size = 0x400

.isr_vector     0x08000000      0x1e4
                0x08000000                        . = ALIGN (0x4)
 *(.isr_vector)
 .isr_vector    0x08000000      0x1e4 OBJ/startup_stm32f103xe.o
                0x08000000                g_pfnVectors
                0x080001e4                        . = ALIGN (0x4)

.text           0x080001e4     0x2bf0
                0x080001e4                        . = ALIGN (0x4)
 *(.text)
 *(.text*)
 .text.deregister_tm_clones
                0x080001e4       0x1c e:/windows/programs/arm-gnu-toolchain-12.2.mpacbti-bet1-mingw-w64-i686-arm-none-eabi/bin/../lib/gcc/arm-none-eabi/12.2.0/thumb/v7-m/nofp/crtbegin.o
 .text.register_tm_clones
                0x08000200       0x24 e:/windows/programs/arm-gnu-toolchain-12.2.mpacbti-bet1-mingw-w64-i686-arm-none-eabi/bin/../lib/gcc/arm-none-eabi/12.2.0/thumb/v7-m/nofp/crtbegin.o
 .text.__do_global_dtors_aux
                0x08000224       0x28 e:/windows/programs/arm-gnu-toolchain-12.2.mpacbti-bet1-mingw-w64-i686-arm-none-eabi/bin/../lib/gcc/arm-none-eabi/12.2.0/thumb/v7-m/nofp/crtbegin.o
 .text.frame_dummy
                0x0800024c       0x24 e:/windows/programs/arm-gnu-toolchain-12.2.mpacbti-bet1-mingw-w64-i686-arm-none-eabi/bin/../lib/gcc/arm-none-eabi/12.2.0/thumb/v7-m/nofp/crtbegin.o
 .text.NVIC_Init
                0x08000270       0x60 OBJ/misc.o
                0x08000270                NVIC_Init
 .text.SysTick_CLKSourceConfig
                0x080002d0       0x20 OBJ/misc.o
                0x080002d0                SysTick_CLKSourceConfig
 .text.RCC_GetClocksFreq
                0x080002f0       0xbc OBJ/stm32f10x_rcc.o
                0x080002f0                RCC_GetClocksFreq
 .text.RCC_APB2PeriphClockCmd
                0x080003ac       0x1c OBJ/stm32f10x_rcc.o
                0x080003ac                RCC_APB2PeriphClockCmd
 .text.RCC_APB1PeriphClockCmd
                0x080003c8       0x1c OBJ/stm32f10x_rcc.o
                0x080003c8                RCC_APB1PeriphClockCmd
 .text.GPIO_Init
                0x080003e4       0xb0 OBJ/stm32f10x_gpio.o
                0x080003e4                GPIO_Init
 .text.GPIO_ReadInputDataBit
                0x08000494        0xe OBJ/stm32f10x_gpio.o
                0x08000494                GPIO_ReadInputDataBit
 .text.GPIO_SetBits
                0x080004a2        0x4 OBJ/stm32f10x_gpio.o
                0x080004a2                GPIO_SetBits
 .text.GPIO_ResetBits
                0x080004a6        0x4 OBJ/stm32f10x_gpio.o
                0x080004a6                GPIO_ResetBits
 *fill*         0x080004aa        0x2 
 .text.USART_Init
                0x080004ac       0xc4 OBJ/stm32f10x_usart.o
                0x080004ac                USART_Init
 .text.USART_Cmd
                0x08000570       0x1c OBJ/stm32f10x_usart.o
                0x08000570                USART_Cmd
 .text.USART_ITConfig
                0x0800058c       0x36 OBJ/stm32f10x_usart.o
                0x0800058c                USART_ITConfig
 .text.USART_SendData
                0x080005c2        0x8 OBJ/stm32f10x_usart.o
                0x080005c2                USART_SendData
 .text.USART_ReceiveData
                0x080005ca        0x8 OBJ/stm32f10x_usart.o
                0x080005ca                USART_ReceiveData
 .text.USART_GetITStatus
                0x080005d2       0x4a OBJ/stm32f10x_usart.o
                0x080005d2                USART_GetITStatus
 .text.EXTI_ClearITPendingBit
                0x0800061c        0xc OBJ/stm32f10x_exti.o
                0x0800061c                EXTI_ClearITPendingBit
 .text.WWDG_SetCounter
                0x08000628       0x10 OBJ/stm32f10x_wwdg.o
                0x08000628                WWDG_SetCounter
 .text.WWDG_ClearFlag
                0x08000638        0xc OBJ/stm32f10x_wwdg.o
                0x08000638                WWDG_ClearFlag
 .text.TIM_OC1PolarityConfig
                0x08000644        0xe OBJ/stm32f10x_tim.o
                0x08000644                TIM_OC1PolarityConfig
 .text.TIM_GetCapture1
                0x08000652        0x6 OBJ/stm32f10x_tim.o
                0x08000652                TIM_GetCapture1
 .text.TIM_GetITStatus
                0x08000658       0x18 OBJ/stm32f10x_tim.o
                0x08000658                TIM_GetITStatus
 .text.TIM_ClearITPendingBit
                0x08000670        0x8 OBJ/stm32f10x_tim.o
                0x08000670                TIM_ClearITPendingBit
 .text.SPI_Init
                0x08000678       0x4e OBJ/stm32f10x_spi.o
                0x08000678                SPI_Init
 .text.SPI_Cmd  0x080006c6       0x1c OBJ/stm32f10x_spi.o
                0x080006c6                SPI_Cmd
 .text.SPI_I2S_SendData
                0x080006e2        0x4 OBJ/stm32f10x_spi.o
                0x080006e2                SPI_I2S_SendData
 .text.SPI_I2S_ReceiveData
                0x080006e6        0x6 OBJ/stm32f10x_spi.o
                0x080006e6                SPI_I2S_ReceiveData
 .text.SPI_I2S_GetFlagStatus
                0x080006ec        0xe OBJ/stm32f10x_spi.o
                0x080006ec                SPI_I2S_GetFlagStatus
 .text.__delay_impl
                0x080006fa       0x42 OBJ/delay.o
 .text.delay_init
                0x0800073c       0x3c OBJ/delay.o
                0x0800073c                delay_init
 .text.delay_us
                0x08000778       0x14 OBJ/delay.o
                0x08000778                delay_us
 .text.delay_ms
                0x0800078c       0x14 OBJ/delay.o
                0x0800078c                delay_ms
 .text.NMI_Handler
                0x080007a0        0x2 OBJ/stm32f10x_it.o
                0x080007a0                NMI_Handler
 .text.HardFault_Handler
                0x080007a2        0x2 OBJ/stm32f10x_it.o
                0x080007a2                HardFault_Handler
 .text.MemManage_Handler
                0x080007a4        0x2 OBJ/stm32f10x_it.o
                0x080007a4                MemManage_Handler
 .text.BusFault_Handler
                0x080007a6        0x2 OBJ/stm32f10x_it.o
                0x080007a6                BusFault_Handler
 .text.UsageFault_Handler
                0x080007a8        0x2 OBJ/stm32f10x_it.o
                0x080007a8                UsageFault_Handler
 .text.SVC_Handler
                0x080007aa        0x2 OBJ/stm32f10x_it.o
                0x080007aa                SVC_Handler
 .text.DebugMon_Handler
                0x080007ac        0x2 OBJ/stm32f10x_it.o
                0x080007ac                DebugMon_Handler
 .text.PendSV_Handler
                0x080007ae        0x2 OBJ/stm32f10x_it.o
                0x080007ae                PendSV_Handler
 .text.SysTick_Handler
                0x080007b0        0x2 OBJ/stm32f10x_it.o
                0x080007b0                SysTick_Handler
 *fill*         0x080007b2        0x2 
 .text.SetSysClockTo72
                0x080007b4       0xc4 OBJ/system_stm32f10x.o
 .text.SetSysClock
                0x08000878        0x8 OBJ/system_stm32f10x.o
 .text.SystemInit
                0x08000880       0x50 OBJ/system_stm32f10x.o
                0x08000880                SystemInit
 .text.main     0x080008d0        0xa OBJ/main.o
                0x080008d0                main
 *fill*         0x080008da        0x2 
 .text._write   0x080008dc       0x2c OBJ/USART.o
                0x080008dc                _write
 .text.USART1_Init
                0x08000908       0x8c OBJ/USART.o
                0x08000908                USART1_Init
 .text.USART1_IRQHandler
                0x08000994       0x28 OBJ/USART.o
                0x08000994                USART1_IRQHandler
 .text.EXTI0_IRQHandler
                0x080009bc       0x48 OBJ/exti.o
                0x080009bc                EXTI0_IRQHandler
 .text.EXTI3_IRQHandler
                0x08000a04       0x34 OBJ/exti.o
                0x08000a04                EXTI3_IRQHandler
 .text.EXTI4_IRQHandler
                0x08000a38       0x34 OBJ/exti.o
                0x08000a38                EXTI4_IRQHandler
 .text.WWDG_IRQHandler
                0x08000a6c       0x14 OBJ/wwdg.o
                0x08000a6c                WWDG_IRQHandler
 .text.TIM3_IRQHandler
                0x08000a80       0x34 OBJ/tim.o
                0x08000a80                TIM3_IRQHandler
 .text.TIM5_IRQHandler
                0x08000ab4       0xac OBJ/cap.o
                0x08000ab4                TIM5_IRQHandler
 .text.Flash_EX_Init
                0x08000b60       0xbc OBJ/exFlash.o
                0x08000b60                Flash_EX_Init
 .text.__Flash_EX_Byte_Impl
                0x08000c1c       0x80 OBJ/exFlash.o
                0x08000c1c                __Flash_EX_Byte_Impl
 .text.Flash_EX_Send_Byte
                0x08000c9c       0x4c OBJ/exFlash.o
                0x08000c9c                Flash_EX_Send_Byte
 .text.Flash_EX_Recieve_Byte
                0x08000ce8       0x44 OBJ/exFlash.o
                0x08000ce8                Flash_EX_Recieve_Byte
 .text.Flash_EX_Wake_Up
                0x08000d2c      0x108 OBJ/exFlash.o
                0x08000d2c                Flash_EX_Wake_Up
 .text.Flash_EX_Check_JEDEC_ID
                0x08000e34      0x11c OBJ/exFlash.o
                0x08000e34                Flash_EX_Check_JEDEC_ID
 .text.Flash_EX_Write_Enable
                0x08000f50       0x5c OBJ/exFlash.o
                0x08000f50                Flash_EX_Write_Enable
 .text.Flash_EX_Write_Disable
                0x08000fac       0x5c OBJ/exFlash.o
                0x08000fac                Flash_EX_Write_Disable
 .text.Flash_EX_Read_SR
                0x08001008       0x84 OBJ/exFlash.o
                0x08001008                Flash_EX_Read_SR
 .text.Flash_EX_Synchronize
                0x0800108c       0x26 OBJ/exFlash.o
                0x0800108c                Flash_EX_Synchronize
 *fill*         0x080010b2        0x2 
 .text.Flash_EX_Erase_Sector
                0x080010b4      0x1ac OBJ/exFlash.o
                0x080010b4                Flash_EX_Erase_Sector
 .text.Flash_EX_Read
                0x08001260      0x1c4 OBJ/exFlash.o
                0x08001260                Flash_EX_Read
 .text.Flash_EX_Is_Empty
                0x08001424      0x1e8 OBJ/exFlash.o
                0x08001424                Flash_EX_Is_Empty
 .text.Flash_EX_Erase_NonEmpty
                0x0800160c      0x154 OBJ/exFlash.o
                0x0800160c                Flash_EX_Erase_NonEmpty
 .text.Flash_EX_Write
                0x08001760      0x3d0 OBJ/exFlash.o
                0x08001760                Flash_EX_Write
 .text.Flash_EX_Run
                0x08001b30      0x140 OBJ/exFlash.o
                0x08001b30                Flash_EX_Run
 .text.Reset_Handler
                0x08001c70       0x48 OBJ/startup_stm32f103xe.o
                0x08001c70                Reset_Handler
 .text.Default_Handler
                0x08001cb8        0x2 OBJ/startup_stm32f103xe.o
                0x08001cb8                RTC_Alarm_IRQHandler
                0x08001cb8                EXTI2_IRQHandler
                0x08001cb8                TIM8_TRG_COM_IRQHandler
                0x08001cb8                TIM8_CC_IRQHandler
                0x08001cb8                TIM1_CC_IRQHandler
                0x08001cb8                TIM6_IRQHandler
                0x08001cb8                PVD_IRQHandler
                0x08001cb8                SDIO_IRQHandler
                0x08001cb8                I2C2_EV_IRQHandler
                0x08001cb8                ADC1_2_IRQHandler
                0x08001cb8                SPI1_IRQHandler
                0x08001cb8                TAMPER_IRQHandler
                0x08001cb8                TIM8_UP_IRQHandler
                0x08001cb8                DMA2_Channel2_IRQHandler
                0x08001cb8                DMA1_Channel4_IRQHandler
                0x08001cb8                USART3_IRQHandler
                0x08001cb8                RTC_IRQHandler
                0x08001cb8                DMA1_Channel7_IRQHandler
                0x08001cb8                CAN1_RX1_IRQHandler
                0x08001cb8                UART5_IRQHandler
                0x08001cb8                ADC3_IRQHandler
                0x08001cb8                TIM4_IRQHandler
                0x08001cb8                DMA2_Channel1_IRQHandler
                0x08001cb8                I2C1_EV_IRQHandler
                0x08001cb8                DMA1_Channel6_IRQHandler
                0x08001cb8                UART4_IRQHandler
                0x08001cb8                RCC_IRQHandler
                0x08001cb8                TIM1_TRG_COM_IRQHandler
                0x08001cb8                DMA1_Channel1_IRQHandler
                0x08001cb8                Default_Handler
                0x08001cb8                EXTI15_10_IRQHandler
                0x08001cb8                TIM7_IRQHandler
                0x08001cb8                EXTI9_5_IRQHandler
                0x08001cb8                SPI2_IRQHandler
                0x08001cb8                DMA1_Channel5_IRQHandler
                0x08001cb8                USB_LP_CAN1_RX0_IRQHandler
                0x08001cb8                USB_HP_CAN1_TX_IRQHandler
                0x08001cb8                DMA1_Channel3_IRQHandler
                0x08001cb8                FSMC_IRQHandler
                0x08001cb8                TIM1_UP_IRQHandler
                0x08001cb8                TIM2_IRQHandler
                0x08001cb8                TIM1_BRK_IRQHandler
                0x08001cb8                EXTI1_IRQHandler
                0x08001cb8                DMA2_Channel4_5_IRQHandler
                0x08001cb8                USART2_IRQHandler
                0x08001cb8                I2C2_ER_IRQHandler
                0x08001cb8                DMA1_Channel2_IRQHandler
                0x08001cb8                TIM8_BRK_IRQHandler
                0x08001cb8                CAN1_SCE_IRQHandler
                0x08001cb8                FLASH_IRQHandler
                0x08001cb8                SPI3_IRQHandler
                0x08001cb8                I2C1_ER_IRQHandler
                0x08001cb8                USBWakeUp_IRQHandler
                0x08001cb8                DMA2_Channel3_IRQHandler
 *fill*         0x08001cba        0x2 
 .text.std      0x08001cbc       0x48 e:/windows/programs/arm-gnu-toolchain-12.2.mpacbti-bet1-mingw-w64-i686-arm-none-eabi/bin/../lib/gcc/arm-none-eabi/12.2.0/thumb/v7-m/nofp\libc_nano.a(libc_a-findfp.o)
 .text.stdio_exit_handler
                0x08001d04       0x18 e:/windows/programs/arm-gnu-toolchain-12.2.mpacbti-bet1-mingw-w64-i686-arm-none-eabi/bin/../lib/gcc/arm-none-eabi/12.2.0/thumb/v7-m/nofp\libc_nano.a(libc_a-findfp.o)
 .text.cleanup_stdio
                0x08001d1c       0x40 e:/windows/programs/arm-gnu-toolchain-12.2.mpacbti-bet1-mingw-w64-i686-arm-none-eabi/bin/../lib/gcc/arm-none-eabi/12.2.0/thumb/v7-m/nofp\libc_nano.a(libc_a-findfp.o)
 .text.global_stdio_init.part.0
                0x08001d5c       0x3c e:/windows/programs/arm-gnu-toolchain-12.2.mpacbti-bet1-mingw-w64-i686-arm-none-eabi/bin/../lib/gcc/arm-none-eabi/12.2.0/thumb/v7-m/nofp\libc_nano.a(libc_a-findfp.o)
 .text.__sfp_lock_acquire
                0x08001d98        0xc e:/windows/programs/arm-gnu-toolchain-12.2.mpacbti-bet1-mingw-w64-i686-arm-none-eabi/bin/../lib/gcc/arm-none-eabi/12.2.0/thumb/v7-m/nofp\libc_nano.a(libc_a-findfp.o)
                0x08001d98                __sfp_lock_acquire
 .text.__sfp_lock_release
                0x08001da4        0xc e:/windows/programs/arm-gnu-toolchain-12.2.mpacbti-bet1-mingw-w64-i686-arm-none-eabi/bin/../lib/gcc/arm-none-eabi/12.2.0/thumb/v7-m/nofp\libc_nano.a(libc_a-findfp.o)
                0x08001da4                __sfp_lock_release
 .text.__sinit  0x08001db0       0x30 e:/windows/programs/arm-gnu-toolchain-12.2.mpacbti-bet1-mingw-w64-i686-arm-none-eabi/bin/../lib/gcc/arm-none-eabi/12.2.0/thumb/v7-m/nofp\libc_nano.a(libc_a-findfp.o)
                0x08001db0                __sinit
 .text.fprintf  0x08001de0       0x24 e:/windows/programs/arm-gnu-toolchain-12.2.mpacbti-bet1-mingw-w64-i686-arm-none-eabi/bin/../lib/gcc/arm-none-eabi/12.2.0/thumb/v7-m/nofp\libc_nano.a(libc_a-fprintf.o)
                0x08001de0                fiprintf
                0x08001de0                fprintf
 .text._fwalk_sglue
                0x08001e04       0x3c e:/windows/programs/arm-gnu-toolchain-12.2.mpacbti-bet1-mingw-w64-i686-arm-none-eabi/bin/../lib/gcc/arm-none-eabi/12.2.0/thumb/v7-m/nofp\libc_nano.a(libc_a-fwalk.o)
                0x08001e04                _fwalk_sglue
 .text.printf   0x08001e40       0x24 e:/windows/programs/arm-gnu-toolchain-12.2.mpacbti-bet1-mingw-w64-i686-arm-none-eabi/bin/../lib/gcc/arm-none-eabi/12.2.0/thumb/v7-m/nofp\libc_nano.a(libc_a-printf.o)
                0x08001e40                iprintf
                0x08001e40                printf
 .text._puts_r  0x08001e64       0xaa e:/windows/programs/arm-gnu-toolchain-12.2.mpacbti-bet1-mingw-w64-i686-arm-none-eabi/bin/../lib/gcc/arm-none-eabi/12.2.0/thumb/v7-m/nofp\libc_nano.a(libc_a-puts.o)
                0x08001e64                _puts_r
 *fill*         0x08001f0e        0x2 
 .text.puts     0x08001f10       0x10 e:/windows/programs/arm-gnu-toolchain-12.2.mpacbti-bet1-mingw-w64-i686-arm-none-eabi/bin/../lib/gcc/arm-none-eabi/12.2.0/thumb/v7-m/nofp\libc_nano.a(libc_a-puts.o)
                0x08001f10                puts
 .text.setvbuf  0x08001f20      0x168 e:/windows/programs/arm-gnu-toolchain-12.2.mpacbti-bet1-mingw-w64-i686-arm-none-eabi/bin/../lib/gcc/arm-none-eabi/12.2.0/thumb/v7-m/nofp\libc_nano.a(libc_a-setvbuf.o)
                0x08001f20                setvbuf
 .text.__sread  0x08002088       0x22 e:/windows/programs/arm-gnu-toolchain-12.2.mpacbti-bet1-mingw-w64-i686-arm-none-eabi/bin/../lib/gcc/arm-none-eabi/12.2.0/thumb/v7-m/nofp\libc_nano.a(libc_a-stdio.o)
                0x08002088                __sread
 .text.__swrite
                0x080020aa       0x38 e:/windows/programs/arm-gnu-toolchain-12.2.mpacbti-bet1-mingw-w64-i686-arm-none-eabi/bin/../lib/gcc/arm-none-eabi/12.2.0/thumb/v7-m/nofp\libc_nano.a(libc_a-stdio.o)
                0x080020aa                __swrite
 .text.__sseek  0x080020e2       0x24 e:/windows/programs/arm-gnu-toolchain-12.2.mpacbti-bet1-mingw-w64-i686-arm-none-eabi/bin/../lib/gcc/arm-none-eabi/12.2.0/thumb/v7-m/nofp\libc_nano.a(libc_a-stdio.o)
                0x080020e2                __sseek
 .text.__sclose
                0x08002106        0x8 e:/windows/programs/arm-gnu-toolchain-12.2.mpacbti-bet1-mingw-w64-i686-arm-none-eabi/bin/../lib/gcc/arm-none-eabi/12.2.0/thumb/v7-m/nofp\libc_nano.a(libc_a-stdio.o)
                0x08002106                __sclose
 .text.__swbuf_r
                0x0800210e       0x7c e:/windows/programs/arm-gnu-toolchain-12.2.mpacbti-bet1-mingw-w64-i686-arm-none-eabi/bin/../lib/gcc/arm-none-eabi/12.2.0/thumb/v7-m/nofp\libc_nano.a(libc_a-wbuf.o)
                0x0800210e                __swbuf_r
 *fill*         0x0800218a        0x2 
 .text.__swsetup_r
                0x0800218c       0xac e:/windows/programs/arm-gnu-toolchain-12.2.mpacbti-bet1-mingw-w64-i686-arm-none-eabi/bin/../lib/gcc/arm-none-eabi/12.2.0/thumb/v7-m/nofp\libc_nano.a(libc_a-wsetup.o)
                0x0800218c                __swsetup_r
 .text.memset   0x08002238       0x10 e:/windows/programs/arm-gnu-toolchain-12.2.mpacbti-bet1-mingw-w64-i686-arm-none-eabi/bin/../lib/gcc/arm-none-eabi/12.2.0/thumb/v7-m/nofp\libc_nano.a(libc_a-memset.o)
                0x08002238                memset
 .text._close_r
                0x08002248       0x20 e:/windows/programs/arm-gnu-toolchain-12.2.mpacbti-bet1-mingw-w64-i686-arm-none-eabi/bin/../lib/gcc/arm-none-eabi/12.2.0/thumb/v7-m/nofp\libc_nano.a(libc_a-closer.o)
                0x08002248                _close_r
 .text._lseek_r
                0x08002268       0x24 e:/windows/programs/arm-gnu-toolchain-12.2.mpacbti-bet1-mingw-w64-i686-arm-none-eabi/bin/../lib/gcc/arm-none-eabi/12.2.0/thumb/v7-m/nofp\libc_nano.a(libc_a-lseekr.o)
                0x08002268                _lseek_r
 .text._read_r  0x0800228c       0x24 e:/windows/programs/arm-gnu-toolchain-12.2.mpacbti-bet1-mingw-w64-i686-arm-none-eabi/bin/../lib/gcc/arm-none-eabi/12.2.0/thumb/v7-m/nofp\libc_nano.a(libc_a-readr.o)
                0x0800228c                _read_r
 .text._write_r
                0x080022b0       0x24 e:/windows/programs/arm-gnu-toolchain-12.2.mpacbti-bet1-mingw-w64-i686-arm-none-eabi/bin/../lib/gcc/arm-none-eabi/12.2.0/thumb/v7-m/nofp\libc_nano.a(libc_a-writer.o)
                0x080022b0                _write_r
 .text.__libc_init_array
                0x080022d4       0x48 e:/windows/programs/arm-gnu-toolchain-12.2.mpacbti-bet1-mingw-w64-i686-arm-none-eabi/bin/../lib/gcc/arm-none-eabi/12.2.0/thumb/v7-m/nofp\libc_nano.a(libc_a-init.o)
                0x080022d4                __libc_init_array
 .text.__retarget_lock_acquire_recursive
                0x0800231c        0x2 e:/windows/programs/arm-gnu-toolchain-12.2.mpacbti-bet1-mingw-w64-i686-arm-none-eabi/bin/../lib/gcc/arm-none-eabi/12.2.0/thumb/v7-m/nofp\libc_nano.a(libc_a-lock.o)
                0x0800231c                __retarget_lock_acquire_recursive
 .text.__retarget_lock_release_recursive
                0x0800231e        0x2 e:/windows/programs/arm-gnu-toolchain-12.2.mpacbti-bet1-mingw-w64-i686-arm-none-eabi/bin/../lib/gcc/arm-none-eabi/12.2.0/thumb/v7-m/nofp\libc_nano.a(libc_a-lock.o)
                0x0800231e                __retarget_lock_release_recursive
 .text._free_r  0x08002320       0x90 e:/windows/programs/arm-gnu-toolchain-12.2.mpacbti-bet1-mingw-w64-i686-arm-none-eabi/bin/../lib/gcc/arm-none-eabi/12.2.0/thumb/v7-m/nofp\libc_nano.a(libc_a-freer.o)
                0x08002320                _free_r
 .text.malloc   0x080023b0       0x10 e:/windows/programs/arm-gnu-toolchain-12.2.mpacbti-bet1-mingw-w64-i686-arm-none-eabi/bin/../lib/gcc/arm-none-eabi/12.2.0/thumb/v7-m/nofp\libc_nano.a(libc_a-malloc.o)
                0x080023b0                malloc
 .text.sbrk_aligned
                0x080023c0       0x44 e:/windows/programs/arm-gnu-toolchain-12.2.mpacbti-bet1-mingw-w64-i686-arm-none-eabi/bin/../lib/gcc/arm-none-eabi/12.2.0/thumb/v7-m/nofp\libc_nano.a(libc_a-mallocr.o)
 .text._malloc_r
                0x08002404       0xe0 e:/windows/programs/arm-gnu-toolchain-12.2.mpacbti-bet1-mingw-w64-i686-arm-none-eabi/bin/../lib/gcc/arm-none-eabi/12.2.0/thumb/v7-m/nofp\libc_nano.a(libc_a-mallocr.o)
                0x08002404                _malloc_r
 .text.__malloc_lock
                0x080024e4        0xc e:/windows/programs/arm-gnu-toolchain-12.2.mpacbti-bet1-mingw-w64-i686-arm-none-eabi/bin/../lib/gcc/arm-none-eabi/12.2.0/thumb/v7-m/nofp\libc_nano.a(libc_a-mlock.o)
                0x080024e4                __malloc_lock
 .text.__malloc_unlock
                0x080024f0        0xc e:/windows/programs/arm-gnu-toolchain-12.2.mpacbti-bet1-mingw-w64-i686-arm-none-eabi/bin/../lib/gcc/arm-none-eabi/12.2.0/thumb/v7-m/nofp\libc_nano.a(libc_a-mlock.o)
                0x080024f0                __malloc_unlock
 .text.__sfputc_r
                0x080024fc       0x2a e:/windows/programs/arm-gnu-toolchain-12.2.mpacbti-bet1-mingw-w64-i686-arm-none-eabi/bin/../lib/gcc/arm-none-eabi/12.2.0/thumb/v7-m/nofp\libc_nano.a(libc_a-nano-vfprintf.o)
 .text.__sfputs_r
                0x08002526       0x24 e:/windows/programs/arm-gnu-toolchain-12.2.mpacbti-bet1-mingw-w64-i686-arm-none-eabi/bin/../lib/gcc/arm-none-eabi/12.2.0/thumb/v7-m/nofp\libc_nano.a(libc_a-nano-vfprintf.o)
                0x08002526                __sfputs_r
 *fill*         0x0800254a        0x2 
 .text._vfprintf_r
                0x0800254c      0x230 e:/windows/programs/arm-gnu-toolchain-12.2.mpacbti-bet1-mingw-w64-i686-arm-none-eabi/bin/../lib/gcc/arm-none-eabi/12.2.0/thumb/v7-m/nofp\libc_nano.a(libc_a-nano-vfprintf.o)
                0x0800254c                _vfprintf_r
                0x0800254c                _vfiprintf_r
 .text._printf_common
                0x0800277c       0xe4 e:/windows/programs/arm-gnu-toolchain-12.2.mpacbti-bet1-mingw-w64-i686-arm-none-eabi/bin/../lib/gcc/arm-none-eabi/12.2.0/thumb/v7-m/nofp\libc_nano.a(libc_a-nano-vfprintf_i.o)
                0x0800277c                _printf_common
 .text._printf_i
                0x08002860      0x25c e:/windows/programs/arm-gnu-toolchain-12.2.mpacbti-bet1-mingw-w64-i686-arm-none-eabi/bin/../lib/gcc/arm-none-eabi/12.2.0/thumb/v7-m/nofp\libc_nano.a(libc_a-nano-vfprintf_i.o)
                0x08002860                _printf_i
 .text.__sflush_r
                0x08002abc      0x100 e:/windows/programs/arm-gnu-toolchain-12.2.mpacbti-bet1-mingw-w64-i686-arm-none-eabi/bin/../lib/gcc/arm-none-eabi/12.2.0/thumb/v7-m/nofp\libc_nano.a(libc_a-fflush.o)
                0x08002abc                __sflush_r
 .text._fflush_r
                0x08002bbc       0x50 e:/windows/programs/arm-gnu-toolchain-12.2.mpacbti-bet1-mingw-w64-i686-arm-none-eabi/bin/../lib/gcc/arm-none-eabi/12.2.0/thumb/v7-m/nofp\libc_nano.a(libc_a-fflush.o)
                0x08002bbc                _fflush_r
 .text.__swhatbuf_r
                0x08002c0c       0x4a e:/windows/programs/arm-gnu-toolchain-12.2.mpacbti-bet1-mingw-w64-i686-arm-none-eabi/bin/../lib/gcc/arm-none-eabi/12.2.0/thumb/v7-m/nofp\libc_nano.a(libc_a-makebuf.o)
                0x08002c0c                __swhatbuf_r
 .text.__smakebuf_r
                0x08002c56       0x78 e:/windows/programs/arm-gnu-toolchain-12.2.mpacbti-bet1-mingw-w64-i686-arm-none-eabi/bin/../lib/gcc/arm-none-eabi/12.2.0/thumb/v7-m/nofp\libc_nano.a(libc_a-makebuf.o)
                0x08002c56                __smakebuf_r
 *fill*         0x08002cce        0x2 
 .text._fstat_r
                0x08002cd0       0x24 e:/windows/programs/arm-gnu-toolchain-12.2.mpacbti-bet1-mingw-w64-i686-arm-none-eabi/bin/../lib/gcc/arm-none-eabi/12.2.0/thumb/v7-m/nofp\libc_nano.a(libc_a-fstatr.o)
                0x08002cd0                _fstat_r
 .text._isatty_r
                0x08002cf4       0x20 e:/windows/programs/arm-gnu-toolchain-12.2.mpacbti-bet1-mingw-w64-i686-arm-none-eabi/bin/../lib/gcc/arm-none-eabi/12.2.0/thumb/v7-m/nofp\libc_nano.a(libc_a-isattyr.o)
                0x08002cf4                _isatty_r
 .text._sbrk_r  0x08002d14       0x20 e:/windows/programs/arm-gnu-toolchain-12.2.mpacbti-bet1-mingw-w64-i686-arm-none-eabi/bin/../lib/gcc/arm-none-eabi/12.2.0/thumb/v7-m/nofp\libc_nano.a(libc_a-sbrkr.o)
                0x08002d14                _sbrk_r
 .text.memchr   0x08002d34       0x1c e:/windows/programs/arm-gnu-toolchain-12.2.mpacbti-bet1-mingw-w64-i686-arm-none-eabi/bin/../lib/gcc/arm-none-eabi/12.2.0/thumb/v7-m/nofp\libc_nano.a(libc_a-memchr-stub.o)
                0x08002d34                memchr
 .text._close   0x08002d50       0x10 e:/windows/programs/arm-gnu-toolchain-12.2.mpacbti-bet1-mingw-w64-i686-arm-none-eabi/bin/../lib/gcc/arm-none-eabi/12.2.0/thumb/v7-m/nofp\libnosys.a(close.o)
                0x08002d50                _close
 .text._fstat   0x08002d60       0x10 e:/windows/programs/arm-gnu-toolchain-12.2.mpacbti-bet1-mingw-w64-i686-arm-none-eabi/bin/../lib/gcc/arm-none-eabi/12.2.0/thumb/v7-m/nofp\libnosys.a(fstat.o)
                0x08002d60                _fstat
 .text._isatty  0x08002d70       0x10 e:/windows/programs/arm-gnu-toolchain-12.2.mpacbti-bet1-mingw-w64-i686-arm-none-eabi/bin/../lib/gcc/arm-none-eabi/12.2.0/thumb/v7-m/nofp\libnosys.a(isatty.o)
                0x08002d70                _isatty
 .text._lseek   0x08002d80       0x10 e:/windows/programs/arm-gnu-toolchain-12.2.mpacbti-bet1-mingw-w64-i686-arm-none-eabi/bin/../lib/gcc/arm-none-eabi/12.2.0/thumb/v7-m/nofp\libnosys.a(lseek.o)
                0x08002d80                _lseek
 .text._read    0x08002d90       0x10 e:/windows/programs/arm-gnu-toolchain-12.2.mpacbti-bet1-mingw-w64-i686-arm-none-eabi/bin/../lib/gcc/arm-none-eabi/12.2.0/thumb/v7-m/nofp\libnosys.a(read.o)
                0x08002d90                _read
 .text._sbrk    0x08002da0       0x1c e:/windows/programs/arm-gnu-toolchain-12.2.mpacbti-bet1-mingw-w64-i686-arm-none-eabi/bin/../lib/gcc/arm-none-eabi/12.2.0/thumb/v7-m/nofp\libnosys.a(sbrk.o)
                0x08002da0                _sbrk
 *(.glue_7)
 .glue_7        0x08002dbc        0x0 linker stubs
 *(.glue_7t)
 .glue_7t       0x08002dbc        0x0 linker stubs
 *(.eh_frame)
 .eh_frame      0x08002dbc        0x0 e:/windows/programs/arm-gnu-toolchain-12.2.mpacbti-bet1-mingw-w64-i686-arm-none-eabi/bin/../lib/gcc/arm-none-eabi/12.2.0/thumb/v7-m/nofp/crtbegin.o
 *(.init)
 .init          0x08002dbc        0x4 e:/windows/programs/arm-gnu-toolchain-12.2.mpacbti-bet1-mingw-w64-i686-arm-none-eabi/bin/../lib/gcc/arm-none-eabi/12.2.0/thumb/v7-m/nofp/crti.o
                0x08002dbc                _init
 .init          0x08002dc0        0x8 e:/windows/programs/arm-gnu-toolchain-12.2.mpacbti-bet1-mingw-w64-i686-arm-none-eabi/bin/../lib/gcc/arm-none-eabi/12.2.0/thumb/v7-m/nofp/crtn.o
 *(.fini)
 .fini          0x08002dc8        0x4 e:/windows/programs/arm-gnu-toolchain-12.2.mpacbti-bet1-mingw-w64-i686-arm-none-eabi/bin/../lib/gcc/arm-none-eabi/12.2.0/thumb/v7-m/nofp/crti.o
                0x08002dc8                _fini
 .fini          0x08002dcc        0x8 e:/windows/programs/arm-gnu-toolchain-12.2.mpacbti-bet1-mingw-w64-i686-arm-none-eabi/bin/../lib/gcc/arm-none-eabi/12.2.0/thumb/v7-m/nofp/crtn.o
                0x08002dd4                        . = ALIGN (0x4)
                0x08002dd4                        _etext = .

.vfp11_veneer   0x08002dd4        0x0
 .vfp11_veneer  0x08002dd4        0x0 linker stubs

.v4_bx          0x08002dd4        0x0
 .v4_bx         0x08002dd4        0x0 linker stubs

.iplt           0x08002dd4        0x0
 .iplt          0x08002dd4        0x0 e:/windows/programs/arm-gnu-toolchain-12.2.mpacbti-bet1-mingw-w64-i686-arm-none-eabi/bin/../lib/gcc/arm-none-eabi/12.2.0/thumb/v7-m/nofp/crtbegin.o

.rodata         0x08002dd4      0x22c
                0x08002dd4                        . = ALIGN (0x4)
 *(.rodata)
 .rodata        0x08002dd4       0x1c OBJ/USART.o
 *(.rodata*)
 .rodata.__Flash_EX_Byte_Impl.str1.4
                0x08002df0       0x25 OBJ/exFlash.o
 *fill*         0x08002e15        0x3 
 .rodata.Flash_EX_Send_Byte.str1.4
                0x08002e18       0x23 OBJ/exFlash.o
 *fill*         0x08002e3b        0x1 
 .rodata.Flash_EX_Check_JEDEC_ID.str1.4
                0x08002e3c       0x36 OBJ/exFlash.o
 *fill*         0x08002e72        0x2 
 .rodata.Flash_EX_Run.str1.4
                0x08002e74       0x32 OBJ/exFlash.o
 *fill*         0x08002ea6        0x2 
 .rodata.__FUNCTION__.0
                0x08002ea8        0xd OBJ/exFlash.o
 *fill*         0x08002eb5        0x3 
 .rodata.__FUNCTION__.1
                0x08002eb8        0xf OBJ/exFlash.o
 *fill*         0x08002ec7        0x1 
 .rodata.__FUNCTION__.2
                0x08002ec8       0x18 OBJ/exFlash.o
 .rodata.__FUNCTION__.3
                0x08002ee0       0x12 OBJ/exFlash.o
 *fill*         0x08002ef2        0x2 
 .rodata.__FUNCTION__.4
                0x08002ef4        0xe OBJ/exFlash.o
 *fill*         0x08002f02        0x2 
 .rodata.__FUNCTION__.5
                0x08002f04       0x16 OBJ/exFlash.o
 *fill*         0x08002f1a        0x2 
 .rodata.__FUNCTION__.6
                0x08002f1c       0x11 OBJ/exFlash.o
 *fill*         0x08002f2d        0x3 
 .rodata.__FUNCTION__.7
                0x08002f30       0x17 OBJ/exFlash.o
 *fill*         0x08002f47        0x1 
 .rodata.__FUNCTION__.8
                0x08002f48       0x16 OBJ/exFlash.o
 *fill*         0x08002f5e        0x2 
 .rodata.__FUNCTION__.9
                0x08002f60       0x18 OBJ/exFlash.o
 .rodata.__FUNCTION__.10
                0x08002f78       0x11 OBJ/exFlash.o
 *fill*         0x08002f89        0x3 
 .rodata.__FUNCTION__.11
                0x08002f8c       0x16 OBJ/exFlash.o
 *fill*         0x08002fa2        0x2 
 .rodata.__FUNCTION__.12
                0x08002fa4       0x13 OBJ/exFlash.o
 *fill*         0x08002fb7        0x1 
 .rodata.__FUNCTION__.13
                0x08002fb8       0x15 OBJ/exFlash.o
 .rodata._vfprintf_r.str1.1
                0x08002fcd       0x11 e:/windows/programs/arm-gnu-toolchain-12.2.mpacbti-bet1-mingw-w64-i686-arm-none-eabi/bin/../lib/gcc/arm-none-eabi/12.2.0/thumb/v7-m/nofp\libc_nano.a(libc_a-nano-vfprintf.o)
 .rodata._printf_i.str1.1
                0x08002fde       0x22 e:/windows/programs/arm-gnu-toolchain-12.2.mpacbti-bet1-mingw-w64-i686-arm-none-eabi/bin/../lib/gcc/arm-none-eabi/12.2.0/thumb/v7-m/nofp\libc_nano.a(libc_a-nano-vfprintf_i.o)
                0x08003000                        . = ALIGN (0x4)

.rel.dyn        0x08003000        0x0
 .rel.iplt      0x08003000        0x0 e:/windows/programs/arm-gnu-toolchain-12.2.mpacbti-bet1-mingw-w64-i686-arm-none-eabi/bin/../lib/gcc/arm-none-eabi/12.2.0/thumb/v7-m/nofp/crtbegin.o

.ARM.extab
 *(.ARM.extab* .gnu.linkonce.armextab.*)

.ARM            0x08003000        0x0
                0x08003000                        __exidx_start = .
 *(.ARM.exidx*)
                0x08003000                        __exidx_end = .

.preinit_array  0x08003000        0x0
                0x08003000                        PROVIDE (__preinit_array_start = .)
 *(.preinit_array*)
                0x08003000                        PROVIDE (__preinit_array_end = .)

.init_array     0x08003000        0x4
                0x08003000                        PROVIDE (__init_array_start = .)
 *(SORT_BY_NAME(.init_array.*))
 *(.init_array*)
 .init_array    0x08003000        0x4 e:/windows/programs/arm-gnu-toolchain-12.2.mpacbti-bet1-mingw-w64-i686-arm-none-eabi/bin/../lib/gcc/arm-none-eabi/12.2.0/thumb/v7-m/nofp/crtbegin.o
                0x08003004                        PROVIDE (__init_array_end = .)

.fini_array     0x08003004        0x4
                [!provide]                        PROVIDE (__fini_array_start = .)
 *(SORT_BY_NAME(.fini_array.*))
 *(.fini_array*)
 .fini_array    0x08003004        0x4 e:/windows/programs/arm-gnu-toolchain-12.2.mpacbti-bet1-mingw-w64-i686-arm-none-eabi/bin/../lib/gcc/arm-none-eabi/12.2.0/thumb/v7-m/nofp/crtbegin.o
                [!provide]                        PROVIDE (__fini_array_end = .)
                0x08003008                        _sidata = LOADADDR (.data)

.data           0x20000000       0xb4 load address 0x08003008
                0x20000000                        . = ALIGN (0x4)
                0x20000000                        _sdata = .
 *(.data)
 *(.data*)
 .data.ADCPrescTable
                0x20000000        0x4 OBJ/stm32f10x_rcc.o
 .data.APBAHBPrescTable
                0x20000004       0x10 OBJ/stm32f10x_rcc.o
 .data.SystemCoreClock
                0x20000014        0x4 OBJ/system_stm32f10x.o
                0x20000014                SystemCoreClock
 .data.Counter  0x20000018        0x1 OBJ/wwdg.o
 *fill*         0x20000019        0x3 
 .data.errInfo  0x2000001c       0x3c OBJ/exFlash.o
 .data.__sglue  0x20000058        0xc e:/windows/programs/arm-gnu-toolchain-12.2.mpacbti-bet1-mingw-w64-i686-arm-none-eabi/bin/../lib/gcc/arm-none-eabi/12.2.0/thumb/v7-m/nofp\libc_nano.a(libc_a-findfp.o)
                0x20000058                __sglue
 .data._impure_ptr
                0x20000064        0x4 e:/windows/programs/arm-gnu-toolchain-12.2.mpacbti-bet1-mingw-w64-i686-arm-none-eabi/bin/../lib/gcc/arm-none-eabi/12.2.0/thumb/v7-m/nofp\libc_nano.a(libc_a-impure.o)
                0x20000064                _impure_ptr
 .data._impure_data
                0x20000068       0x4c e:/windows/programs/arm-gnu-toolchain-12.2.mpacbti-bet1-mingw-w64-i686-arm-none-eabi/bin/../lib/gcc/arm-none-eabi/12.2.0/thumb/v7-m/nofp\libc_nano.a(libc_a-impure.o)
                0x20000068                _impure_data
                0x200000b4                        . = ALIGN (0x4)
                0x200000b4                        _edata = .

.tm_clone_table
                0x200000b4        0x0 load address 0x080030bc
 .tm_clone_table
                0x200000b4        0x0 e:/windows/programs/arm-gnu-toolchain-12.2.mpacbti-bet1-mingw-w64-i686-arm-none-eabi/bin/../lib/gcc/arm-none-eabi/12.2.0/thumb/v7-m/nofp/crtbegin.o
 .tm_clone_table
                0x200000b4        0x0 e:/windows/programs/arm-gnu-toolchain-12.2.mpacbti-bet1-mingw-w64-i686-arm-none-eabi/bin/../lib/gcc/arm-none-eabi/12.2.0/thumb/v7-m/nofp/crtend.o

.igot.plt       0x200000b4        0x0 load address 0x080030bc
 .igot.plt      0x200000b4        0x0 e:/windows/programs/arm-gnu-toolchain-12.2.mpacbti-bet1-mingw-w64-i686-arm-none-eabi/bin/../lib/gcc/arm-none-eabi/12.2.0/thumb/v7-m/nofp/crtbegin.o
                0x200000b4                        . = ALIGN (0x4)

.bss            0x200000b4      0x17c load address 0x080030bc
                0x200000b4                        _sbss = .
                0x200000b4                        __bss_start__ = _sbss
 *(.bss)
 *(.bss*)
 .bss.completed.1
                0x200000b4        0x1 e:/windows/programs/arm-gnu-toolchain-12.2.mpacbti-bet1-mingw-w64-i686-arm-none-eabi/bin/../lib/gcc/arm-none-eabi/12.2.0/thumb/v7-m/nofp/crtbegin.o
 *fill*         0x200000b5        0x3 
 .bss.object.0  0x200000b8       0x18 e:/windows/programs/arm-gnu-toolchain-12.2.mpacbti-bet1-mingw-w64-i686-arm-none-eabi/bin/../lib/gcc/arm-none-eabi/12.2.0/thumb/v7-m/nofp/crtbegin.o
 .bss.fac_ms    0x200000d0        0x2 OBJ/delay.o
 .bss.fac_us    0x200000d2        0x1 OBJ/delay.o
 .bss.captured  0x200000d3        0x1 OBJ/cap.o
 .bss.value     0x200000d4        0x2 OBJ/cap.o
 *fill*         0x200000d6        0x2 
 .bss.cycles    0x200000d8        0x4 OBJ/cap.o
 .bss.polarity  0x200000dc        0x2 OBJ/cap.o
 *fill*         0x200000de        0x2 
 .bss.__sf      0x200000e0      0x138 e:/windows/programs/arm-gnu-toolchain-12.2.mpacbti-bet1-mingw-w64-i686-arm-none-eabi/bin/../lib/gcc/arm-none-eabi/12.2.0/thumb/v7-m/nofp\libc_nano.a(libc_a-findfp.o)
                0x200000e0                __sf
 .bss.__stdio_exit_handler
                0x20000218        0x4 e:/windows/programs/arm-gnu-toolchain-12.2.mpacbti-bet1-mingw-w64-i686-arm-none-eabi/bin/../lib/gcc/arm-none-eabi/12.2.0/thumb/v7-m/nofp\libc_nano.a(libc_a-findfp.o)
                0x20000218                __stdio_exit_handler
 .bss.errno     0x2000021c        0x4 e:/windows/programs/arm-gnu-toolchain-12.2.mpacbti-bet1-mingw-w64-i686-arm-none-eabi/bin/../lib/gcc/arm-none-eabi/12.2.0/thumb/v7-m/nofp\libc_nano.a(libc_a-reent.o)
                0x2000021c                errno
 .bss.__lock___malloc_recursive_mutex
                0x20000220        0x1 e:/windows/programs/arm-gnu-toolchain-12.2.mpacbti-bet1-mingw-w64-i686-arm-none-eabi/bin/../lib/gcc/arm-none-eabi/12.2.0/thumb/v7-m/nofp\libc_nano.a(libc_a-lock.o)
                0x20000220                __lock___malloc_recursive_mutex
 .bss.__lock___sfp_recursive_mutex
                0x20000221        0x1 e:/windows/programs/arm-gnu-toolchain-12.2.mpacbti-bet1-mingw-w64-i686-arm-none-eabi/bin/../lib/gcc/arm-none-eabi/12.2.0/thumb/v7-m/nofp\libc_nano.a(libc_a-lock.o)
                0x20000221                __lock___sfp_recursive_mutex
 *fill*         0x20000222        0x2 
 .bss.__malloc_sbrk_start
                0x20000224        0x4 e:/windows/programs/arm-gnu-toolchain-12.2.mpacbti-bet1-mingw-w64-i686-arm-none-eabi/bin/../lib/gcc/arm-none-eabi/12.2.0/thumb/v7-m/nofp\libc_nano.a(libc_a-mallocr.o)
                0x20000224                __malloc_sbrk_start
 .bss.__malloc_free_list
                0x20000228        0x4 e:/windows/programs/arm-gnu-toolchain-12.2.mpacbti-bet1-mingw-w64-i686-arm-none-eabi/bin/../lib/gcc/arm-none-eabi/12.2.0/thumb/v7-m/nofp\libc_nano.a(libc_a-mallocr.o)
                0x20000228                __malloc_free_list
 .bss.heap_end.0
                0x2000022c        0x4 e:/windows/programs/arm-gnu-toolchain-12.2.mpacbti-bet1-mingw-w64-i686-arm-none-eabi/bin/../lib/gcc/arm-none-eabi/12.2.0/thumb/v7-m/nofp\libnosys.a(sbrk.o)
 *(COMMON)
                0x20000230                        . = ALIGN (0x4)
                0x20000230                        _ebss = .
                0x20000230                        __bss_end__ = _ebss

._user_heap_stack
                0x20000230      0x600 load address 0x080030bc
                0x20000230                        . = ALIGN (0x8)
                0x20000230                        PROVIDE (end = .)
                [!provide]                        PROVIDE (_end = .)
                0x20000430                        . = (. + _Min_Heap_Size)
 *fill*         0x20000230      0x200 
                0x20000830                        . = (. + _Min_Stack_Size)
 *fill*         0x20000430      0x400 
                0x20000830                        . = ALIGN (0x8)

/DISCARD/
 libc.a(*)
 libm.a(*)
 libgcc.a(*)

.ARM.attributes
                0x00000000       0x29
 *(.ARM.attributes)
 .ARM.attributes
                0x00000000       0x1d e:/windows/programs/arm-gnu-toolchain-12.2.mpacbti-bet1-mingw-w64-i686-arm-none-eabi/bin/../lib/gcc/arm-none-eabi/12.2.0/thumb/v7-m/nofp/crti.o
 .ARM.attributes
                0x0000001d       0x2d e:/windows/programs/arm-gnu-toolchain-12.2.mpacbti-bet1-mingw-w64-i686-arm-none-eabi/bin/../lib/gcc/arm-none-eabi/12.2.0/thumb/v7-m/nofp/crtbegin.o
 .ARM.attributes
                0x0000004a       0x2d OBJ/misc.o
 .ARM.attributes
                0x00000077       0x2d OBJ/stm32f10x_rcc.o
 .ARM.attributes
                0x000000a4       0x2d OBJ/stm32f10x_gpio.o
 .ARM.attributes
                0x000000d1       0x2d OBJ/stm32f10x_usart.o
 .ARM.attributes
                0x000000fe       0x2d OBJ/stm32f10x_exti.o
 .ARM.attributes
                0x0000012b       0x2d OBJ/stm32f10x_wwdg.o
 .ARM.attributes
                0x00000158       0x2d OBJ/stm32f10x_tim.o
 .ARM.attributes
                0x00000185       0x2d OBJ/stm32f10x_spi.o
 .ARM.attributes
                0x000001b2       0x2d OBJ/delay.o
 .ARM.attributes
                0x000001df       0x2d OBJ/stm32f10x_it.o
 .ARM.attributes
                0x0000020c       0x2d OBJ/system_stm32f10x.o
 .ARM.attributes
                0x00000239       0x2d OBJ/main.o
 .ARM.attributes
                0x00000266       0x2d OBJ/USART.o
 .ARM.attributes
                0x00000293       0x2d OBJ/exti.o
 .ARM.attributes
                0x000002c0       0x2d OBJ/wwdg.o
 .ARM.attributes
                0x000002ed       0x2d OBJ/tim.o
 .ARM.attributes
                0x0000031a       0x2d OBJ/cap.o
 .ARM.attributes
                0x00000347       0x2d OBJ/exFlash.o
 .ARM.attributes
                0x00000374       0x21 OBJ/startup_stm32f103xe.o
 .ARM.attributes
                0x00000395       0x2d e:/windows/programs/arm-gnu-toolchain-12.2.mpacbti-bet1-mingw-w64-i686-arm-none-eabi/bin/../lib/gcc/arm-none-eabi/12.2.0/thumb/v7-m/nofp\libc_nano.a(libc_a-findfp.o)
 .ARM.attributes
                0x000003c2       0x2d e:/windows/programs/arm-gnu-toolchain-12.2.mpacbti-bet1-mingw-w64-i686-arm-none-eabi/bin/../lib/gcc/arm-none-eabi/12.2.0/thumb/v7-m/nofp\libc_nano.a(libc_a-fprintf.o)
 .ARM.attributes
                0x000003ef       0x2d e:/windows/programs/arm-gnu-toolchain-12.2.mpacbti-bet1-mingw-w64-i686-arm-none-eabi/bin/../lib/gcc/arm-none-eabi/12.2.0/thumb/v7-m/nofp\libc_nano.a(libc_a-fwalk.o)
 .ARM.attributes
                0x0000041c       0x2d e:/windows/programs/arm-gnu-toolchain-12.2.mpacbti-bet1-mingw-w64-i686-arm-none-eabi/bin/../lib/gcc/arm-none-eabi/12.2.0/thumb/v7-m/nofp\libc_nano.a(libc_a-printf.o)
 .ARM.attributes
                0x00000449       0x2d e:/windows/programs/arm-gnu-toolchain-12.2.mpacbti-bet1-mingw-w64-i686-arm-none-eabi/bin/../lib/gcc/arm-none-eabi/12.2.0/thumb/v7-m/nofp\libc_nano.a(libc_a-puts.o)
 .ARM.attributes
                0x00000476       0x2d e:/windows/programs/arm-gnu-toolchain-12.2.mpacbti-bet1-mingw-w64-i686-arm-none-eabi/bin/../lib/gcc/arm-none-eabi/12.2.0/thumb/v7-m/nofp\libc_nano.a(libc_a-setvbuf.o)
 .ARM.attributes
                0x000004a3       0x2d e:/windows/programs/arm-gnu-toolchain-12.2.mpacbti-bet1-mingw-w64-i686-arm-none-eabi/bin/../lib/gcc/arm-none-eabi/12.2.0/thumb/v7-m/nofp\libc_nano.a(libc_a-stdio.o)
 .ARM.attributes
                0x000004d0       0x2d e:/windows/programs/arm-gnu-toolchain-12.2.mpacbti-bet1-mingw-w64-i686-arm-none-eabi/bin/../lib/gcc/arm-none-eabi/12.2.0/thumb/v7-m/nofp\libc_nano.a(libc_a-wbuf.o)
 .ARM.attributes
                0x000004fd       0x2d e:/windows/programs/arm-gnu-toolchain-12.2.mpacbti-bet1-mingw-w64-i686-arm-none-eabi/bin/../lib/gcc/arm-none-eabi/12.2.0/thumb/v7-m/nofp\libc_nano.a(libc_a-wsetup.o)
 .ARM.attributes
                0x0000052a       0x2d e:/windows/programs/arm-gnu-toolchain-12.2.mpacbti-bet1-mingw-w64-i686-arm-none-eabi/bin/../lib/gcc/arm-none-eabi/12.2.0/thumb/v7-m/nofp\libc_nano.a(libc_a-memset.o)
 .ARM.attributes
                0x00000557       0x2d e:/windows/programs/arm-gnu-toolchain-12.2.mpacbti-bet1-mingw-w64-i686-arm-none-eabi/bin/../lib/gcc/arm-none-eabi/12.2.0/thumb/v7-m/nofp\libc_nano.a(libc_a-closer.o)
 .ARM.attributes
                0x00000584       0x2d e:/windows/programs/arm-gnu-toolchain-12.2.mpacbti-bet1-mingw-w64-i686-arm-none-eabi/bin/../lib/gcc/arm-none-eabi/12.2.0/thumb/v7-m/nofp\libc_nano.a(libc_a-reent.o)
 .ARM.attributes
                0x000005b1       0x2d e:/windows/programs/arm-gnu-toolchain-12.2.mpacbti-bet1-mingw-w64-i686-arm-none-eabi/bin/../lib/gcc/arm-none-eabi/12.2.0/thumb/v7-m/nofp\libc_nano.a(libc_a-impure.o)
 .ARM.attributes
                0x000005de       0x2d e:/windows/programs/arm-gnu-toolchain-12.2.mpacbti-bet1-mingw-w64-i686-arm-none-eabi/bin/../lib/gcc/arm-none-eabi/12.2.0/thumb/v7-m/nofp\libc_nano.a(libc_a-lseekr.o)
 .ARM.attributes
                0x0000060b       0x2d e:/windows/programs/arm-gnu-toolchain-12.2.mpacbti-bet1-mingw-w64-i686-arm-none-eabi/bin/../lib/gcc/arm-none-eabi/12.2.0/thumb/v7-m/nofp\libc_nano.a(libc_a-readr.o)
 .ARM.attributes
                0x00000638       0x2d e:/windows/programs/arm-gnu-toolchain-12.2.mpacbti-bet1-mingw-w64-i686-arm-none-eabi/bin/../lib/gcc/arm-none-eabi/12.2.0/thumb/v7-m/nofp\libc_nano.a(libc_a-writer.o)
 .ARM.attributes
                0x00000665       0x2d e:/windows/programs/arm-gnu-toolchain-12.2.mpacbti-bet1-mingw-w64-i686-arm-none-eabi/bin/../lib/gcc/arm-none-eabi/12.2.0/thumb/v7-m/nofp\libc_nano.a(libc_a-init.o)
 .ARM.attributes
                0x00000692       0x2d e:/windows/programs/arm-gnu-toolchain-12.2.mpacbti-bet1-mingw-w64-i686-arm-none-eabi/bin/../lib/gcc/arm-none-eabi/12.2.0/thumb/v7-m/nofp\libc_nano.a(libc_a-lock.o)
 .ARM.attributes
                0x000006bf       0x2d e:/windows/programs/arm-gnu-toolchain-12.2.mpacbti-bet1-mingw-w64-i686-arm-none-eabi/bin/../lib/gcc/arm-none-eabi/12.2.0/thumb/v7-m/nofp\libc_nano.a(libc_a-freer.o)
 .ARM.attributes
                0x000006ec       0x2d e:/windows/programs/arm-gnu-toolchain-12.2.mpacbti-bet1-mingw-w64-i686-arm-none-eabi/bin/../lib/gcc/arm-none-eabi/12.2.0/thumb/v7-m/nofp\libc_nano.a(libc_a-malloc.o)
 .ARM.attributes
                0x00000719       0x2d e:/windows/programs/arm-gnu-toolchain-12.2.mpacbti-bet1-mingw-w64-i686-arm-none-eabi/bin/../lib/gcc/arm-none-eabi/12.2.0/thumb/v7-m/nofp\libc_nano.a(libc_a-mallocr.o)
 .ARM.attributes
                0x00000746       0x2d e:/windows/programs/arm-gnu-toolchain-12.2.mpacbti-bet1-mingw-w64-i686-arm-none-eabi/bin/../lib/gcc/arm-none-eabi/12.2.0/thumb/v7-m/nofp\libc_nano.a(libc_a-mlock.o)
 .ARM.attributes
                0x00000773       0x2d e:/windows/programs/arm-gnu-toolchain-12.2.mpacbti-bet1-mingw-w64-i686-arm-none-eabi/bin/../lib/gcc/arm-none-eabi/12.2.0/thumb/v7-m/nofp\libc_nano.a(libc_a-nano-vfprintf.o)
 .ARM.attributes
                0x000007a0       0x2d e:/windows/programs/arm-gnu-toolchain-12.2.mpacbti-bet1-mingw-w64-i686-arm-none-eabi/bin/../lib/gcc/arm-none-eabi/12.2.0/thumb/v7-m/nofp\libc_nano.a(libc_a-nano-vfprintf_i.o)
 .ARM.attributes
                0x000007cd       0x2d e:/windows/programs/arm-gnu-toolchain-12.2.mpacbti-bet1-mingw-w64-i686-arm-none-eabi/bin/../lib/gcc/arm-none-eabi/12.2.0/thumb/v7-m/nofp\libc_nano.a(libc_a-fflush.o)
 .ARM.attributes
                0x000007fa       0x2d e:/windows/programs/arm-gnu-toolchain-12.2.mpacbti-bet1-mingw-w64-i686-arm-none-eabi/bin/../lib/gcc/arm-none-eabi/12.2.0/thumb/v7-m/nofp\libc_nano.a(libc_a-makebuf.o)
 .ARM.attributes
                0x00000827       0x2d e:/windows/programs/arm-gnu-toolchain-12.2.mpacbti-bet1-mingw-w64-i686-arm-none-eabi/bin/../lib/gcc/arm-none-eabi/12.2.0/thumb/v7-m/nofp\libc_nano.a(libc_a-fstatr.o)
 .ARM.attributes
                0x00000854       0x2d e:/windows/programs/arm-gnu-toolchain-12.2.mpacbti-bet1-mingw-w64-i686-arm-none-eabi/bin/../lib/gcc/arm-none-eabi/12.2.0/thumb/v7-m/nofp\libc_nano.a(libc_a-isattyr.o)
 .ARM.attributes
                0x00000881       0x2d e:/windows/programs/arm-gnu-toolchain-12.2.mpacbti-bet1-mingw-w64-i686-arm-none-eabi/bin/../lib/gcc/arm-none-eabi/12.2.0/thumb/v7-m/nofp\libc_nano.a(libc_a-sbrkr.o)
 .ARM.attributes
                0x000008ae       0x2d e:/windows/programs/arm-gnu-toolchain-12.2.mpacbti-bet1-mingw-w64-i686-arm-none-eabi/bin/../lib/gcc/arm-none-eabi/12.2.0/thumb/v7-m/nofp\libc_nano.a(libc_a-memchr-stub.o)
 .ARM.attributes
                0x000008db       0x2d e:/windows/programs/arm-gnu-toolchain-12.2.mpacbti-bet1-mingw-w64-i686-arm-none-eabi/bin/../lib/gcc/arm-none-eabi/12.2.0/thumb/v7-m/nofp\libnosys.a(close.o)
 .ARM.attributes
                0x00000908       0x2d e:/windows/programs/arm-gnu-toolchain-12.2.mpacbti-bet1-mingw-w64-i686-arm-none-eabi/bin/../lib/gcc/arm-none-eabi/12.2.0/thumb/v7-m/nofp\libnosys.a(fstat.o)
 .ARM.attributes
                0x00000935       0x2d e:/windows/programs/arm-gnu-toolchain-12.2.mpacbti-bet1-mingw-w64-i686-arm-none-eabi/bin/../lib/gcc/arm-none-eabi/12.2.0/thumb/v7-m/nofp\libnosys.a(isatty.o)
 .ARM.attributes
                0x00000962       0x2d e:/windows/programs/arm-gnu-toolchain-12.2.mpacbti-bet1-mingw-w64-i686-arm-none-eabi/bin/../lib/gcc/arm-none-eabi/12.2.0/thumb/v7-m/nofp\libnosys.a(lseek.o)
 .ARM.attributes
                0x0000098f       0x2d e:/windows/programs/arm-gnu-toolchain-12.2.mpacbti-bet1-mingw-w64-i686-arm-none-eabi/bin/../lib/gcc/arm-none-eabi/12.2.0/thumb/v7-m/nofp\libnosys.a(read.o)
 .ARM.attributes
                0x000009bc       0x2d e:/windows/programs/arm-gnu-toolchain-12.2.mpacbti-bet1-mingw-w64-i686-arm-none-eabi/bin/../lib/gcc/arm-none-eabi/12.2.0/thumb/v7-m/nofp\libnosys.a(sbrk.o)
 .ARM.attributes
                0x000009e9       0x2d e:/windows/programs/arm-gnu-toolchain-12.2.mpacbti-bet1-mingw-w64-i686-arm-none-eabi/bin/../lib/gcc/arm-none-eabi/12.2.0/thumb/v7-m/nofp/crtend.o
 .ARM.attributes
                0x00000a16       0x1d e:/windows/programs/arm-gnu-toolchain-12.2.mpacbti-bet1-mingw-w64-i686-arm-none-eabi/bin/../lib/gcc/arm-none-eabi/12.2.0/thumb/v7-m/nofp/crtn.o
OUTPUT(OBJ/STM32_STD.elf elf32-littlearm)
LOAD linker stubs
LOAD e:/windows/programs/arm-gnu-toolchain-12.2.mpacbti-bet1-mingw-w64-i686-arm-none-eabi/bin/../lib/gcc/arm-none-eabi/12.2.0/thumb/v7-m/nofp\libc.a
LOAD e:/windows/programs/arm-gnu-toolchain-12.2.mpacbti-bet1-mingw-w64-i686-arm-none-eabi/bin/../lib/gcc/arm-none-eabi/12.2.0/thumb/v7-m/nofp\libm.a
LOAD e:/windows/programs/arm-gnu-toolchain-12.2.mpacbti-bet1-mingw-w64-i686-arm-none-eabi/bin/../lib/gcc/arm-none-eabi/12.2.0/thumb/v7-m/nofp\libgcc.a

.comment        0x00000000       0x4c
 .comment       0x00000000       0x4c e:/windows/programs/arm-gnu-toolchain-12.2.mpacbti-bet1-mingw-w64-i686-arm-none-eabi/bin/../lib/gcc/arm-none-eabi/12.2.0/thumb/v7-m/nofp/crtbegin.o
                                 0x4d (size before relaxing)
 .comment       0x0000004c       0x4d OBJ/misc.o
 .comment       0x0000004c       0x4d OBJ/stm32f10x_rcc.o
 .comment       0x0000004c       0x4d OBJ/stm32f10x_gpio.o
 .comment       0x0000004c       0x4d OBJ/stm32f10x_usart.o
 .comment       0x0000004c       0x4d OBJ/stm32f10x_exti.o
 .comment       0x0000004c       0x4d OBJ/stm32f10x_wwdg.o
 .comment       0x0000004c       0x4d OBJ/stm32f10x_tim.o
 .comment       0x0000004c       0x4d OBJ/stm32f10x_spi.o
 .comment       0x0000004c       0x4d OBJ/delay.o
 .comment       0x0000004c       0x4d OBJ/stm32f10x_it.o
 .comment       0x0000004c       0x4d OBJ/system_stm32f10x.o
 .comment       0x0000004c       0x4d OBJ/main.o
 .comment       0x0000004c       0x4d OBJ/USART.o
 .comment       0x0000004c       0x4d OBJ/exti.o
 .comment       0x0000004c       0x4d OBJ/wwdg.o
 .comment       0x0000004c       0x4d OBJ/tim.o
 .comment       0x0000004c       0x4d OBJ/cap.o
 .comment       0x0000004c       0x4d OBJ/exFlash.o
 .comment       0x0000004c       0x4d e:/windows/programs/arm-gnu-toolchain-12.2.mpacbti-bet1-mingw-w64-i686-arm-none-eabi/bin/../lib/gcc/arm-none-eabi/12.2.0/thumb/v7-m/nofp\libc_nano.a(libc_a-findfp.o)
 .comment       0x0000004c       0x4d e:/windows/programs/arm-gnu-toolchain-12.2.mpacbti-bet1-mingw-w64-i686-arm-none-eabi/bin/../lib/gcc/arm-none-eabi/12.2.0/thumb/v7-m/nofp\libc_nano.a(libc_a-fprintf.o)
 .comment       0x0000004c       0x4d e:/windows/programs/arm-gnu-toolchain-12.2.mpacbti-bet1-mingw-w64-i686-arm-none-eabi/bin/../lib/gcc/arm-none-eabi/12.2.0/thumb/v7-m/nofp\libc_nano.a(libc_a-fwalk.o)
 .comment       0x0000004c       0x4d e:/windows/programs/arm-gnu-toolchain-12.2.mpacbti-bet1-mingw-w64-i686-arm-none-eabi/bin/../lib/gcc/arm-none-eabi/12.2.0/thumb/v7-m/nofp\libc_nano.a(libc_a-printf.o)
 .comment       0x0000004c       0x4d e:/windows/programs/arm-gnu-toolchain-12.2.mpacbti-bet1-mingw-w64-i686-arm-none-eabi/bin/../lib/gcc/arm-none-eabi/12.2.0/thumb/v7-m/nofp\libc_nano.a(libc_a-puts.o)
 .comment       0x0000004c       0x4d e:/windows/programs/arm-gnu-toolchain-12.2.mpacbti-bet1-mingw-w64-i686-arm-none-eabi/bin/../lib/gcc/arm-none-eabi/12.2.0/thumb/v7-m/nofp\libc_nano.a(libc_a-setvbuf.o)
 .comment       0x0000004c       0x4d e:/windows/programs/arm-gnu-toolchain-12.2.mpacbti-bet1-mingw-w64-i686-arm-none-eabi/bin/../lib/gcc/arm-none-eabi/12.2.0/thumb/v7-m/nofp\libc_nano.a(libc_a-stdio.o)
 .comment       0x0000004c       0x4d e:/windows/programs/arm-gnu-toolchain-12.2.mpacbti-bet1-mingw-w64-i686-arm-none-eabi/bin/../lib/gcc/arm-none-eabi/12.2.0/thumb/v7-m/nofp\libc_nano.a(libc_a-wbuf.o)
 .comment       0x0000004c       0x4d e:/windows/programs/arm-gnu-toolchain-12.2.mpacbti-bet1-mingw-w64-i686-arm-none-eabi/bin/../lib/gcc/arm-none-eabi/12.2.0/thumb/v7-m/nofp\libc_nano.a(libc_a-wsetup.o)
 .comment       0x0000004c       0x4d e:/windows/programs/arm-gnu-toolchain-12.2.mpacbti-bet1-mingw-w64-i686-arm-none-eabi/bin/../lib/gcc/arm-none-eabi/12.2.0/thumb/v7-m/nofp\libc_nano.a(libc_a-memset.o)
 .comment       0x0000004c       0x4d e:/windows/programs/arm-gnu-toolchain-12.2.mpacbti-bet1-mingw-w64-i686-arm-none-eabi/bin/../lib/gcc/arm-none-eabi/12.2.0/thumb/v7-m/nofp\libc_nano.a(libc_a-closer.o)
 .comment       0x0000004c       0x4d e:/windows/programs/arm-gnu-toolchain-12.2.mpacbti-bet1-mingw-w64-i686-arm-none-eabi/bin/../lib/gcc/arm-none-eabi/12.2.0/thumb/v7-m/nofp\libc_nano.a(libc_a-reent.o)
 .comment       0x0000004c       0x4d e:/windows/programs/arm-gnu-toolchain-12.2.mpacbti-bet1-mingw-w64-i686-arm-none-eabi/bin/../lib/gcc/arm-none-eabi/12.2.0/thumb/v7-m/nofp\libc_nano.a(libc_a-impure.o)
 .comment       0x0000004c       0x4d e:/windows/programs/arm-gnu-toolchain-12.2.mpacbti-bet1-mingw-w64-i686-arm-none-eabi/bin/../lib/gcc/arm-none-eabi/12.2.0/thumb/v7-m/nofp\libc_nano.a(libc_a-lseekr.o)
 .comment       0x0000004c       0x4d e:/windows/programs/arm-gnu-toolchain-12.2.mpacbti-bet1-mingw-w64-i686-arm-none-eabi/bin/../lib/gcc/arm-none-eabi/12.2.0/thumb/v7-m/nofp\libc_nano.a(libc_a-readr.o)
 .comment       0x0000004c       0x4d e:/windows/programs/arm-gnu-toolchain-12.2.mpacbti-bet1-mingw-w64-i686-arm-none-eabi/bin/../lib/gcc/arm-none-eabi/12.2.0/thumb/v7-m/nofp\libc_nano.a(libc_a-writer.o)
 .comment       0x0000004c       0x4d e:/windows/programs/arm-gnu-toolchain-12.2.mpacbti-bet1-mingw-w64-i686-arm-none-eabi/bin/../lib/gcc/arm-none-eabi/12.2.0/thumb/v7-m/nofp\libc_nano.a(libc_a-init.o)
 .comment       0x0000004c       0x4d e:/windows/programs/arm-gnu-toolchain-12.2.mpacbti-bet1-mingw-w64-i686-arm-none-eabi/bin/../lib/gcc/arm-none-eabi/12.2.0/thumb/v7-m/nofp\libc_nano.a(libc_a-lock.o)
 .comment       0x0000004c       0x4d e:/windows/programs/arm-gnu-toolchain-12.2.mpacbti-bet1-mingw-w64-i686-arm-none-eabi/bin/../lib/gcc/arm-none-eabi/12.2.0/thumb/v7-m/nofp\libc_nano.a(libc_a-freer.o)
 .comment       0x0000004c       0x4d e:/windows/programs/arm-gnu-toolchain-12.2.mpacbti-bet1-mingw-w64-i686-arm-none-eabi/bin/../lib/gcc/arm-none-eabi/12.2.0/thumb/v7-m/nofp\libc_nano.a(libc_a-malloc.o)
 .comment       0x0000004c       0x4d e:/windows/programs/arm-gnu-toolchain-12.2.mpacbti-bet1-mingw-w64-i686-arm-none-eabi/bin/../lib/gcc/arm-none-eabi/12.2.0/thumb/v7-m/nofp\libc_nano.a(libc_a-mallocr.o)
 .comment       0x0000004c       0x4d e:/windows/programs/arm-gnu-toolchain-12.2.mpacbti-bet1-mingw-w64-i686-arm-none-eabi/bin/../lib/gcc/arm-none-eabi/12.2.0/thumb/v7-m/nofp\libc_nano.a(libc_a-mlock.o)
 .comment       0x0000004c       0x4d e:/windows/programs/arm-gnu-toolchain-12.2.mpacbti-bet1-mingw-w64-i686-arm-none-eabi/bin/../lib/gcc/arm-none-eabi/12.2.0/thumb/v7-m/nofp\libc_nano.a(libc_a-nano-vfprintf.o)
 .comment       0x0000004c       0x4d e:/windows/programs/arm-gnu-toolchain-12.2.mpacbti-bet1-mingw-w64-i686-arm-none-eabi/bin/../lib/gcc/arm-none-eabi/12.2.0/thumb/v7-m/nofp\libc_nano.a(libc_a-nano-vfprintf_i.o)
 .comment       0x0000004c       0x4d e:/windows/programs/arm-gnu-toolchain-12.2.mpacbti-bet1-mingw-w64-i686-arm-none-eabi/bin/../lib/gcc/arm-none-eabi/12.2.0/thumb/v7-m/nofp\libc_nano.a(libc_a-fflush.o)
 .comment       0x0000004c       0x4d e:/windows/programs/arm-gnu-toolchain-12.2.mpacbti-bet1-mingw-w64-i686-arm-none-eabi/bin/../lib/gcc/arm-none-eabi/12.2.0/thumb/v7-m/nofp\libc_nano.a(libc_a-makebuf.o)
 .comment       0x0000004c       0x4d e:/windows/programs/arm-gnu-toolchain-12.2.mpacbti-bet1-mingw-w64-i686-arm-none-eabi/bin/../lib/gcc/arm-none-eabi/12.2.0/thumb/v7-m/nofp\libc_nano.a(libc_a-fstatr.o)
 .comment       0x0000004c       0x4d e:/windows/programs/arm-gnu-toolchain-12.2.mpacbti-bet1-mingw-w64-i686-arm-none-eabi/bin/../lib/gcc/arm-none-eabi/12.2.0/thumb/v7-m/nofp\libc_nano.a(libc_a-isattyr.o)
 .comment       0x0000004c       0x4d e:/windows/programs/arm-gnu-toolchain-12.2.mpacbti-bet1-mingw-w64-i686-arm-none-eabi/bin/../lib/gcc/arm-none-eabi/12.2.0/thumb/v7-m/nofp\libc_nano.a(libc_a-sbrkr.o)
 .comment       0x0000004c       0x4d e:/windows/programs/arm-gnu-toolchain-12.2.mpacbti-bet1-mingw-w64-i686-arm-none-eabi/bin/../lib/gcc/arm-none-eabi/12.2.0/thumb/v7-m/nofp\libc_nano.a(libc_a-memchr-stub.o)
 .comment       0x0000004c       0x4d e:/windows/programs/arm-gnu-toolchain-12.2.mpacbti-bet1-mingw-w64-i686-arm-none-eabi/bin/../lib/gcc/arm-none-eabi/12.2.0/thumb/v7-m/nofp\libnosys.a(close.o)
 .comment       0x0000004c       0x4d e:/windows/programs/arm-gnu-toolchain-12.2.mpacbti-bet1-mingw-w64-i686-arm-none-eabi/bin/../lib/gcc/arm-none-eabi/12.2.0/thumb/v7-m/nofp\libnosys.a(fstat.o)
 .comment       0x0000004c       0x4d e:/windows/programs/arm-gnu-toolchain-12.2.mpacbti-bet1-mingw-w64-i686-arm-none-eabi/bin/../lib/gcc/arm-none-eabi/12.2.0/thumb/v7-m/nofp\libnosys.a(isatty.o)
 .comment       0x0000004c       0x4d e:/windows/programs/arm-gnu-toolchain-12.2.mpacbti-bet1-mingw-w64-i686-arm-none-eabi/bin/../lib/gcc/arm-none-eabi/12.2.0/thumb/v7-m/nofp\libnosys.a(lseek.o)
 .comment       0x0000004c       0x4d e:/windows/programs/arm-gnu-toolchain-12.2.mpacbti-bet1-mingw-w64-i686-arm-none-eabi/bin/../lib/gcc/arm-none-eabi/12.2.0/thumb/v7-m/nofp\libnosys.a(read.o)
 .comment       0x0000004c       0x4d e:/windows/programs/arm-gnu-toolchain-12.2.mpacbti-bet1-mingw-w64-i686-arm-none-eabi/bin/../lib/gcc/arm-none-eabi/12.2.0/thumb/v7-m/nofp\libnosys.a(sbrk.o)
 .comment       0x0000004c       0x4d e:/windows/programs/arm-gnu-toolchain-12.2.mpacbti-bet1-mingw-w64-i686-arm-none-eabi/bin/../lib/gcc/arm-none-eabi/12.2.0/thumb/v7-m/nofp/crtend.o

.debug_info     0x00000000    0x1c801
 .debug_info    0x00000000      0x596 OBJ/misc.o
 .debug_info    0x00000596      0x9ff OBJ/stm32f10x_rcc.o
 .debug_info    0x00000f95      0x9a3 OBJ/stm32f10x_gpio.o
 .debug_info    0x00001938      0xcf6 OBJ/stm32f10x_usart.o
 .debug_info    0x0000262e      0x3a9 OBJ/stm32f10x_exti.o
 .debug_info    0x000029d7      0x2c0 OBJ/stm32f10x_wwdg.o
 .debug_info    0x00002c97     0x2718 OBJ/stm32f10x_tim.o
 .debug_info    0x000053af      0xb7d OBJ/stm32f10x_spi.o
 .debug_info    0x00005f2c      0x29a OBJ/delay.o
 .debug_info    0x000061c6      0x136 OBJ/stm32f10x_it.o
 .debug_info    0x000062fc      0x500 OBJ/system_stm32f10x.o
 .debug_info    0x000067fc       0x69 OBJ/main.o
 .debug_info    0x00006865     0x11bd OBJ/USART.o
 .debug_info    0x00007a22      0x7b8 OBJ/exti.o
 .debug_info    0x000081da      0x552 OBJ/wwdg.o
 .debug_info    0x0000872c      0x882 OBJ/tim.o
 .debug_info    0x00008fae      0xc43 OBJ/cap.o
 .debug_info    0x00009bf1     0x3042 OBJ/exFlash.o
 .debug_info    0x0000cc33       0x30 OBJ/startup_stm32f103xe.o
 .debug_info    0x0000cc63      0xf8f e:/windows/programs/arm-gnu-toolchain-12.2.mpacbti-bet1-mingw-w64-i686-arm-none-eabi/bin/../lib/gcc/arm-none-eabi/12.2.0/thumb/v7-m/nofp\libc_nano.a(libc_a-findfp.o)
 .debug_info    0x0000dbf2      0x854 e:/windows/programs/arm-gnu-toolchain-12.2.mpacbti-bet1-mingw-w64-i686-arm-none-eabi/bin/../lib/gcc/arm-none-eabi/12.2.0/thumb/v7-m/nofp\libc_nano.a(libc_a-fprintf.o)
 .debug_info    0x0000e446      0x7d1 e:/windows/programs/arm-gnu-toolchain-12.2.mpacbti-bet1-mingw-w64-i686-arm-none-eabi/bin/../lib/gcc/arm-none-eabi/12.2.0/thumb/v7-m/nofp\libc_nano.a(libc_a-fwalk.o)
 .debug_info    0x0000ec17      0x83a e:/windows/programs/arm-gnu-toolchain-12.2.mpacbti-bet1-mingw-w64-i686-arm-none-eabi/bin/../lib/gcc/arm-none-eabi/12.2.0/thumb/v7-m/nofp\libc_nano.a(libc_a-printf.o)
 .debug_info    0x0000f451      0x949 e:/windows/programs/arm-gnu-toolchain-12.2.mpacbti-bet1-mingw-w64-i686-arm-none-eabi/bin/../lib/gcc/arm-none-eabi/12.2.0/thumb/v7-m/nofp\libc_nano.a(libc_a-puts.o)
 .debug_info    0x0000fd9a      0x948 e:/windows/programs/arm-gnu-toolchain-12.2.mpacbti-bet1-mingw-w64-i686-arm-none-eabi/bin/../lib/gcc/arm-none-eabi/12.2.0/thumb/v7-m/nofp\libc_nano.a(libc_a-setvbuf.o)
 .debug_info    0x000106e2      0xa53 e:/windows/programs/arm-gnu-toolchain-12.2.mpacbti-bet1-mingw-w64-i686-arm-none-eabi/bin/../lib/gcc/arm-none-eabi/12.2.0/thumb/v7-m/nofp\libc_nano.a(libc_a-stdio.o)
 .debug_info    0x00011135      0x867 e:/windows/programs/arm-gnu-toolchain-12.2.mpacbti-bet1-mingw-w64-i686-arm-none-eabi/bin/../lib/gcc/arm-none-eabi/12.2.0/thumb/v7-m/nofp\libc_nano.a(libc_a-wbuf.o)
 .debug_info    0x0001199c      0x7ba e:/windows/programs/arm-gnu-toolchain-12.2.mpacbti-bet1-mingw-w64-i686-arm-none-eabi/bin/../lib/gcc/arm-none-eabi/12.2.0/thumb/v7-m/nofp\libc_nano.a(libc_a-wsetup.o)
 .debug_info    0x00012156       0xe0 e:/windows/programs/arm-gnu-toolchain-12.2.mpacbti-bet1-mingw-w64-i686-arm-none-eabi/bin/../lib/gcc/arm-none-eabi/12.2.0/thumb/v7-m/nofp\libc_nano.a(libc_a-memset.o)
 .debug_info    0x00012236      0x755 e:/windows/programs/arm-gnu-toolchain-12.2.mpacbti-bet1-mingw-w64-i686-arm-none-eabi/bin/../lib/gcc/arm-none-eabi/12.2.0/thumb/v7-m/nofp\libc_nano.a(libc_a-closer.o)
 .debug_info    0x0001298b      0x854 e:/windows/programs/arm-gnu-toolchain-12.2.mpacbti-bet1-mingw-w64-i686-arm-none-eabi/bin/../lib/gcc/arm-none-eabi/12.2.0/thumb/v7-m/nofp\libc_nano.a(libc_a-reent.o)
 .debug_info    0x000131df      0x714 e:/windows/programs/arm-gnu-toolchain-12.2.mpacbti-bet1-mingw-w64-i686-arm-none-eabi/bin/../lib/gcc/arm-none-eabi/12.2.0/thumb/v7-m/nofp\libc_nano.a(libc_a-impure.o)
 .debug_info    0x000138f3      0x795 e:/windows/programs/arm-gnu-toolchain-12.2.mpacbti-bet1-mingw-w64-i686-arm-none-eabi/bin/../lib/gcc/arm-none-eabi/12.2.0/thumb/v7-m/nofp\libc_nano.a(libc_a-lseekr.o)
 .debug_info    0x00014088      0x7ac e:/windows/programs/arm-gnu-toolchain-12.2.mpacbti-bet1-mingw-w64-i686-arm-none-eabi/bin/../lib/gcc/arm-none-eabi/12.2.0/thumb/v7-m/nofp\libc_nano.a(libc_a-readr.o)
 .debug_info    0x00014834      0x7b2 e:/windows/programs/arm-gnu-toolchain-12.2.mpacbti-bet1-mingw-w64-i686-arm-none-eabi/bin/../lib/gcc/arm-none-eabi/12.2.0/thumb/v7-m/nofp\libc_nano.a(libc_a-writer.o)
 .debug_info    0x00014fe6      0x10b e:/windows/programs/arm-gnu-toolchain-12.2.mpacbti-bet1-mingw-w64-i686-arm-none-eabi/bin/../lib/gcc/arm-none-eabi/12.2.0/thumb/v7-m/nofp\libc_nano.a(libc_a-init.o)
 .debug_info    0x000150f1      0x20a e:/windows/programs/arm-gnu-toolchain-12.2.mpacbti-bet1-mingw-w64-i686-arm-none-eabi/bin/../lib/gcc/arm-none-eabi/12.2.0/thumb/v7-m/nofp\libc_nano.a(libc_a-lock.o)
 .debug_info    0x000152fb      0x84a e:/windows/programs/arm-gnu-toolchain-12.2.mpacbti-bet1-mingw-w64-i686-arm-none-eabi/bin/../lib/gcc/arm-none-eabi/12.2.0/thumb/v7-m/nofp\libc_nano.a(libc_a-freer.o)
 .debug_info    0x00015b45      0x793 e:/windows/programs/arm-gnu-toolchain-12.2.mpacbti-bet1-mingw-w64-i686-arm-none-eabi/bin/../lib/gcc/arm-none-eabi/12.2.0/thumb/v7-m/nofp\libc_nano.a(libc_a-malloc.o)
 .debug_info    0x000162d8      0x9b5 e:/windows/programs/arm-gnu-toolchain-12.2.mpacbti-bet1-mingw-w64-i686-arm-none-eabi/bin/../lib/gcc/arm-none-eabi/12.2.0/thumb/v7-m/nofp\libc_nano.a(libc_a-mallocr.o)
 .debug_info    0x00016c8d      0x76a e:/windows/programs/arm-gnu-toolchain-12.2.mpacbti-bet1-mingw-w64-i686-arm-none-eabi/bin/../lib/gcc/arm-none-eabi/12.2.0/thumb/v7-m/nofp\libc_nano.a(libc_a-mlock.o)
 .debug_info    0x000173f7     0x1079 e:/windows/programs/arm-gnu-toolchain-12.2.mpacbti-bet1-mingw-w64-i686-arm-none-eabi/bin/../lib/gcc/arm-none-eabi/12.2.0/thumb/v7-m/nofp\libc_nano.a(libc_a-nano-vfprintf.o)
 .debug_info    0x00018470      0xddf e:/windows/programs/arm-gnu-toolchain-12.2.mpacbti-bet1-mingw-w64-i686-arm-none-eabi/bin/../lib/gcc/arm-none-eabi/12.2.0/thumb/v7-m/nofp\libc_nano.a(libc_a-nano-vfprintf_i.o)
 .debug_info    0x0001924f      0x9ee e:/windows/programs/arm-gnu-toolchain-12.2.mpacbti-bet1-mingw-w64-i686-arm-none-eabi/bin/../lib/gcc/arm-none-eabi/12.2.0/thumb/v7-m/nofp\libc_nano.a(libc_a-fflush.o)
 .debug_info    0x00019c3d      0xb19 e:/windows/programs/arm-gnu-toolchain-12.2.mpacbti-bet1-mingw-w64-i686-arm-none-eabi/bin/../lib/gcc/arm-none-eabi/12.2.0/thumb/v7-m/nofp\libc_nano.a(libc_a-makebuf.o)
 .debug_info    0x0001a756      0x974 e:/windows/programs/arm-gnu-toolchain-12.2.mpacbti-bet1-mingw-w64-i686-arm-none-eabi/bin/../lib/gcc/arm-none-eabi/12.2.0/thumb/v7-m/nofp\libc_nano.a(libc_a-fstatr.o)
 .debug_info    0x0001b0ca      0x755 e:/windows/programs/arm-gnu-toolchain-12.2.mpacbti-bet1-mingw-w64-i686-arm-none-eabi/bin/../lib/gcc/arm-none-eabi/12.2.0/thumb/v7-m/nofp\libc_nano.a(libc_a-isattyr.o)
 .debug_info    0x0001b81f      0x77b e:/windows/programs/arm-gnu-toolchain-12.2.mpacbti-bet1-mingw-w64-i686-arm-none-eabi/bin/../lib/gcc/arm-none-eabi/12.2.0/thumb/v7-m/nofp\libc_nano.a(libc_a-sbrkr.o)
 .debug_info    0x0001bf9a      0x110 e:/windows/programs/arm-gnu-toolchain-12.2.mpacbti-bet1-mingw-w64-i686-arm-none-eabi/bin/../lib/gcc/arm-none-eabi/12.2.0/thumb/v7-m/nofp\libc_nano.a(libc_a-memchr-stub.o)
 .debug_info    0x0001c0aa       0xde e:/windows/programs/arm-gnu-toolchain-12.2.mpacbti-bet1-mingw-w64-i686-arm-none-eabi/bin/../lib/gcc/arm-none-eabi/12.2.0/thumb/v7-m/nofp\libnosys.a(close.o)
 .debug_info    0x0001c188      0x2f7 e:/windows/programs/arm-gnu-toolchain-12.2.mpacbti-bet1-mingw-w64-i686-arm-none-eabi/bin/../lib/gcc/arm-none-eabi/12.2.0/thumb/v7-m/nofp\libnosys.a(fstat.o)
 .debug_info    0x0001c47f       0xde e:/windows/programs/arm-gnu-toolchain-12.2.mpacbti-bet1-mingw-w64-i686-arm-none-eabi/bin/../lib/gcc/arm-none-eabi/12.2.0/thumb/v7-m/nofp\libnosys.a(isatty.o)
 .debug_info    0x0001c55d      0x100 e:/windows/programs/arm-gnu-toolchain-12.2.mpacbti-bet1-mingw-w64-i686-arm-none-eabi/bin/../lib/gcc/arm-none-eabi/12.2.0/thumb/v7-m/nofp\libnosys.a(lseek.o)
 .debug_info    0x0001c65d      0x106 e:/windows/programs/arm-gnu-toolchain-12.2.mpacbti-bet1-mingw-w64-i686-arm-none-eabi/bin/../lib/gcc/arm-none-eabi/12.2.0/thumb/v7-m/nofp\libnosys.a(read.o)
 .debug_info    0x0001c763       0x9e e:/windows/programs/arm-gnu-toolchain-12.2.mpacbti-bet1-mingw-w64-i686-arm-none-eabi/bin/../lib/gcc/arm-none-eabi/12.2.0/thumb/v7-m/nofp\libnosys.a(sbrk.o)

.debug_abbrev   0x00000000     0x614a
 .debug_abbrev  0x00000000      0x178 OBJ/misc.o
 .debug_abbrev  0x00000178      0x240 OBJ/stm32f10x_rcc.o
 .debug_abbrev  0x000003b8      0x261 OBJ/stm32f10x_gpio.o
 .debug_abbrev  0x00000619      0x21d OBJ/stm32f10x_usart.o
 .debug_abbrev  0x00000836      0x1a0 OBJ/stm32f10x_exti.o
 .debug_abbrev  0x000009d6      0x1a8 OBJ/stm32f10x_wwdg.o
 .debug_abbrev  0x00000b7e      0x247 OBJ/stm32f10x_tim.o
 .debug_abbrev  0x00000dc5      0x217 OBJ/stm32f10x_spi.o
 .debug_abbrev  0x00000fdc      0x183 OBJ/delay.o
 .debug_abbrev  0x0000115f       0x46 OBJ/stm32f10x_it.o
 .debug_abbrev  0x000011a5      0x1ba OBJ/system_stm32f10x.o
 .debug_abbrev  0x0000135f       0x60 OBJ/main.o
 .debug_abbrev  0x000013bf      0x300 OBJ/USART.o
 .debug_abbrev  0x000016bf      0x1ec OBJ/exti.o
 .debug_abbrev  0x000018ab      0x188 OBJ/wwdg.o
 .debug_abbrev  0x00001a33      0x1d1 OBJ/tim.o
 .debug_abbrev  0x00001c04      0x227 OBJ/cap.o
 .debug_abbrev  0x00001e2b      0x451 OBJ/exFlash.o
 .debug_abbrev  0x0000227c       0x1d OBJ/startup_stm32f103xe.o
 .debug_abbrev  0x00002299      0x40c e:/windows/programs/arm-gnu-toolchain-12.2.mpacbti-bet1-mingw-w64-i686-arm-none-eabi/bin/../lib/gcc/arm-none-eabi/12.2.0/thumb/v7-m/nofp\libc_nano.a(libc_a-findfp.o)
 .debug_abbrev  0x000026a5      0x21d e:/windows/programs/arm-gnu-toolchain-12.2.mpacbti-bet1-mingw-w64-i686-arm-none-eabi/bin/../lib/gcc/arm-none-eabi/12.2.0/thumb/v7-m/nofp\libc_nano.a(libc_a-fprintf.o)
 .debug_abbrev  0x000028c2      0x19b e:/windows/programs/arm-gnu-toolchain-12.2.mpacbti-bet1-mingw-w64-i686-arm-none-eabi/bin/../lib/gcc/arm-none-eabi/12.2.0/thumb/v7-m/nofp\libc_nano.a(libc_a-fwalk.o)
 .debug_abbrev  0x00002a5d      0x21a e:/windows/programs/arm-gnu-toolchain-12.2.mpacbti-bet1-mingw-w64-i686-arm-none-eabi/bin/../lib/gcc/arm-none-eabi/12.2.0/thumb/v7-m/nofp\libc_nano.a(libc_a-printf.o)
 .debug_abbrev  0x00002c77      0x2a7 e:/windows/programs/arm-gnu-toolchain-12.2.mpacbti-bet1-mingw-w64-i686-arm-none-eabi/bin/../lib/gcc/arm-none-eabi/12.2.0/thumb/v7-m/nofp\libc_nano.a(libc_a-puts.o)
 .debug_abbrev  0x00002f1e      0x259 e:/windows/programs/arm-gnu-toolchain-12.2.mpacbti-bet1-mingw-w64-i686-arm-none-eabi/bin/../lib/gcc/arm-none-eabi/12.2.0/thumb/v7-m/nofp\libc_nano.a(libc_a-setvbuf.o)
 .debug_abbrev  0x00003177      0x221 e:/windows/programs/arm-gnu-toolchain-12.2.mpacbti-bet1-mingw-w64-i686-arm-none-eabi/bin/../lib/gcc/arm-none-eabi/12.2.0/thumb/v7-m/nofp\libc_nano.a(libc_a-stdio.o)
 .debug_abbrev  0x00003398      0x22d e:/windows/programs/arm-gnu-toolchain-12.2.mpacbti-bet1-mingw-w64-i686-arm-none-eabi/bin/../lib/gcc/arm-none-eabi/12.2.0/thumb/v7-m/nofp\libc_nano.a(libc_a-wbuf.o)
 .debug_abbrev  0x000035c5      0x1e2 e:/windows/programs/arm-gnu-toolchain-12.2.mpacbti-bet1-mingw-w64-i686-arm-none-eabi/bin/../lib/gcc/arm-none-eabi/12.2.0/thumb/v7-m/nofp\libc_nano.a(libc_a-wsetup.o)
 .debug_abbrev  0x000037a7       0x9e e:/windows/programs/arm-gnu-toolchain-12.2.mpacbti-bet1-mingw-w64-i686-arm-none-eabi/bin/../lib/gcc/arm-none-eabi/12.2.0/thumb/v7-m/nofp\libc_nano.a(libc_a-memset.o)
 .debug_abbrev  0x00003845      0x1b0 e:/windows/programs/arm-gnu-toolchain-12.2.mpacbti-bet1-mingw-w64-i686-arm-none-eabi/bin/../lib/gcc/arm-none-eabi/12.2.0/thumb/v7-m/nofp\libc_nano.a(libc_a-closer.o)
 .debug_abbrev  0x000039f5      0x1ed e:/windows/programs/arm-gnu-toolchain-12.2.mpacbti-bet1-mingw-w64-i686-arm-none-eabi/bin/../lib/gcc/arm-none-eabi/12.2.0/thumb/v7-m/nofp\libc_nano.a(libc_a-reent.o)
 .debug_abbrev  0x00003be2      0x149 e:/windows/programs/arm-gnu-toolchain-12.2.mpacbti-bet1-mingw-w64-i686-arm-none-eabi/bin/../lib/gcc/arm-none-eabi/12.2.0/thumb/v7-m/nofp\libc_nano.a(libc_a-impure.o)
 .debug_abbrev  0x00003d2b      0x1c4 e:/windows/programs/arm-gnu-toolchain-12.2.mpacbti-bet1-mingw-w64-i686-arm-none-eabi/bin/../lib/gcc/arm-none-eabi/12.2.0/thumb/v7-m/nofp\libc_nano.a(libc_a-lseekr.o)
 .debug_abbrev  0x00003eef      0x1b0 e:/windows/programs/arm-gnu-toolchain-12.2.mpacbti-bet1-mingw-w64-i686-arm-none-eabi/bin/../lib/gcc/arm-none-eabi/12.2.0/thumb/v7-m/nofp\libc_nano.a(libc_a-readr.o)
 .debug_abbrev  0x0000409f      0x1b5 e:/windows/programs/arm-gnu-toolchain-12.2.mpacbti-bet1-mingw-w64-i686-arm-none-eabi/bin/../lib/gcc/arm-none-eabi/12.2.0/thumb/v7-m/nofp\libc_nano.a(libc_a-writer.o)
 .debug_abbrev  0x00004254       0xc9 e:/windows/programs/arm-gnu-toolchain-12.2.mpacbti-bet1-mingw-w64-i686-arm-none-eabi/bin/../lib/gcc/arm-none-eabi/12.2.0/thumb/v7-m/nofp\libc_nano.a(libc_a-init.o)
 .debug_abbrev  0x0000431d      0x115 e:/windows/programs/arm-gnu-toolchain-12.2.mpacbti-bet1-mingw-w64-i686-arm-none-eabi/bin/../lib/gcc/arm-none-eabi/12.2.0/thumb/v7-m/nofp\libc_nano.a(libc_a-lock.o)
 .debug_abbrev  0x00004432      0x236 e:/windows/programs/arm-gnu-toolchain-12.2.mpacbti-bet1-mingw-w64-i686-arm-none-eabi/bin/../lib/gcc/arm-none-eabi/12.2.0/thumb/v7-m/nofp\libc_nano.a(libc_a-freer.o)
 .debug_abbrev  0x00004668      0x1cf e:/windows/programs/arm-gnu-toolchain-12.2.mpacbti-bet1-mingw-w64-i686-arm-none-eabi/bin/../lib/gcc/arm-none-eabi/12.2.0/thumb/v7-m/nofp\libc_nano.a(libc_a-malloc.o)
 .debug_abbrev  0x00004837      0x24a e:/windows/programs/arm-gnu-toolchain-12.2.mpacbti-bet1-mingw-w64-i686-arm-none-eabi/bin/../lib/gcc/arm-none-eabi/12.2.0/thumb/v7-m/nofp\libc_nano.a(libc_a-mallocr.o)
 .debug_abbrev  0x00004a81      0x1bf e:/windows/programs/arm-gnu-toolchain-12.2.mpacbti-bet1-mingw-w64-i686-arm-none-eabi/bin/../lib/gcc/arm-none-eabi/12.2.0/thumb/v7-m/nofp\libc_nano.a(libc_a-mlock.o)
 .debug_abbrev  0x00004c40      0x317 e:/windows/programs/arm-gnu-toolchain-12.2.mpacbti-bet1-mingw-w64-i686-arm-none-eabi/bin/../lib/gcc/arm-none-eabi/12.2.0/thumb/v7-m/nofp\libc_nano.a(libc_a-nano-vfprintf.o)
 .debug_abbrev  0x00004f57      0x28f e:/windows/programs/arm-gnu-toolchain-12.2.mpacbti-bet1-mingw-w64-i686-arm-none-eabi/bin/../lib/gcc/arm-none-eabi/12.2.0/thumb/v7-m/nofp\libc_nano.a(libc_a-nano-vfprintf_i.o)
 .debug_abbrev  0x000051e6      0x2a8 e:/windows/programs/arm-gnu-toolchain-12.2.mpacbti-bet1-mingw-w64-i686-arm-none-eabi/bin/../lib/gcc/arm-none-eabi/12.2.0/thumb/v7-m/nofp\libc_nano.a(libc_a-fflush.o)
 .debug_abbrev  0x0000548e      0x28e e:/windows/programs/arm-gnu-toolchain-12.2.mpacbti-bet1-mingw-w64-i686-arm-none-eabi/bin/../lib/gcc/arm-none-eabi/12.2.0/thumb/v7-m/nofp\libc_nano.a(libc_a-makebuf.o)
 .debug_abbrev  0x0000571c      0x1c3 e:/windows/programs/arm-gnu-toolchain-12.2.mpacbti-bet1-mingw-w64-i686-arm-none-eabi/bin/../lib/gcc/arm-none-eabi/12.2.0/thumb/v7-m/nofp\libc_nano.a(libc_a-fstatr.o)
 .debug_abbrev  0x000058df      0x1b0 e:/windows/programs/arm-gnu-toolchain-12.2.mpacbti-bet1-mingw-w64-i686-arm-none-eabi/bin/../lib/gcc/arm-none-eabi/12.2.0/thumb/v7-m/nofp\libc_nano.a(libc_a-isattyr.o)
 .debug_abbrev  0x00005a8f      0x1da e:/windows/programs/arm-gnu-toolchain-12.2.mpacbti-bet1-mingw-w64-i686-arm-none-eabi/bin/../lib/gcc/arm-none-eabi/12.2.0/thumb/v7-m/nofp\libc_nano.a(libc_a-sbrkr.o)
 .debug_abbrev  0x00005c69       0xb1 e:/windows/programs/arm-gnu-toolchain-12.2.mpacbti-bet1-mingw-w64-i686-arm-none-eabi/bin/../lib/gcc/arm-none-eabi/12.2.0/thumb/v7-m/nofp\libc_nano.a(libc_a-memchr-stub.o)
 .debug_abbrev  0x00005d1a       0x96 e:/windows/programs/arm-gnu-toolchain-12.2.mpacbti-bet1-mingw-w64-i686-arm-none-eabi/bin/../lib/gcc/arm-none-eabi/12.2.0/thumb/v7-m/nofp\libnosys.a(close.o)
 .debug_abbrev  0x00005db0       0xe4 e:/windows/programs/arm-gnu-toolchain-12.2.mpacbti-bet1-mingw-w64-i686-arm-none-eabi/bin/../lib/gcc/arm-none-eabi/12.2.0/thumb/v7-m/nofp\libnosys.a(fstat.o)
 .debug_abbrev  0x00005e94       0x96 e:/windows/programs/arm-gnu-toolchain-12.2.mpacbti-bet1-mingw-w64-i686-arm-none-eabi/bin/../lib/gcc/arm-none-eabi/12.2.0/thumb/v7-m/nofp\libnosys.a(isatty.o)
 .debug_abbrev  0x00005f2a       0xbb e:/windows/programs/arm-gnu-toolchain-12.2.mpacbti-bet1-mingw-w64-i686-arm-none-eabi/bin/../lib/gcc/arm-none-eabi/12.2.0/thumb/v7-m/nofp\libnosys.a(lseek.o)
 .debug_abbrev  0x00005fe5       0xc4 e:/windows/programs/arm-gnu-toolchain-12.2.mpacbti-bet1-mingw-w64-i686-arm-none-eabi/bin/../lib/gcc/arm-none-eabi/12.2.0/thumb/v7-m/nofp\libnosys.a(read.o)
 .debug_abbrev  0x000060a9       0xa1 e:/windows/programs/arm-gnu-toolchain-12.2.mpacbti-bet1-mingw-w64-i686-arm-none-eabi/bin/../lib/gcc/arm-none-eabi/12.2.0/thumb/v7-m/nofp\libnosys.a(sbrk.o)

.debug_loc      0x00000000     0x5b4b
 .debug_loc     0x00000000      0x17f OBJ/misc.o
 .debug_loc     0x0000017f      0x545 OBJ/stm32f10x_rcc.o
 .debug_loc     0x000006c4      0x7a9 OBJ/stm32f10x_gpio.o
 .debug_loc     0x00000e6d      0x921 OBJ/stm32f10x_usart.o
 .debug_loc     0x0000178e      0x1c1 OBJ/stm32f10x_exti.o
 .debug_loc     0x0000194f       0xde OBJ/stm32f10x_wwdg.o
 .debug_loc     0x00001a2d     0x1c23 OBJ/stm32f10x_tim.o
 .debug_loc     0x00003650      0x7b2 OBJ/stm32f10x_spi.o
 .debug_loc     0x00003e02      0x12a OBJ/delay.o
 .debug_loc     0x00003f2c      0x177 OBJ/system_stm32f10x.o
 .debug_loc     0x000040a3       0x20 OBJ/main.o
 .debug_loc     0x000040c3      0x186 OBJ/USART.o
 .debug_loc     0x00004249       0xb8 OBJ/exti.o
 .debug_loc     0x00004301       0xf4 OBJ/wwdg.o
 .debug_loc     0x000043f5       0xc2 OBJ/tim.o
 .debug_loc     0x000044b7       0x9e OBJ/cap.o
 .debug_loc     0x00004555     0x15f6 OBJ/exFlash.o

.debug_aranges  0x00000000      0xfd8
 .debug_aranges
                0x00000000       0x40 OBJ/misc.o
 .debug_aranges
                0x00000040      0x118 OBJ/stm32f10x_rcc.o
 .debug_aranges
                0x00000158       0xa8 OBJ/stm32f10x_gpio.o
 .debug_aranges
                0x00000200      0x100 OBJ/stm32f10x_usart.o
 .debug_aranges
                0x00000300       0x58 OBJ/stm32f10x_exti.o
 .debug_aranges
                0x00000358       0x58 OBJ/stm32f10x_wwdg.o
 .debug_aranges
                0x000003b0      0x2f0 OBJ/stm32f10x_tim.o
 .debug_aranges
                0x000006a0       0xd0 OBJ/stm32f10x_spi.o
 .debug_aranges
                0x00000770       0x38 OBJ/delay.o
 .debug_aranges
                0x000007a8       0x60 OBJ/stm32f10x_it.o
 .debug_aranges
                0x00000808       0x38 OBJ/system_stm32f10x.o
 .debug_aranges
                0x00000840       0x20 OBJ/main.o
 .debug_aranges
                0x00000860       0x38 OBJ/USART.o
 .debug_aranges
                0x00000898       0x40 OBJ/exti.o
 .debug_aranges
                0x000008d8       0x30 OBJ/wwdg.o
 .debug_aranges
                0x00000908       0x30 OBJ/tim.o
 .debug_aranges
                0x00000938       0x30 OBJ/cap.o
 .debug_aranges
                0x00000968       0x98 OBJ/exFlash.o
 .debug_aranges
                0x00000a00       0x28 OBJ/startup_stm32f103xe.o
 .debug_aranges
                0x00000a28       0x78 e:/windows/programs/arm-gnu-toolchain-12.2.mpacbti-bet1-mingw-w64-i686-arm-none-eabi/bin/../lib/gcc/arm-none-eabi/12.2.0/thumb/v7-m/nofp\libc_nano.a(libc_a-findfp.o)
 .debug_aranges
                0x00000aa0       0x28 e:/windows/programs/arm-gnu-toolchain-12.2.mpacbti-bet1-mingw-w64-i686-arm-none-eabi/bin/../lib/gcc/arm-none-eabi/12.2.0/thumb/v7-m/nofp\libc_nano.a(libc_a-fprintf.o)
 .debug_aranges
                0x00000ac8       0x20 e:/windows/programs/arm-gnu-toolchain-12.2.mpacbti-bet1-mingw-w64-i686-arm-none-eabi/bin/../lib/gcc/arm-none-eabi/12.2.0/thumb/v7-m/nofp\libc_nano.a(libc_a-fwalk.o)
 .debug_aranges
                0x00000ae8       0x28 e:/windows/programs/arm-gnu-toolchain-12.2.mpacbti-bet1-mingw-w64-i686-arm-none-eabi/bin/../lib/gcc/arm-none-eabi/12.2.0/thumb/v7-m/nofp\libc_nano.a(libc_a-printf.o)
 .debug_aranges
                0x00000b10       0x28 e:/windows/programs/arm-gnu-toolchain-12.2.mpacbti-bet1-mingw-w64-i686-arm-none-eabi/bin/../lib/gcc/arm-none-eabi/12.2.0/thumb/v7-m/nofp\libc_nano.a(libc_a-puts.o)
 .debug_aranges
                0x00000b38       0x20 e:/windows/programs/arm-gnu-toolchain-12.2.mpacbti-bet1-mingw-w64-i686-arm-none-eabi/bin/../lib/gcc/arm-none-eabi/12.2.0/thumb/v7-m/nofp\libc_nano.a(libc_a-setvbuf.o)
 .debug_aranges
                0x00000b58       0x40 e:/windows/programs/arm-gnu-toolchain-12.2.mpacbti-bet1-mingw-w64-i686-arm-none-eabi/bin/../lib/gcc/arm-none-eabi/12.2.0/thumb/v7-m/nofp\libc_nano.a(libc_a-stdio.o)
 .debug_aranges
                0x00000b98       0x28 e:/windows/programs/arm-gnu-toolchain-12.2.mpacbti-bet1-mingw-w64-i686-arm-none-eabi/bin/../lib/gcc/arm-none-eabi/12.2.0/thumb/v7-m/nofp\libc_nano.a(libc_a-wbuf.o)
 .debug_aranges
                0x00000bc0       0x20 e:/windows/programs/arm-gnu-toolchain-12.2.mpacbti-bet1-mingw-w64-i686-arm-none-eabi/bin/../lib/gcc/arm-none-eabi/12.2.0/thumb/v7-m/nofp\libc_nano.a(libc_a-wsetup.o)
 .debug_aranges
                0x00000be0       0x20 e:/windows/programs/arm-gnu-toolchain-12.2.mpacbti-bet1-mingw-w64-i686-arm-none-eabi/bin/../lib/gcc/arm-none-eabi/12.2.0/thumb/v7-m/nofp\libc_nano.a(libc_a-memset.o)
 .debug_aranges
                0x00000c00       0x20 e:/windows/programs/arm-gnu-toolchain-12.2.mpacbti-bet1-mingw-w64-i686-arm-none-eabi/bin/../lib/gcc/arm-none-eabi/12.2.0/thumb/v7-m/nofp\libc_nano.a(libc_a-closer.o)
 .debug_aranges
                0x00000c20       0x20 e:/windows/programs/arm-gnu-toolchain-12.2.mpacbti-bet1-mingw-w64-i686-arm-none-eabi/bin/../lib/gcc/arm-none-eabi/12.2.0/thumb/v7-m/nofp\libc_nano.a(libc_a-reent.o)
 .debug_aranges
                0x00000c40       0x18 e:/windows/programs/arm-gnu-toolchain-12.2.mpacbti-bet1-mingw-w64-i686-arm-none-eabi/bin/../lib/gcc/arm-none-eabi/12.2.0/thumb/v7-m/nofp\libc_nano.a(libc_a-impure.o)
 .debug_aranges
                0x00000c58       0x20 e:/windows/programs/arm-gnu-toolchain-12.2.mpacbti-bet1-mingw-w64-i686-arm-none-eabi/bin/../lib/gcc/arm-none-eabi/12.2.0/thumb/v7-m/nofp\libc_nano.a(libc_a-lseekr.o)
 .debug_aranges
                0x00000c78       0x20 e:/windows/programs/arm-gnu-toolchain-12.2.mpacbti-bet1-mingw-w64-i686-arm-none-eabi/bin/../lib/gcc/arm-none-eabi/12.2.0/thumb/v7-m/nofp\libc_nano.a(libc_a-readr.o)
 .debug_aranges
                0x00000c98       0x20 e:/windows/programs/arm-gnu-toolchain-12.2.mpacbti-bet1-mingw-w64-i686-arm-none-eabi/bin/../lib/gcc/arm-none-eabi/12.2.0/thumb/v7-m/nofp\libc_nano.a(libc_a-writer.o)
 .debug_aranges
                0x00000cb8       0x20 e:/windows/programs/arm-gnu-toolchain-12.2.mpacbti-bet1-mingw-w64-i686-arm-none-eabi/bin/../lib/gcc/arm-none-eabi/12.2.0/thumb/v7-m/nofp\libc_nano.a(libc_a-init.o)
 .debug_aranges
                0x00000cd8       0x68 e:/windows/programs/arm-gnu-toolchain-12.2.mpacbti-bet1-mingw-w64-i686-arm-none-eabi/bin/../lib/gcc/arm-none-eabi/12.2.0/thumb/v7-m/nofp\libc_nano.a(libc_a-lock.o)
 .debug_aranges
                0x00000d40       0x20 e:/windows/programs/arm-gnu-toolchain-12.2.mpacbti-bet1-mingw-w64-i686-arm-none-eabi/bin/../lib/gcc/arm-none-eabi/12.2.0/thumb/v7-m/nofp\libc_nano.a(libc_a-freer.o)
 .debug_aranges
                0x00000d60       0x28 e:/windows/programs/arm-gnu-toolchain-12.2.mpacbti-bet1-mingw-w64-i686-arm-none-eabi/bin/../lib/gcc/arm-none-eabi/12.2.0/thumb/v7-m/nofp\libc_nano.a(libc_a-malloc.o)
 .debug_aranges
                0x00000d88       0x28 e:/windows/programs/arm-gnu-toolchain-12.2.mpacbti-bet1-mingw-w64-i686-arm-none-eabi/bin/../lib/gcc/arm-none-eabi/12.2.0/thumb/v7-m/nofp\libc_nano.a(libc_a-mallocr.o)
 .debug_aranges
                0x00000db0       0x28 e:/windows/programs/arm-gnu-toolchain-12.2.mpacbti-bet1-mingw-w64-i686-arm-none-eabi/bin/../lib/gcc/arm-none-eabi/12.2.0/thumb/v7-m/nofp\libc_nano.a(libc_a-mlock.o)
 .debug_aranges
                0x00000dd8       0x40 e:/windows/programs/arm-gnu-toolchain-12.2.mpacbti-bet1-mingw-w64-i686-arm-none-eabi/bin/../lib/gcc/arm-none-eabi/12.2.0/thumb/v7-m/nofp\libc_nano.a(libc_a-nano-vfprintf.o)
 .debug_aranges
                0x00000e18       0x28 e:/windows/programs/arm-gnu-toolchain-12.2.mpacbti-bet1-mingw-w64-i686-arm-none-eabi/bin/../lib/gcc/arm-none-eabi/12.2.0/thumb/v7-m/nofp\libc_nano.a(libc_a-nano-vfprintf_i.o)
 .debug_aranges
                0x00000e40       0x30 e:/windows/programs/arm-gnu-toolchain-12.2.mpacbti-bet1-mingw-w64-i686-arm-none-eabi/bin/../lib/gcc/arm-none-eabi/12.2.0/thumb/v7-m/nofp\libc_nano.a(libc_a-fflush.o)
 .debug_aranges
                0x00000e70       0x28 e:/windows/programs/arm-gnu-toolchain-12.2.mpacbti-bet1-mingw-w64-i686-arm-none-eabi/bin/../lib/gcc/arm-none-eabi/12.2.0/thumb/v7-m/nofp\libc_nano.a(libc_a-makebuf.o)
 .debug_aranges
                0x00000e98       0x20 e:/windows/programs/arm-gnu-toolchain-12.2.mpacbti-bet1-mingw-w64-i686-arm-none-eabi/bin/../lib/gcc/arm-none-eabi/12.2.0/thumb/v7-m/nofp\libc_nano.a(libc_a-fstatr.o)
 .debug_aranges
                0x00000eb8       0x20 e:/windows/programs/arm-gnu-toolchain-12.2.mpacbti-bet1-mingw-w64-i686-arm-none-eabi/bin/../lib/gcc/arm-none-eabi/12.2.0/thumb/v7-m/nofp\libc_nano.a(libc_a-isattyr.o)
 .debug_aranges
                0x00000ed8       0x20 e:/windows/programs/arm-gnu-toolchain-12.2.mpacbti-bet1-mingw-w64-i686-arm-none-eabi/bin/../lib/gcc/arm-none-eabi/12.2.0/thumb/v7-m/nofp\libc_nano.a(libc_a-sbrkr.o)
 .debug_aranges
                0x00000ef8       0x20 e:/windows/programs/arm-gnu-toolchain-12.2.mpacbti-bet1-mingw-w64-i686-arm-none-eabi/bin/../lib/gcc/arm-none-eabi/12.2.0/thumb/v7-m/nofp\libc_nano.a(libc_a-memchr-stub.o)
 .debug_aranges
                0x00000f18       0x20 e:/windows/programs/arm-gnu-toolchain-12.2.mpacbti-bet1-mingw-w64-i686-arm-none-eabi/bin/../lib/gcc/arm-none-eabi/12.2.0/thumb/v7-m/nofp\libnosys.a(close.o)
 .debug_aranges
                0x00000f38       0x20 e:/windows/programs/arm-gnu-toolchain-12.2.mpacbti-bet1-mingw-w64-i686-arm-none-eabi/bin/../lib/gcc/arm-none-eabi/12.2.0/thumb/v7-m/nofp\libnosys.a(fstat.o)
 .debug_aranges
                0x00000f58       0x20 e:/windows/programs/arm-gnu-toolchain-12.2.mpacbti-bet1-mingw-w64-i686-arm-none-eabi/bin/../lib/gcc/arm-none-eabi/12.2.0/thumb/v7-m/nofp\libnosys.a(isatty.o)
 .debug_aranges
                0x00000f78       0x20 e:/windows/programs/arm-gnu-toolchain-12.2.mpacbti-bet1-mingw-w64-i686-arm-none-eabi/bin/../lib/gcc/arm-none-eabi/12.2.0/thumb/v7-m/nofp\libnosys.a(lseek.o)
 .debug_aranges
                0x00000f98       0x20 e:/windows/programs/arm-gnu-toolchain-12.2.mpacbti-bet1-mingw-w64-i686-arm-none-eabi/bin/../lib/gcc/arm-none-eabi/12.2.0/thumb/v7-m/nofp\libnosys.a(read.o)
 .debug_aranges
                0x00000fb8       0x20 e:/windows/programs/arm-gnu-toolchain-12.2.mpacbti-bet1-mingw-w64-i686-arm-none-eabi/bin/../lib/gcc/arm-none-eabi/12.2.0/thumb/v7-m/nofp\libnosys.a(sbrk.o)

.debug_ranges   0x00000000      0x930
 .debug_ranges  0x00000000       0x30 OBJ/misc.o
 .debug_ranges  0x00000030      0x108 OBJ/stm32f10x_rcc.o
 .debug_ranges  0x00000138       0x98 OBJ/stm32f10x_gpio.o
 .debug_ranges  0x000001d0       0xf0 OBJ/stm32f10x_usart.o
 .debug_ranges  0x000002c0       0x48 OBJ/stm32f10x_exti.o
 .debug_ranges  0x00000308       0x48 OBJ/stm32f10x_wwdg.o
 .debug_ranges  0x00000350      0x2e0 OBJ/stm32f10x_tim.o
 .debug_ranges  0x00000630       0xc0 OBJ/stm32f10x_spi.o
 .debug_ranges  0x000006f0       0x28 OBJ/delay.o
 .debug_ranges  0x00000718       0x50 OBJ/stm32f10x_it.o
 .debug_ranges  0x00000768       0x28 OBJ/system_stm32f10x.o
 .debug_ranges  0x00000790       0x10 OBJ/main.o
 .debug_ranges  0x000007a0       0x28 OBJ/USART.o
 .debug_ranges  0x000007c8       0x30 OBJ/exti.o
 .debug_ranges  0x000007f8       0x20 OBJ/wwdg.o
 .debug_ranges  0x00000818       0x20 OBJ/tim.o
 .debug_ranges  0x00000838       0x20 OBJ/cap.o
 .debug_ranges  0x00000858       0xb8 OBJ/exFlash.o
 .debug_ranges  0x00000910       0x20 OBJ/startup_stm32f103xe.o

.debug_line     0x00000000     0xd181
 .debug_line    0x00000000      0x2ca OBJ/misc.o
 .debug_line    0x000002ca      0x8b6 OBJ/stm32f10x_rcc.o
 .debug_line    0x00000b80      0x6ba OBJ/stm32f10x_gpio.o
 .debug_line    0x0000123a      0x90f OBJ/stm32f10x_usart.o
 .debug_line    0x00001b49      0x387 OBJ/stm32f10x_exti.o
 .debug_line    0x00001ed0      0x2a3 OBJ/stm32f10x_wwdg.o
 .debug_line    0x00002173     0x1ac8 OBJ/stm32f10x_tim.o
 .debug_line    0x00003c3b      0x783 OBJ/stm32f10x_spi.o
 .debug_line    0x000043be      0x291 OBJ/delay.o
 .debug_line    0x0000464f      0x122 OBJ/stm32f10x_it.o
 .debug_line    0x00004771      0x418 OBJ/system_stm32f10x.o
 .debug_line    0x00004b89       0x44 OBJ/main.o
 .debug_line    0x00004bcd      0x3e6 OBJ/USART.o
 .debug_line    0x00004fb3      0x368 OBJ/exti.o
 .debug_line    0x0000531b      0x250 OBJ/wwdg.o
 .debug_line    0x0000556b      0x26d OBJ/tim.o
 .debug_line    0x000057d8      0x3c6 OBJ/cap.o
 .debug_line    0x00005b9e     0x1456 OBJ/exFlash.o
 .debug_line    0x00006ff4       0x7a OBJ/startup_stm32f103xe.o
 .debug_line    0x0000706e      0x5b1 e:/windows/programs/arm-gnu-toolchain-12.2.mpacbti-bet1-mingw-w64-i686-arm-none-eabi/bin/../lib/gcc/arm-none-eabi/12.2.0/thumb/v7-m/nofp\libc_nano.a(libc_a-findfp.o)
 .debug_line    0x0000761f      0x257 e:/windows/programs/arm-gnu-toolchain-12.2.mpacbti-bet1-mingw-w64-i686-arm-none-eabi/bin/../lib/gcc/arm-none-eabi/12.2.0/thumb/v7-m/nofp\libc_nano.a(libc_a-fprintf.o)
 .debug_line    0x00007876      0x252 e:/windows/programs/arm-gnu-toolchain-12.2.mpacbti-bet1-mingw-w64-i686-arm-none-eabi/bin/../lib/gcc/arm-none-eabi/12.2.0/thumb/v7-m/nofp\libc_nano.a(libc_a-fwalk.o)
 .debug_line    0x00007ac8      0x26d e:/windows/programs/arm-gnu-toolchain-12.2.mpacbti-bet1-mingw-w64-i686-arm-none-eabi/bin/../lib/gcc/arm-none-eabi/12.2.0/thumb/v7-m/nofp\libc_nano.a(libc_a-printf.o)
 .debug_line    0x00007d35      0x350 e:/windows/programs/arm-gnu-toolchain-12.2.mpacbti-bet1-mingw-w64-i686-arm-none-eabi/bin/../lib/gcc/arm-none-eabi/12.2.0/thumb/v7-m/nofp\libc_nano.a(libc_a-puts.o)
 .debug_line    0x00008085      0x3fa e:/windows/programs/arm-gnu-toolchain-12.2.mpacbti-bet1-mingw-w64-i686-arm-none-eabi/bin/../lib/gcc/arm-none-eabi/12.2.0/thumb/v7-m/nofp\libc_nano.a(libc_a-setvbuf.o)
 .debug_line    0x0000847f      0x309 e:/windows/programs/arm-gnu-toolchain-12.2.mpacbti-bet1-mingw-w64-i686-arm-none-eabi/bin/../lib/gcc/arm-none-eabi/12.2.0/thumb/v7-m/nofp\libc_nano.a(libc_a-stdio.o)
 .debug_line    0x00008788      0x2ed e:/windows/programs/arm-gnu-toolchain-12.2.mpacbti-bet1-mingw-w64-i686-arm-none-eabi/bin/../lib/gcc/arm-none-eabi/12.2.0/thumb/v7-m/nofp\libc_nano.a(libc_a-wbuf.o)
 .debug_line    0x00008a75      0x321 e:/windows/programs/arm-gnu-toolchain-12.2.mpacbti-bet1-mingw-w64-i686-arm-none-eabi/bin/../lib/gcc/arm-none-eabi/12.2.0/thumb/v7-m/nofp\libc_nano.a(libc_a-wsetup.o)
 .debug_line    0x00008d96      0x18e e:/windows/programs/arm-gnu-toolchain-12.2.mpacbti-bet1-mingw-w64-i686-arm-none-eabi/bin/../lib/gcc/arm-none-eabi/12.2.0/thumb/v7-m/nofp\libc_nano.a(libc_a-memset.o)
 .debug_line    0x00008f24      0x234 e:/windows/programs/arm-gnu-toolchain-12.2.mpacbti-bet1-mingw-w64-i686-arm-none-eabi/bin/../lib/gcc/arm-none-eabi/12.2.0/thumb/v7-m/nofp\libc_nano.a(libc_a-closer.o)
 .debug_line    0x00009158      0x2f2 e:/windows/programs/arm-gnu-toolchain-12.2.mpacbti-bet1-mingw-w64-i686-arm-none-eabi/bin/../lib/gcc/arm-none-eabi/12.2.0/thumb/v7-m/nofp\libc_nano.a(libc_a-reent.o)