Archive member included to satisfy reference by file (symbol)

e:/windows/programs/arm-gnu-toolchain-12.2.mpacbti-bet1-mingw-w64-i686-arm-none-eabi/bin/../lib/gcc/arm-none-eabi/12.2.0/thumb/v7-m/nofp\libc_nano.a(libc_a-exit.o)
                              e:/windows/programs/arm-gnu-toolchain-12.2.mpacbti-bet1-mingw-w64-i686-arm-none-eabi/bin/../lib/gcc/arm-none-eabi/12.2.0/thumb/v7-m/nofp/crt0.o (exit)
e:/windows/programs/arm-gnu-toolchain-12.2.mpacbti-bet1-mingw-w64-i686-arm-none-eabi/bin/../lib/gcc/arm-none-eabi/12.2.0/thumb/v7-m/nofp\libc_nano.a(libc_a-malloc.o)
                              OBJ/exFlash.o (malloc)
e:/windows/programs/arm-gnu-toolchain-12.2.mpacbti-bet1-mingw-w64-i686-arm-none-eabi/bin/../lib/gcc/arm-none-eabi/12.2.0/thumb/v7-m/nofp\libc_nano.a(libc_a-mallocr.o)
                              e:/windows/programs/arm-gnu-toolchain-12.2.mpacbti-bet1-mingw-w64-i686-arm-none-eabi/bin/../lib/gcc/arm-none-eabi/12.2.0/thumb/v7-m/nofp\libc_nano.a(libc_a-malloc.o) (_malloc_r)
e:/windows/programs/arm-gnu-toolchain-12.2.mpacbti-bet1-mingw-w64-i686-arm-none-eabi/bin/../lib/gcc/arm-none-eabi/12.2.0/thumb/v7-m/nofp\libc_nano.a(libc_a-mlock.o)
                              e:/windows/programs/arm-gnu-toolchain-12.2.mpacbti-bet1-mingw-w64-i686-arm-none-eabi/bin/../lib/gcc/arm-none-eabi/12.2.0/thumb/v7-m/nofp\libc_nano.a(libc_a-mallocr.o) (__malloc_lock)
e:/windows/programs/arm-gnu-toolchain-12.2.mpacbti-bet1-mingw-w64-i686-arm-none-eabi/bin/../lib/gcc/arm-none-eabi/12.2.0/thumb/v7-m/nofp\libc_nano.a(libc_a-findfp.o)
                              e:/windows/programs/arm-gnu-toolchain-12.2.mpacbti-bet1-mingw-w64-i686-arm-none-eabi/bin/../lib/gcc/arm-none-eabi/12.2.0/thumb/v7-m/nofp\libc_nano.a(libc_a-exit.o) (__stdio_exit_handler)
e:/windows/programs/arm-gnu-toolchain-12.2.mpacbti-bet1-mingw-w64-i686-arm-none-eabi/bin/../lib/gcc/arm-none-eabi/12.2.0/thumb/v7-m/nofp\libc_nano.a(libc_a-fprintf.o)
                              OBJ/i2c_software.o (fprintf)
e:/windows/programs/arm-gnu-toolchain-12.2.mpacbti-bet1-mingw-w64-i686-arm-none-eabi/bin/../lib/gcc/arm-none-eabi/12.2.0/thumb/v7-m/nofp\libc_nano.a(libc_a-fwalk.o)
                              e:/windows/programs/arm-gnu-toolchain-12.2.mpacbti-bet1-mingw-w64-i686-arm-none-eabi/bin/../lib/gcc/arm-none-eabi/12.2.0/thumb/v7-m/nofp\libc_nano.a(libc_a-findfp.o) (_fwalk_sglue)
e:/windows/programs/arm-gnu-toolchain-12.2.mpacbti-bet1-mingw-w64-i686-arm-none-eabi/bin/../lib/gcc/arm-none-eabi/12.2.0/thumb/v7-m/nofp\libc_nano.a(libc_a-printf.o)
                              OBJ/USART.o (printf)
e:/windows/programs/arm-gnu-toolchain-12.2.mpacbti-bet1-mingw-w64-i686-arm-none-eabi/bin/../lib/gcc/arm-none-eabi/12.2.0/thumb/v7-m/nofp\libc_nano.a(libc_a-puts.o)
                              OBJ/i2c_software.o (puts)
e:/windows/programs/arm-gnu-toolchain-12.2.mpacbti-bet1-mingw-w64-i686-arm-none-eabi/bin/../lib/gcc/arm-none-eabi/12.2.0/thumb/v7-m/nofp\libc_nano.a(libc_a-setvbuf.o)
                              OBJ/USART.o (setvbuf)
e:/windows/programs/arm-gnu-toolchain-12.2.mpacbti-bet1-mingw-w64-i686-arm-none-eabi/bin/../lib/gcc/arm-none-eabi/12.2.0/thumb/v7-m/nofp\libc_nano.a(libc_a-stdio.o)
                              e:/windows/programs/arm-gnu-toolchain-12.2.mpacbti-bet1-mingw-w64-i686-arm-none-eabi/bin/../lib/gcc/arm-none-eabi/12.2.0/thumb/v7-m/nofp\libc_nano.a(libc_a-findfp.o) (__sread)
e:/windows/programs/arm-gnu-toolchain-12.2.mpacbti-bet1-mingw-w64-i686-arm-none-eabi/bin/../lib/gcc/arm-none-eabi/12.2.0/thumb/v7-m/nofp\libc_nano.a(libc_a-wbuf.o)
                              e:/windows/programs/arm-gnu-toolchain-12.2.mpacbti-bet1-mingw-w64-i686-arm-none-eabi/bin/../lib/gcc/arm-none-eabi/12.2.0/thumb/v7-m/nofp\libc_nano.a(libc_a-puts.o) (__swbuf_r)
e:/windows/programs/arm-gnu-toolchain-12.2.mpacbti-bet1-mingw-w64-i686-arm-none-eabi/bin/../lib/gcc/arm-none-eabi/12.2.0/thumb/v7-m/nofp\libc_nano.a(libc_a-wsetup.o)
                              e:/windows/programs/arm-gnu-toolchain-12.2.mpacbti-bet1-mingw-w64-i686-arm-none-eabi/bin/../lib/gcc/arm-none-eabi/12.2.0/thumb/v7-m/nofp\libc_nano.a(libc_a-puts.o) (__swsetup_r)
e:/windows/programs/arm-gnu-toolchain-12.2.mpacbti-bet1-mingw-w64-i686-arm-none-eabi/bin/../lib/gcc/arm-none-eabi/12.2.0/thumb/v7-m/nofp\libc_nano.a(libc_a-memcmp.o)
                              OBJ/ff.o (memcmp)
e:/windows/programs/arm-gnu-toolchain-12.2.mpacbti-bet1-mingw-w64-i686-arm-none-eabi/bin/../lib/gcc/arm-none-eabi/12.2.0/thumb/v7-m/nofp\libc_nano.a(libc_a-memset.o)
                              e:/windows/programs/arm-gnu-toolchain-12.2.mpacbti-bet1-mingw-w64-i686-arm-none-eabi/bin/../lib/gcc/arm-none-eabi/12.2.0/thumb/v7-m/nofp/crt0.o (memset)
e:/windows/programs/arm-gnu-toolchain-12.2.mpacbti-bet1-mingw-w64-i686-arm-none-eabi/bin/../lib/gcc/arm-none-eabi/12.2.0/thumb/v7-m/nofp\libc_nano.a(libc_a-strchr.o)
                              OBJ/ff.o (strchr)
[...]
Memory Configuration

Name             Origin             Length             Attributes
RAM              0x20000000         0x00010000         xrw
FLASH            0x08000000         0x00080000         xr
*default*        0x00000000         0xffffffff

Linker script and memory map

LOAD e:/windows/programs/arm-gnu-toolchain-12.2.mpacbti-bet1-mingw-w64-i686-arm-none-eabi/bin/../lib/gcc/arm-none-eabi/12.2.0/thumb/v7-m/nofp/crti.o
LOAD e:/windows/programs/arm-gnu-toolchain-12.2.mpacbti-bet1-mingw-w64-i686-arm-none-eabi/bin/../lib/gcc/arm-none-eabi/12.2.0/thumb/v7-m/nofp/crtbegin.o
LOAD e:/windows/programs/arm-gnu-toolchain-12.2.mpacbti-bet1-mingw-w64-i686-arm-none-eabi/bin/../lib/gcc/arm-none-eabi/12.2.0/thumb/v7-m/nofp/crt0.o
LOAD OBJ/core_cm3.o
LOAD OBJ/misc.o
LOAD OBJ/stm32f10x_rcc.o
LOAD OBJ/stm32f10x_gpio.o
LOAD OBJ/stm32f10x_usart.o
LOAD OBJ/stm32f10x_exti.o
LOAD OBJ/stm32f10x_iwdg.o
LOAD OBJ/stm32f10x_wwdg.o
LOAD OBJ/stm32f10x_tim.o
LOAD OBJ/stm32f10x_dma.o
LOAD OBJ/stm32f10x_i2c.o
LOAD OBJ/stm32f10x_spi.o
LOAD OBJ/stm32f10x_fsmc.o
LOAD OBJ/stm32f10x_sdio.o
LOAD OBJ/delay.o
LOAD OBJ/sys.o
LOAD OBJ/ff.o
LOAD OBJ/diskio.o
LOAD OBJ/ffunicode.o
LOAD OBJ/stm32f10x_it.o
LOAD OBJ/system_stm32f10x.o
LOAD OBJ/main.o
LOAD OBJ/LED.o
LOAD OBJ/BEEP.o
LOAD OBJ/KEY.o
LOAD OBJ/USART.o
LOAD OBJ/exti.o
LOAD OBJ/iwdg.o
LOAD OBJ/wwdg.o
LOAD OBJ/tim.o
LOAD OBJ/pwm_out.o
LOAD OBJ/cap.o
LOAD OBJ/tpad.o
LOAD OBJ/dma.o
LOAD OBJ/i2c_software.o
LOAD OBJ/i2c_hardware.o
LOAD OBJ/exFlash.o
LOAD OBJ/exFlashFatFs.o
LOAD OBJ/lcd.o
LOAD OBJ/stm32_eval_sdio_sd.o
LOAD OBJ/SDCard.o
LOAD OBJ/Flash_Download.o
LOAD OBJ/Flash_Font.o
LOAD OBJ/startup_stm32f103xe.o
LOAD e:/windows/programs/arm-gnu-toolchain-12.2.mpacbti-bet1-mingw-w64-i686-arm-none-eabi/bin/../lib/gcc/arm-none-eabi/12.2.0/thumb/v7-m/nofp\libc_nano.a
LOAD e:/windows/programs/arm-gnu-toolchain-12.2.mpacbti-bet1-mingw-w64-i686-arm-none-eabi/bin/../lib/gcc/arm-none-eabi/12.2.0/thumb/v7-m/nofp\libm.a
LOAD e:/windows/programs/arm-gnu-toolchain-12.2.mpacbti-bet1-mingw-w64-i686-arm-none-eabi/bin/../lib/gcc/arm-none-eabi/12.2.0/thumb/v7-m/nofp\libnosys.a
START GROUP
LOAD e:/windows/programs/arm-gnu-toolchain-12.2.mpacbti-bet1-mingw-w64-i686-arm-none-eabi/bin/../lib/gcc/arm-none-eabi/12.2.0/thumb/v7-m/nofp\libgcc.a
LOAD e:/windows/programs/arm-gnu-toolchain-12.2.mpacbti-bet1-mingw-w64-i686-arm-none-eabi/bin/../lib/gcc/arm-none-eabi/12.2.0/thumb/v7-m/nofp\libc_nano.a
END GROUP
START GROUP
LOAD e:/windows/programs/arm-gnu-toolchain-12.2.mpacbti-bet1-mingw-w64-i686-arm-none-eabi/bin/../lib/gcc/arm-none-eabi/12.2.0/thumb/v7-m/nofp\libgcc.a
LOAD e:/windows/programs/arm-gnu-toolchain-12.2.mpacbti-bet1-mingw-w64-i686-arm-none-eabi/bin/../lib/gcc/arm-none-eabi/12.2.0/thumb/v7-m/nofp\libc_nano.a
END GROUP
LOAD e:/windows/programs/arm-gnu-toolchain-12.2.mpacbti-bet1-mingw-w64-i686-arm-none-eabi/bin/../lib/gcc/arm-none-eabi/12.2.0/thumb/v7-m/nofp/crtend.o
LOAD e:/windows/programs/arm-gnu-toolchain-12.2.mpacbti-bet1-mingw-w64-i686-arm-none-eabi/bin/../lib/gcc/arm-none-eabi/12.2.0/thumb/v7-m/nofp/crtn.o
                0x20010000                        _estack = (ORIGIN (RAM) + LENGTH (RAM))
                0x00000200                        _Min_Heap_Size = 0x200
                0x00000400                        _Min_Stack_Size = 0x400

.isr_vector     0x08000000      0x1e4
                0x08000000                        . = ALIGN (0x4)
 *(.isr_vector)
 .isr_vector    0x08000000      0x1e4 OBJ/startup_stm32f103xe.o
                0x08000000                g_pfnVectors
                0x080001e4                        . = ALIGN (0x4)

.text           0x080001e8     0x4e84
                0x080001e8                        . = ALIGN (0x4)
 *(.text)
 .text          0x080001e8       0x10 e:/windows/programs/arm-gnu-toolchain-12.2.mpacbti-bet1-mingw-w64-i686-arm-none-eabi/bin/../lib/gcc/arm-none-eabi/12.2.0/thumb/v7-m/nofp\libc_nano.a(libc_a-strlen.o)
                0x080001e8                strlen
 .text          0x080001f8      0x378 e:/windows/programs/arm-gnu-toolchain-12.2.mpacbti-bet1-mingw-w64-i686-arm-none-eabi/bin/../lib/gcc/arm-none-eabi/12.2.0/thumb/v7-m/nofp\libgcc.a(_arm_addsubdf3.o)
                0x080001f8                __aeabi_drsub
                0x08000200                __aeabi_dsub
                0x08000200                __subdf3
                0x08000204                __aeabi_dadd
                0x08000204                __adddf3
                0x0800047c                __floatunsidf
                0x0800047c                __aeabi_ui2d
                0x0800049c                __floatsidf
                0x0800049c                __aeabi_i2d
                0x080004c0                __aeabi_f2d
                0x080004c0                __extendsfdf2
                0x08000504                __floatundidf
                0x08000504                __aeabi_ul2d
                0x08000514                __floatdidf
                0x08000514                __aeabi_l2d
 .text          0x08000570      0x424 e:/windows/programs/arm-gnu-toolchain-12.2.mpacbti-bet1-mingw-w64-i686-arm-none-eabi/bin/../lib/gcc/arm-none-eabi/12.2.0/thumb/v7-m/nofp\libgcc.a(_arm_muldivdf3.o)
                0x08000570                __aeabi_dmul
                0x08000570                __muldf3
                0x080007c4                __divdf3
                0x080007c4                __aeabi_ddiv
 .text          0x08000994      0x110 e:/windows/programs/arm-gnu-toolchain-12.2.mpacbti-bet1-mingw-w64-i686-arm-none-eabi/bin/../lib/gcc/arm-none-eabi/12.2.0/thumb/v7-m/nofp\libgcc.a(_arm_cmpdf2.o)
                0x08000994                __gtdf2
                0x08000994                __gedf2
                0x0800099c                __ltdf2
                0x0800099c                __ledf2
                0x080009a4                __nedf2
                0x080009a4                __eqdf2
                0x080009a4                __cmpdf2
                0x08000a20                __aeabi_cdrcmple
                0x08000a30                __aeabi_cdcmpeq
                0x08000a30                __aeabi_cdcmple
                0x08000a40                __aeabi_dcmpeq
                0x08000a54                __aeabi_dcmplt
                0x08000a68                __aeabi_dcmple
                0x08000a7c                __aeabi_dcmpge
                0x08000a90                __aeabi_dcmpgt
 .text          0x08000aa4       0x50 e:/windows/programs/arm-gnu-toolchain-12.2.mpacbti-bet1-mingw-w64-i686-arm-none-eabi/bin/../lib/gcc/arm-none-eabi/12.2.0/thumb/v7-m/nofp\libgcc.a(_arm_fixdfsi.o)
                0x08000aa4                __aeabi_d2iz
                0x08000aa4                __fixdfsi
 .text          0x08000af4       0x40 e:/windows/programs/arm-gnu-toolchain-12.2.mpacbti-bet1-mingw-w64-i686-arm-none-eabi/bin/../lib/gcc/arm-none-eabi/12.2.0/thumb/v7-m/nofp\libgcc.a(_arm_fixunsdfsi.o)
                0x08000af4                __aeabi_d2uiz
                0x08000af4                __fixunsdfsi
 *(.text*)
 .text.deregister_tm_clones
                0x08000b34       0x1c e:/windows/programs/arm-gnu-toolchain-12.2.mpacbti-bet1-mingw-w64-i686-arm-none-eabi/bin/../lib/gcc/arm-none-eabi/12.2.0/thumb/v7-m/nofp/crtbegin.o
 .text.register_tm_clones
                0x08000b50       0x24 e:/windows/programs/arm-gnu-toolchain-12.2.mpacbti-bet1-mingw-w64-i686-arm-none-eabi/bin/../lib/gcc/arm-none-eabi/12.2.0/thumb/v7-m/nofp/crtbegin.o
 .text.__do_global_dtors_aux
                0x08000b74       0x28 e:/windows/programs/arm-gnu-toolchain-12.2.mpacbti-bet1-mingw-w64-i686-arm-none-eabi/bin/../lib/gcc/arm-none-eabi/12.2.0/thumb/v7-m/nofp/crtbegin.o
 .text.frame_dummy
                0x08000b9c       0x24 e:/windows/programs/arm-gnu-toolchain-12.2.mpacbti-bet1-mingw-w64-i686-arm-none-eabi/bin/../lib/gcc/arm-none-eabi/12.2.0/thumb/v7-m/nofp/crtbegin.o
 .text.NVIC_Init
                0x08000bc0       0x60 OBJ/misc.o
                0x08000bc0                NVIC_Init
 .text.SysTick_CLKSourceConfig
                0x08000c20       0x20 OBJ/misc.o
                0x08000c20                SysTick_CLKSourceConfig
 .text.RCC_GetClocksFreq
                0x08000c40       0xbc OBJ/stm32f10x_rcc.o
                0x08000c40                RCC_GetClocksFreq
 .text.RCC_AHBPeriphClockCmd
                0x08000cfc       0x1c OBJ/stm32f10x_rcc.o
                0x08000cfc                RCC_AHBPeriphClockCmd
 .text.RCC_APB2PeriphClockCmd
                0x08000d18       0x1c OBJ/stm32f10x_rcc.o
                0x08000d18                RCC_APB2PeriphClockCmd
 .text.RCC_APB1PeriphClockCmd
                0x08000d34       0x1c OBJ/stm32f10x_rcc.o
                0x08000d34                RCC_APB1PeriphClockCmd
 .text.GPIO_Init
                0x08000d50       0xb0 OBJ/stm32f10x_gpio.o
                0x08000d50                GPIO_Init
 .text.GPIO_ReadInputDataBit
                0x08000e00        0xe OBJ/stm32f10x_gpio.o
                0x08000e00                GPIO_ReadInputDataBit
 .text.GPIO_SetBits
                0x08000e0e        0x4 OBJ/stm32f10x_gpio.o
                0x08000e0e                GPIO_SetBits
 .text.GPIO_ResetBits
                0x08000e12        0x4 OBJ/stm32f10x_gpio.o
                0x08000e12                GPIO_ResetBits
 *fill*         0x08000e16        0x2 
 .text.USART_Init
                0x08000e18       0xc4 OBJ/stm32f10x_usart.o
                0x08000e18                USART_Init
 .text.USART_Cmd
                0x08000edc       0x1c OBJ/stm32f10x_usart.o
                0x08000edc                USART_Cmd
 .text.USART_ITConfig
                0x08000ef8       0x36 OBJ/stm32f10x_usart.o
                0x08000ef8                USART_ITConfig
 .text.USART_SendData
                0x08000f2e        0x8 OBJ/stm32f10x_usart.o
                0x08000f2e                USART_SendData
 .text.USART_ReceiveData
                0x08000f36        0x8 OBJ/stm32f10x_usart.o
                0x08000f36                USART_ReceiveData
 .text.USART_GetITStatus
                0x08000f3e       0x4a OBJ/stm32f10x_usart.o
                0x08000f3e                USART_GetITStatus
 .text.EXTI_ClearITPendingBit
                0x08000f88        0xc OBJ/stm32f10x_exti.o
                0x08000f88                EXTI_ClearITPendingBit
 .text.WWDG_SetCounter
                0x08000f94       0x10 OBJ/stm32f10x_wwdg.o
                0x08000f94                WWDG_SetCounter
 .text.WWDG_ClearFlag
                0x08000fa4        0xc OBJ/stm32f10x_wwdg.o
                0x08000fa4                WWDG_ClearFlag
 .text.TIM_OC1PolarityConfig
                0x08000fb0        0xe OBJ/stm32f10x_tim.o
                0x08000fb0                TIM_OC1PolarityConfig
 .text.TIM_GetCapture1
                0x08000fbe        0x6 OBJ/stm32f10x_tim.o
                0x08000fbe                TIM_GetCapture1
 .text.TIM_GetITStatus
                0x08000fc4       0x18 OBJ/stm32f10x_tim.o
                0x08000fc4                TIM_GetITStatus
 .text.TIM_ClearITPendingBit
                0x08000fdc        0x8 OBJ/stm32f10x_tim.o
                0x08000fdc                TIM_ClearITPendingBit
 .text.SPI_Init
                0x08000fe4       0x4e OBJ/stm32f10x_spi.o
                0x08000fe4                SPI_Init
 .text.SPI_Cmd  0x08001032       0x1c OBJ/stm32f10x_spi.o
                0x08001032                SPI_Cmd
 .text.SPI_I2S_SendData
                0x0800104e        0x4 OBJ/stm32f10x_spi.o
                0x0800104e                SPI_I2S_SendData
 .text.SPI_I2S_ReceiveData
                0x08001052        0x6 OBJ/stm32f10x_spi.o
                0x08001052                SPI_I2S_ReceiveData
 .text.SPI_I2S_GetFlagStatus
                0x08001058        0xe OBJ/stm32f10x_spi.o
                0x08001058                SPI_I2S_GetFlagStatus
 .text.FSMC_NORSRAMInit
                0x08001066       0xc8 OBJ/stm32f10x_fsmc.o
                0x08001066                FSMC_NORSRAMInit
 *fill*         0x0800112e        0x2 
 .text.FSMC_NORSRAMCmd
                0x08001130       0x2c OBJ/stm32f10x_fsmc.o
                0x08001130                FSMC_NORSRAMCmd
 .text.SDIO_ITConfig
                0x0800115c       0x1c OBJ/stm32f10x_sdio.o
                0x0800115c                SDIO_ITConfig
 .text.SDIO_ClearITPendingBit
                0x08001178        0xc OBJ/stm32f10x_sdio.o
                0x08001178                SDIO_ClearITPendingBit
 .text.__delay_impl
                0x08001184       0x42 OBJ/delay.o
 *fill*         0x080011c6        0x2 
 .text.delay_init
                0x080011c8       0x3c OBJ/delay.o
                0x080011c8                delay_init
 .text.delay_us
                0x08001204       0x14 OBJ/delay.o
                0x08001204                delay_us
 .text.delay_ms
                0x08001218       0x14 OBJ/delay.o
                0x08001218                delay_ms
 .text.NMI_Handler
                0x0800122c        0x2 OBJ/stm32f10x_it.o
                0x0800122c                NMI_Handler
 .text.HardFault_Handler
                0x0800122e        0x2 OBJ/stm32f10x_it.o
                0x0800122e                HardFault_Handler
 .text.MemManage_Handler
                0x08001230        0x2 OBJ/stm32f10x_it.o
                0x08001230                MemManage_Handler
 .text.BusFault_Handler
                0x08001232        0x2 OBJ/stm32f10x_it.o
                0x08001232                BusFault_Handler
 .text.UsageFault_Handler
                0x08001234        0x2 OBJ/stm32f10x_it.o
                0x08001234                UsageFault_Handler
 .text.SVC_Handler
                0x08001236        0x2 OBJ/stm32f10x_it.o
                0x08001236                SVC_Handler
 .text.DebugMon_Handler
                0x08001238        0x2 OBJ/stm32f10x_it.o
                0x08001238                DebugMon_Handler
 .text.PendSV_Handler
                0x0800123a        0x2 OBJ/stm32f10x_it.o
                0x0800123a                PendSV_Handler
 .text.SysTick_Handler
                0x0800123c        0x2 OBJ/stm32f10x_it.o
                0x0800123c                SysTick_Handler
 *fill*         0x0800123e        0x2 
 .text.SetSysClockTo72
                0x08001240       0xc4 OBJ/system_stm32f10x.o
 .text.SetSysClock
                0x08001304        0x8 OBJ/system_stm32f10x.o
 .text.SystemInit
                0x0800130c       0x50 OBJ/system_stm32f10x.o
                0x0800130c                SystemInit
 .text.main     0x0800135c        0xa OBJ/main.o
                0x0800135c                main
 *fill*         0x08001366        0x2 
 .text._write   0x08001368       0x2c OBJ/USART.o
                0x08001368                _write
 .text.USART1_Init
                0x08001394       0x8c OBJ/USART.o
                0x08001394                USART1_Init
 .text.USART1_IRQHandler
                0x08001420       0x28 OBJ/USART.o
                0x08001420                USART1_IRQHandler
 .text.EXTI0_IRQHandler
                0x08001448       0x48 OBJ/exti.o
                0x08001448                EXTI0_IRQHandler
 .text.EXTI3_IRQHandler
                0x08001490       0x34 OBJ/exti.o
                0x08001490                EXTI3_IRQHandler
 .text.EXTI4_IRQHandler
                0x080014c4       0x34 OBJ/exti.o
                0x080014c4                EXTI4_IRQHandler
 .text.WWDG_IRQHandler
                0x080014f8       0x14 OBJ/wwdg.o
                0x080014f8                WWDG_IRQHandler
 .text.TIM3_IRQHandler
                0x0800150c       0x34 OBJ/tim.o
                0x0800150c                TIM3_IRQHandler
 .text.TIM5_IRQHandler
                0x08001540       0xac OBJ/cap.o
                0x08001540                TIM5_IRQHandler
 .text.Flash_EX_Init
                0x080015ec       0xbc OBJ/exFlash.o
                0x080015ec                Flash_EX_Init
 .text.__Flash_EX_Byte_Impl
                0x080016a8       0x80 OBJ/exFlash.o
                0x080016a8                __Flash_EX_Byte_Impl
 .text.Flash_EX_Send_Byte
                0x08001728       0x4c OBJ/exFlash.o
                0x08001728                Flash_EX_Send_Byte
 .text.Flash_EX_Recieve_Byte
                0x08001774       0x44 OBJ/exFlash.o
                0x08001774                Flash_EX_Recieve_Byte
 .text.Flash_EX_Read_SR
                0x080017b8       0x84 OBJ/exFlash.o
                0x080017b8                Flash_EX_Read_SR
 .text.Flash_EX_Synchronize
                0x0800183c       0x26 OBJ/exFlash.o
                0x0800183c                Flash_EX_Synchronize
 *fill*         0x08001862        0x2 
 .text.Flash_EX_Read
                0x08001864      0x1c4 OBJ/exFlash.o
                0x08001864                Flash_EX_Read
 .text.LCD_Init
                0x08001a28      0xa4c OBJ/lcd.o
                0x08001a28                LCD_Init
 .text.LCD_Read_ID
                0x08002474       0x54 OBJ/lcd.o
                0x08002474                LCD_Read_ID
 .text.LCD_Read_Pixel_Format
                0x080024c8       0x28 OBJ/lcd.o
                0x080024c8                LCD_Read_Pixel_Format
 .text.__LCD_Set_Window
                0x080024f0       0x58 OBJ/lcd.o
                0x080024f0                __LCD_Set_Window
 .text.LCD_Draw_SolidRect
                0x08002548       0x80 OBJ/lcd.o
                0x08002548                LCD_Draw_SolidRect
 .text.LCD_Fill
                0x080025c8       0x20 OBJ/lcd.o
                0x080025c8                LCD_Fill
 .text.LCD_Draw_Point
                0x080025e8       0x50 OBJ/lcd.o
                0x080025e8                LCD_Draw_Point
 .text.LCD_Draw_Line
                0x08002638      0x1b2 OBJ/lcd.o
                0x08002638                LCD_Draw_Line
 *fill*         0x080027ea        0x2 
 .text.LCD_Draw_Text
                0x080027ec      0x100 OBJ/lcd.o
                0x080027ec                LCD_Draw_Text
 *fill*         0x080028ec        0x4 
 .text.LCD_Run  0x080028f0      0x114 OBJ/lcd.o
                0x080028f0                LCD_Run
 .text.CmdResp1Error
                0x08002a04       0x20 OBJ/stm32_eval_sdio_sd.o
 .text.SD_ProcessIRQSrc
                0x08002a24       0x58 OBJ/stm32_eval_sdio_sd.o
                0x08002a24                SD_ProcessIRQSrc
 .text.SDIO_IRQHandler
                0x08002a7c        0x8 OBJ/stm32_eval_sdio_sd.o
                0x08002a7c                SDIO_IRQHandler
 .text.Flash_Utf8_To_Unicode
                0x08002a84      0x10e OBJ/Flash_Font.o
 *fill*         0x08002b92        0x2 
 .text.FLASH_Font_DeCode
                0x08002b94       0xd0 OBJ/Flash_Font.o
                0x08002b94                FLASH_Font_DeCode
 .text.Reset_Handler
                0x08002c64       0x48 OBJ/startup_stm32f103xe.o
                0x08002c64                Reset_Handler
 .text.Default_Handler
                0x08002cac        0x2 OBJ/startup_stm32f103xe.o
                0x08002cac                RTC_Alarm_IRQHandler
                0x08002cac                EXTI2_IRQHandler
                0x08002cac                TIM8_TRG_COM_IRQHandler
                0x08002cac                TIM8_CC_IRQHandler
                0x08002cac                TIM1_CC_IRQHandler
                0x08002cac                TIM6_IRQHandler
                0x08002cac                PVD_IRQHandler
                0x08002cac                I2C2_EV_IRQHandler
                0x08002cac                ADC1_2_IRQHandler
                0x08002cac                SPI1_IRQHandler
                0x08002cac                TAMPER_IRQHandler
                0x08002cac                TIM8_UP_IRQHandler
                0x08002cac                DMA2_Channel2_IRQHandler
                0x08002cac                DMA1_Channel4_IRQHandler
                0x08002cac                USART3_IRQHandler
                0x08002cac                RTC_IRQHandler
                0x08002cac                DMA1_Channel7_IRQHandler
                0x08002cac                CAN1_RX1_IRQHandler
                0x08002cac                UART5_IRQHandler
                0x08002cac                ADC3_IRQHandler
                0x08002cac                TIM4_IRQHandler
                0x08002cac                DMA2_Channel1_IRQHandler
                0x08002cac                I2C1_EV_IRQHandler
                0x08002cac                DMA1_Channel6_IRQHandler
                0x08002cac                UART4_IRQHandler
                0x08002cac                RCC_IRQHandler
                0x08002cac                TIM1_TRG_COM_IRQHandler
                0x08002cac                DMA1_Channel1_IRQHandler
                0x08002cac                Default_Handler
                0x08002cac                EXTI15_10_IRQHandler
                0x08002cac                TIM7_IRQHandler
                0x08002cac                EXTI9_5_IRQHandler
                0x08002cac                SPI2_IRQHandler
                0x08002cac                DMA1_Channel5_IRQHandler
                0x08002cac                USB_LP_CAN1_RX0_IRQHandler
                0x08002cac                USB_HP_CAN1_TX_IRQHandler
                0x08002cac                DMA1_Channel3_IRQHandler
                0x08002cac                FSMC_IRQHandler
                0x08002cac                TIM1_UP_IRQHandler
                0x08002cac                TIM2_IRQHandler
                0x08002cac                TIM1_BRK_IRQHandler
                0x08002cac                EXTI1_IRQHandler
                0x08002cac                DMA2_Channel4_5_IRQHandler
                0x08002cac                USART2_IRQHandler
                0x08002cac                I2C2_ER_IRQHandler
                0x08002cac                DMA1_Channel2_IRQHandler
                0x08002cac                TIM8_BRK_IRQHandler
                0x08002cac                CAN1_SCE_IRQHandler
                0x08002cac                FLASH_IRQHandler
                0x08002cac                SPI3_IRQHandler
                0x08002cac                I2C1_ER_IRQHandler
                0x08002cac                USBWakeUp_IRQHandler
                0x08002cac                DMA2_Channel3_IRQHandler
 *fill*         0x08002cae        0x2 
 .text.malloc   0x08002cb0       0x10 e:/windows/programs/arm-gnu-toolchain-12.2.mpacbti-bet1-mingw-w64-i686-arm-none-eabi/bin/../lib/gcc/arm-none-eabi/12.2.0/thumb/v7-m/nofp\libc_nano.a(libc_a-malloc.o)
                0x08002cb0                malloc
 .text.sbrk_aligned
                0x08002cc0       0x44 e:/windows/programs/arm-gnu-toolchain-12.2.mpacbti-bet1-mingw-w64-i686-arm-none-eabi/bin/../lib/gcc/arm-none-eabi/12.2.0/thumb/v7-m/nofp\libc_nano.a(libc_a-mallocr.o)
 .text._malloc_r
                0x08002d04       0xe0 e:/windows/programs/arm-gnu-toolchain-12.2.mpacbti-bet1-mingw-w64-i686-arm-none-eabi/bin/../lib/gcc/arm-none-eabi/12.2.0/thumb/v7-m/nofp\libc_nano.a(libc_a-mallocr.o)
                0x08002d04                _malloc_r
 .text.__malloc_lock
                0x08002de4        0xc e:/windows/programs/arm-gnu-toolchain-12.2.mpacbti-bet1-mingw-w64-i686-arm-none-eabi/bin/../lib/gcc/arm-none-eabi/12.2.0/thumb/v7-m/nofp\libc_nano.a(libc_a-mlock.o)
                0x08002de4                __malloc_lock
 .text.__malloc_unlock
                0x08002df0        0xc e:/windows/programs/arm-gnu-toolchain-12.2.mpacbti-bet1-mingw-w64-i686-arm-none-eabi/bin/../lib/gcc/arm-none-eabi/12.2.0/thumb/v7-m/nofp\libc_nano.a(libc_a-mlock.o)
                0x08002df0                __malloc_unlock
 .text.std      0x08002dfc       0x48 e:/windows/programs/arm-gnu-toolchain-12.2.mpacbti-bet1-mingw-w64-i686-arm-none-eabi/bin/../lib/gcc/arm-none-eabi/12.2.0/thumb/v7-m/nofp\libc_nano.a(libc_a-findfp.o)
 .text.stdio_exit_handler
                0x08002e44       0x18 e:/windows/programs/arm-gnu-toolchain-12.2.mpacbti-bet1-mingw-w64-i686-arm-none-eabi/bin/../lib/gcc/arm-none-eabi/12.2.0/thumb/v7-m/nofp\libc_nano.a(libc_a-findfp.o)
 .text.cleanup_stdio
                0x08002e5c       0x40 e:/windows/programs/arm-gnu-toolchain-12.2.mpacbti-bet1-mingw-w64-i686-arm-none-eabi/bin/../lib/gcc/arm-none-eabi/12.2.0/thumb/v7-m/nofp\libc_nano.a(libc_a-findfp.o)
 .text.global_stdio_init.part.0
                0x08002e9c       0x3c e:/windows/programs/arm-gnu-toolchain-12.2.mpacbti-bet1-mingw-w64-i686-arm-none-eabi/bin/../lib/gcc/arm-none-eabi/12.2.0/thumb/v7-m/nofp\libc_nano.a(libc_a-findfp.o)
 .text.__sfp_lock_acquire
                0x08002ed8        0xc e:/windows/programs/arm-gnu-toolchain-12.2.mpacbti-bet1-mingw-w64-i686-arm-none-eabi/bin/../lib/gcc/arm-none-eabi/12.2.0/thumb/v7-m/nofp\libc_nano.a(libc_a-findfp.o)
                0x08002ed8                __sfp_lock_acquire
 .text.__sfp_lock_release
                0x08002ee4        0xc e:/windows/programs/arm-gnu-toolchain-12.2.mpacbti-bet1-mingw-w64-i686-arm-none-eabi/bin/../lib/gcc/arm-none-eabi/12.2.0/thumb/v7-m/nofp\libc_nano.a(libc_a-findfp.o)
                0x08002ee4                __sfp_lock_release
 .text.__sinit  0x08002ef0       0x30 e:/windows/programs/arm-gnu-toolchain-12.2.mpacbti-bet1-mingw-w64-i686-arm-none-eabi/bin/../lib/gcc/arm-none-eabi/12.2.0/thumb/v7-m/nofp\libc_nano.a(libc_a-findfp.o)
                0x08002ef0                __sinit
 .text.fprintf  0x08002f20       0x24 e:/windows/programs/arm-gnu-toolchain-12.2.mpacbti-bet1-mingw-w64-i686-arm-none-eabi/bin/../lib/gcc/arm-none-eabi/12.2.0/thumb/v7-m/nofp\libc_nano.a(libc_a-fprintf.o)
                0x08002f20                fiprintf
                0x08002f20                fprintf
 .text._fwalk_sglue
                0x08002f44       0x3c e:/windows/programs/arm-gnu-toolchain-12.2.mpacbti-bet1-mingw-w64-i686-arm-none-eabi/bin/../lib/gcc/arm-none-eabi/12.2.0/thumb/v7-m/nofp\libc_nano.a(libc_a-fwalk.o)
                0x08002f44                _fwalk_sglue
 .text.printf   0x08002f80       0x24 e:/windows/programs/arm-gnu-toolchain-12.2.mpacbti-bet1-mingw-w64-i686-arm-none-eabi/bin/../lib/gcc/arm-none-eabi/12.2.0/thumb/v7-m/nofp\libc_nano.a(libc_a-printf.o)
                0x08002f80                iprintf
                0x08002f80                printf
 .text.setvbuf  0x08002fa4      0x168 e:/windows/programs/arm-gnu-toolchain-12.2.mpacbti-bet1-mingw-w64-i686-arm-none-eabi/bin/../lib/gcc/arm-none-eabi/12.2.0/thumb/v7-m/nofp\libc_nano.a(libc_a-setvbuf.o)
                0x08002fa4                setvbuf
 .text.__sread  0x0800310c       0x22 e:/windows/programs/arm-gnu-toolchain-12.2.mpacbti-bet1-mingw-w64-i686-arm-none-eabi/bin/../lib/gcc/arm-none-eabi/12.2.0/thumb/v7-m/nofp\libc_nano.a(libc_a-stdio.o)
                0x0800310c                __sread
 .text.__swrite
                0x0800312e       0x38 e:/windows/programs/arm-gnu-toolchain-12.2.mpacbti-bet1-mingw-w64-i686-arm-none-eabi/bin/../lib/gcc/arm-none-eabi/12.2.0/thumb/v7-m/nofp\libc_nano.a(libc_a-stdio.o)
                0x0800312e                __swrite
 .text.__sseek  0x08003166       0x24 e:/windows/programs/arm-gnu-toolchain-12.2.mpacbti-bet1-mingw-w64-i686-arm-none-eabi/bin/../lib/gcc/arm-none-eabi/12.2.0/thumb/v7-m/nofp\libc_nano.a(libc_a-stdio.o)
                0x08003166                __sseek
 .text.__sclose
                0x0800318a        0x8 e:/windows/programs/arm-gnu-toolchain-12.2.mpacbti-bet1-mingw-w64-i686-arm-none-eabi/bin/../lib/gcc/arm-none-eabi/12.2.0/thumb/v7-m/nofp\libc_nano.a(libc_a-stdio.o)
                0x0800318a                __sclose
 .text.__swbuf_r
                0x08003192       0x7c e:/windows/programs/arm-gnu-toolchain-12.2.mpacbti-bet1-mingw-w64-i686-arm-none-eabi/bin/../lib/gcc/arm-none-eabi/12.2.0/thumb/v7-m/nofp\libc_nano.a(libc_a-wbuf.o)
                0x08003192                __swbuf_r
 *fill*         0x0800320e        0x2 
 .text.__swsetup_r
                0x08003210       0xac e:/windows/programs/arm-gnu-toolchain-12.2.mpacbti-bet1-mingw-w64-i686-arm-none-eabi/bin/../lib/gcc/arm-none-eabi/12.2.0/thumb/v7-m/nofp\libc_nano.a(libc_a-wsetup.o)
                0x08003210                __swsetup_r
 .text.memset   0x080032bc       0x10 e:/windows/programs/arm-gnu-toolchain-12.2.mpacbti-bet1-mingw-w64-i686-arm-none-eabi/bin/../lib/gcc/arm-none-eabi/12.2.0/thumb/v7-m/nofp\libc_nano.a(libc_a-memset.o)
                0x080032bc                memset
 .text._close_r
                0x080032cc       0x20 e:/windows/programs/arm-gnu-toolchain-12.2.mpacbti-bet1-mingw-w64-i686-arm-none-eabi/bin/../lib/gcc/arm-none-eabi/12.2.0/thumb/v7-m/nofp\libc_nano.a(libc_a-closer.o)
                0x080032cc                _close_r
 .text._lseek_r
                0x080032ec       0x24 e:/windows/programs/arm-gnu-toolchain-12.2.mpacbti-bet1-mingw-w64-i686-arm-none-eabi/bin/../lib/gcc/arm-none-eabi/12.2.0/thumb/v7-m/nofp\libc_nano.a(libc_a-lseekr.o)
                0x080032ec                _lseek_r
 .text._read_r  0x08003310       0x24 e:/windows/programs/arm-gnu-toolchain-12.2.mpacbti-bet1-mingw-w64-i686-arm-none-eabi/bin/../lib/gcc/arm-none-eabi/12.2.0/thumb/v7-m/nofp\libc_nano.a(libc_a-readr.o)
                0x08003310                _read_r
 .text._sbrk_r  0x08003334       0x20 e:/windows/programs/arm-gnu-toolchain-12.2.mpacbti-bet1-mingw-w64-i686-arm-none-eabi/bin/../lib/gcc/arm-none-eabi/12.2.0/thumb/v7-m/nofp\libc_nano.a(libc_a-sbrkr.o)
                0x08003334                _sbrk_r
 .text._write_r
                0x08003354       0x24 e:/windows/programs/arm-gnu-toolchain-12.2.mpacbti-bet1-mingw-w64-i686-arm-none-eabi/bin/../lib/gcc/arm-none-eabi/12.2.0/thumb/v7-m/nofp\libc_nano.a(libc_a-writer.o)
                0x08003354                _write_r
 .text.__libc_init_array
                0x08003378       0x48 e:/windows/programs/arm-gnu-toolchain-12.2.mpacbti-bet1-mingw-w64-i686-arm-none-eabi/bin/../lib/gcc/arm-none-eabi/12.2.0/thumb/v7-m/nofp\libc_nano.a(libc_a-init.o)
                0x08003378                __libc_init_array
 .text.__retarget_lock_acquire_recursive
                0x080033c0        0x2 e:/windows/programs/arm-gnu-toolchain-12.2.mpacbti-bet1-mingw-w64-i686-arm-none-eabi/bin/../lib/gcc/arm-none-eabi/12.2.0/thumb/v7-m/nofp\libc_nano.a(libc_a-lock.o)
                0x080033c0                __retarget_lock_acquire_recursive
 .text.__retarget_lock_release_recursive
                0x080033c2        0x2 e:/windows/programs/arm-gnu-toolchain-12.2.mpacbti-bet1-mingw-w64-i686-arm-none-eabi/bin/../lib/gcc/arm-none-eabi/12.2.0/thumb/v7-m/nofp\libc_nano.a(libc_a-lock.o)
                0x080033c2                __retarget_lock_release_recursive
 .text._free_r  0x080033c4       0x90 e:/windows/programs/arm-gnu-toolchain-12.2.mpacbti-bet1-mingw-w64-i686-arm-none-eabi/bin/../lib/gcc/arm-none-eabi/12.2.0/thumb/v7-m/nofp\libc_nano.a(libc_a-freer.o)
                0x080033c4                _free_r
 .text.__sfputc_r
                0x08003454       0x2a e:/windows/programs/arm-gnu-toolchain-12.2.mpacbti-bet1-mingw-w64-i686-arm-none-eabi/bin/../lib/gcc/arm-none-eabi/12.2.0/thumb/v7-m/nofp\libc_nano.a(libc_a-nano-vfprintf.o)
 .text.__sfputs_r
                0x0800347e       0x24 e:/windows/programs/arm-gnu-toolchain-12.2.mpacbti-bet1-mingw-w64-i686-arm-none-eabi/bin/../lib/gcc/arm-none-eabi/12.2.0/thumb/v7-m/nofp\libc_nano.a(libc_a-nano-vfprintf.o)
                0x0800347e                __sfputs_r
 *fill*         0x080034a2        0x2 
 .text._vfprintf_r
                0x080034a4      0x230 e:/windows/programs/arm-gnu-toolchain-12.2.mpacbti-bet1-mingw-w64-i686-arm-none-eabi/bin/../lib/gcc/arm-none-eabi/12.2.0/thumb/v7-m/nofp\libc_nano.a(libc_a-nano-vfprintf.o)
                0x080034a4                _vfprintf_r
                0x080034a4                _vfiprintf_r
 .text._printf_common
                0x080036d4       0xe4 e:/windows/programs/arm-gnu-toolchain-12.2.mpacbti-bet1-mingw-w64-i686-arm-none-eabi/bin/../lib/gcc/arm-none-eabi/12.2.0/thumb/v7-m/nofp\libc_nano.a(libc_a-nano-vfprintf_i.o)
                0x080036d4                _printf_common
 .text._printf_i
                0x080037b8      0x25c e:/windows/programs/arm-gnu-toolchain-12.2.mpacbti-bet1-mingw-w64-i686-arm-none-eabi/bin/../lib/gcc/arm-none-eabi/12.2.0/thumb/v7-m/nofp\libc_nano.a(libc_a-nano-vfprintf_i.o)
                0x080037b8                _printf_i
 .text.__sflush_r
                0x08003a14      0x100 e:/windows/programs/arm-gnu-toolchain-12.2.mpacbti-bet1-mingw-w64-i686-arm-none-eabi/bin/../lib/gcc/arm-none-eabi/12.2.0/thumb/v7-m/nofp\libc_nano.a(libc_a-fflush.o)
                0x08003a14                __sflush_r
 .text._fflush_r
                0x08003b14       0x50 e:/windows/programs/arm-gnu-toolchain-12.2.mpacbti-bet1-mingw-w64-i686-arm-none-eabi/bin/../lib/gcc/arm-none-eabi/12.2.0/thumb/v7-m/nofp\libc_nano.a(libc_a-fflush.o)
                0x08003b14                _fflush_r
 .text.__swhatbuf_r
                0x08003b64       0x4a e:/windows/programs/arm-gnu-toolchain-12.2.mpacbti-bet1-mingw-w64-i686-arm-none-eabi/bin/../lib/gcc/arm-none-eabi/12.2.0/thumb/v7-m/nofp\libc_nano.a(libc_a-makebuf.o)
                0x08003b64                __swhatbuf_r
 .text.__smakebuf_r
                0x08003bae       0x78 e:/windows/programs/arm-gnu-toolchain-12.2.mpacbti-bet1-mingw-w64-i686-arm-none-eabi/bin/../lib/gcc/arm-none-eabi/12.2.0/thumb/v7-m/nofp\libc_nano.a(libc_a-makebuf.o)
                0x08003bae                __smakebuf_r
 *fill*         0x08003c26        0x2 
 .text._fstat_r
                0x08003c28       0x24 e:/windows/programs/arm-gnu-toolchain-12.2.mpacbti-bet1-mingw-w64-i686-arm-none-eabi/bin/../lib/gcc/arm-none-eabi/12.2.0/thumb/v7-m/nofp\libc_nano.a(libc_a-fstatr.o)
                0x08003c28                _fstat_r
 .text._isatty_r
                0x08003c4c       0x20 e:/windows/programs/arm-gnu-toolchain-12.2.mpacbti-bet1-mingw-w64-i686-arm-none-eabi/bin/../lib/gcc/arm-none-eabi/12.2.0/thumb/v7-m/nofp\libc_nano.a(libc_a-isattyr.o)
                0x08003c4c                _isatty_r
 .text.memchr   0x08003c6c       0x1c e:/windows/programs/arm-gnu-toolchain-12.2.mpacbti-bet1-mingw-w64-i686-arm-none-eabi/bin/../lib/gcc/arm-none-eabi/12.2.0/thumb/v7-m/nofp\libc_nano.a(libc_a-memchr-stub.o)
                0x08003c6c                memchr
 .text.cos      0x08003c88       0x88 e:/windows/programs/arm-gnu-toolchain-12.2.mpacbti-bet1-mingw-w64-i686-arm-none-eabi/bin/../lib/gcc/arm-none-eabi/12.2.0/thumb/v7-m/nofp\libm.a(libm_a-s_cos.o)
                0x08003c88                cos
 .text.sin      0x08003d10       0x94 e:/windows/programs/arm-gnu-toolchain-12.2.mpacbti-bet1-mingw-w64-i686-arm-none-eabi/bin/../lib/gcc/arm-none-eabi/12.2.0/thumb/v7-m/nofp\libm.a(libm_a-s_sin.o)
                0x08003d10                sin
 *fill*         0x08003da4        0x4 
 .text.__kernel_cos
                0x08003da8      0x250 e:/windows/programs/arm-gnu-toolchain-12.2.mpacbti-bet1-mingw-w64-i686-arm-none-eabi/bin/../lib/gcc/arm-none-eabi/12.2.0/thumb/v7-m/nofp\libm.a(libm_a-k_cos.o)
                0x08003da8                __kernel_cos
 .text.__kernel_sin
                0x08003ff8      0x16c e:/windows/programs/arm-gnu-toolchain-12.2.mpacbti-bet1-mingw-w64-i686-arm-none-eabi/bin/../lib/gcc/arm-none-eabi/12.2.0/thumb/v7-m/nofp\libm.a(libm_a-k_sin.o)
                0x08003ff8                __kernel_sin
 *fill*         0x08004164        0x4 
 .text.__ieee754_rem_pio2
                0x08004168      0x41c e:/windows/programs/arm-gnu-toolchain-12.2.mpacbti-bet1-mingw-w64-i686-arm-none-eabi/bin/../lib/gcc/arm-none-eabi/12.2.0/thumb/v7-m/nofp\libm.a(libm_a-e_rem_pio2.o)
                0x08004168                __ieee754_rem_pio2
 .text.fabs     0x08004584        0x8 e:/windows/programs/arm-gnu-toolchain-12.2.mpacbti-bet1-mingw-w64-i686-arm-none-eabi/bin/../lib/gcc/arm-none-eabi/12.2.0/thumb/v7-m/nofp\libm.a(libm_a-s_fabs.o)
                0x08004584                fabs
 .text.__kernel_rem_pio2
                0x0800458c      0x848 e:/windows/programs/arm-gnu-toolchain-12.2.mpacbti-bet1-mingw-w64-i686-arm-none-eabi/bin/../lib/gcc/arm-none-eabi/12.2.0/thumb/v7-m/nofp\libm.a(libm_a-k_rem_pio2.o)
                0x0800458c                __kernel_rem_pio2
 *fill*         0x08004dd4        0x4 
 .text.scalbn   0x08004dd8      0x104 e:/windows/programs/arm-gnu-toolchain-12.2.mpacbti-bet1-mingw-w64-i686-arm-none-eabi/bin/../lib/gcc/arm-none-eabi/12.2.0/thumb/v7-m/nofp\libm.a(libm_a-s_scalbn.o)
                0x08004dd8                scalbn
 *fill*         0x08004edc        0x4 
 .text.floor    0x08004ee0      0x108 e:/windows/programs/arm-gnu-toolchain-12.2.mpacbti-bet1-mingw-w64-i686-arm-none-eabi/bin/../lib/gcc/arm-none-eabi/12.2.0/thumb/v7-m/nofp\libm.a(libm_a-s_floor.o)
                0x08004ee0                floor
 .text._close   0x08004fe8       0x10 e:/windows/programs/arm-gnu-toolchain-12.2.mpacbti-bet1-mingw-w64-i686-arm-none-eabi/bin/../lib/gcc/arm-none-eabi/12.2.0/thumb/v7-m/nofp\libnosys.a(close.o)
                0x08004fe8                _close
 .text._fstat   0x08004ff8       0x10 e:/windows/programs/arm-gnu-toolchain-12.2.mpacbti-bet1-mingw-w64-i686-arm-none-eabi/bin/../lib/gcc/arm-none-eabi/12.2.0/thumb/v7-m/nofp\libnosys.a(fstat.o)
                0x08004ff8                _fstat
 .text._isatty  0x08005008       0x10 e:/windows/programs/arm-gnu-toolchain-12.2.mpacbti-bet1-mingw-w64-i686-arm-none-eabi/bin/../lib/gcc/arm-none-eabi/12.2.0/thumb/v7-m/nofp\libnosys.a(isatty.o)
                0x08005008                _isatty
 .text._lseek   0x08005018       0x10 e:/windows/programs/arm-gnu-toolchain-12.2.mpacbti-bet1-mingw-w64-i686-arm-none-eabi/bin/../lib/gcc/arm-none-eabi/12.2.0/thumb/v7-m/nofp\libnosys.a(lseek.o)
                0x08005018                _lseek
 .text._read    0x08005028       0x10 e:/windows/programs/arm-gnu-toolchain-12.2.mpacbti-bet1-mingw-w64-i686-arm-none-eabi/bin/../lib/gcc/arm-none-eabi/12.2.0/thumb/v7-m/nofp\libnosys.a(read.o)
                0x08005028                _read
 .text._sbrk    0x08005038       0x1c e:/windows/programs/arm-gnu-toolchain-12.2.mpacbti-bet1-mingw-w64-i686-arm-none-eabi/bin/../lib/gcc/arm-none-eabi/12.2.0/thumb/v7-m/nofp\libnosys.a(sbrk.o)
                0x08005038                _sbrk
 *(.glue_7)
 .glue_7        0x08005054        0x0 linker stubs
 *(.glue_7t)
 .glue_7t       0x08005054        0x0 linker stubs
 *(.eh_frame)
 .eh_frame      0x08005054        0x0 e:/windows/programs/arm-gnu-toolchain-12.2.mpacbti-bet1-mingw-w64-i686-arm-none-eabi/bin/../lib/gcc/arm-none-eabi/12.2.0/thumb/v7-m/nofp/crtbegin.o
 *(.init)
 .init          0x08005054        0x4 e:/windows/programs/arm-gnu-toolchain-12.2.mpacbti-bet1-mingw-w64-i686-arm-none-eabi/bin/../lib/gcc/arm-none-eabi/12.2.0/thumb/v7-m/nofp/crti.o
                0x08005054                _init
 .init          0x08005058        0x8 e:/windows/programs/arm-gnu-toolchain-12.2.mpacbti-bet1-mingw-w64-i686-arm-none-eabi/bin/../lib/gcc/arm-none-eabi/12.2.0/thumb/v7-m/nofp/crtn.o
 *(.fini)
 .fini          0x08005060        0x4 e:/windows/programs/arm-gnu-toolchain-12.2.mpacbti-bet1-mingw-w64-i686-arm-none-eabi/bin/../lib/gcc/arm-none-eabi/12.2.0/thumb/v7-m/nofp/crti.o
                0x08005060                _fini
 .fini          0x08005064        0x8 e:/windows/programs/arm-gnu-toolchain-12.2.mpacbti-bet1-mingw-w64-i686-arm-none-eabi/bin/../lib/gcc/arm-none-eabi/12.2.0/thumb/v7-m/nofp/crtn.o
                0x0800506c                        . = ALIGN (0x4)
                0x0800506c                        _etext = .

.vfp11_veneer   0x0800506c        0x0
 .vfp11_veneer  0x0800506c        0x0 linker stubs

.v4_bx          0x0800506c        0x0
 .v4_bx         0x0800506c        0x0 linker stubs

.iplt           0x0800506c        0x0
 .iplt          0x0800506c        0x0 e:/windows/programs/arm-gnu-toolchain-12.2.mpacbti-bet1-mingw-w64-i686-arm-none-eabi/bin/../lib/gcc/arm-none-eabi/12.2.0/thumb/v7-m/nofp/crtbegin.o

.rodata         0x08005070      0x398
                0x08005070                        . = ALIGN (0x4)
 *(.rodata)
 .rodata        0x08005070       0x1c OBJ/USART.o
 .rodata        0x0800508c       0x20 OBJ/lcd.o
 *(.rodata*)
 .rodata.__Flash_EX_Byte_Impl.str1.4
                0x080050ac       0x25 OBJ/exFlash.o
 *fill*         0x080050d1        0x3 
 .rodata.Flash_EX_Send_Byte.str1.4
                0x080050d4       0x23 OBJ/exFlash.o
 *fill*         0x080050f7        0x1 
 .rodata.__FUNCTION__.4
                0x080050f8        0xe OBJ/exFlash.o
 *fill*         0x08005106        0x2 
 .rodata.__FUNCTION__.6
                0x08005108       0x11 OBJ/exFlash.o
 *fill*         0x08005119        0x3 
 .rodata.__FUNCTION__.11
                0x0800511c       0x16 OBJ/exFlash.o
 *fill*         0x08005132        0x2 
 .rodata.__FUNCTION__.12
                0x08005134       0x13 OBJ/exFlash.o
 *fill*         0x08005147        0x1 
 .rodata.__FUNCTION__.13
                0x08005148       0x15 OBJ/exFlash.o
 *fill*         0x0800515d        0x3 
 .rodata.LCD_Read_ID.str1.4
                0x08005160       0x47 OBJ/lcd.o
 *fill*         0x080051a7        0x1 
 .rodata.LCD_Read_Pixel_Format.str1.4
                0x080051a8       0x17 OBJ/lcd.o
 *fill*         0x080051bf        0x1 
 .rodata.LCD_Run.str1.4
                0x080051c0       0x19 OBJ/lcd.o
 *fill*         0x080051d9        0x3 
 .rodata.dummyCharacter
                0x080051dc       0x20 OBJ/Flash_Font.o
 .rodata._vfprintf_r.str1.1
                0x080051fc       0x11 e:/windows/programs/arm-gnu-toolchain-12.2.mpacbti-bet1-mingw-w64-i686-arm-none-eabi/bin/../lib/gcc/arm-none-eabi/12.2.0/thumb/v7-m/nofp\libc_nano.a(libc_a-nano-vfprintf.o)
 .rodata._printf_i.str1.1
                0x0800520d       0x22 e:/windows/programs/arm-gnu-toolchain-12.2.mpacbti-bet1-mingw-w64-i686-arm-none-eabi/bin/../lib/gcc/arm-none-eabi/12.2.0/thumb/v7-m/nofp\libc_nano.a(libc_a-nano-vfprintf_i.o)
 *fill*         0x0800522f        0x1 
 .rodata.npio2_hw
                0x08005230       0x80 e:/windows/programs/arm-gnu-toolchain-12.2.mpacbti-bet1-mingw-w64-i686-arm-none-eabi/bin/../lib/gcc/arm-none-eabi/12.2.0/thumb/v7-m/nofp\libm.a(libm_a-e_rem_pio2.o)
 .rodata.two_over_pi
                0x080052b0      0x108 e:/windows/programs/arm-gnu-toolchain-12.2.mpacbti-bet1-mingw-w64-i686-arm-none-eabi/bin/../lib/gcc/arm-none-eabi/12.2.0/thumb/v7-m/nofp\libm.a(libm_a-e_rem_pio2.o)
 .rodata.PIo2   0x080053b8       0x40 e:/windows/programs/arm-gnu-toolchain-12.2.mpacbti-bet1-mingw-w64-i686-arm-none-eabi/bin/../lib/gcc/arm-none-eabi/12.2.0/thumb/v7-m/nofp\libm.a(libm_a-k_rem_pio2.o)
 .rodata.init_jk
                0x080053f8       0x10 e:/windows/programs/arm-gnu-toolchain-12.2.mpacbti-bet1-mingw-w64-i686-arm-none-eabi/bin/../lib/gcc/arm-none-eabi/12.2.0/thumb/v7-m/nofp\libm.a(libm_a-k_rem_pio2.o)
                0x08005408                        . = ALIGN (0x4)

.ARM.extab
 *(.ARM.extab* .gnu.linkonce.armextab.*)

.ARM            0x08005408        0x8
                0x08005408                        __exidx_start = .
 *(.ARM.exidx*)
 .ARM.exidx     0x08005408        0x8 e:/windows/programs/arm-gnu-toolchain-12.2.mpacbti-bet1-mingw-w64-i686-arm-none-eabi/bin/../lib/gcc/arm-none-eabi/12.2.0/thumb/v7-m/nofp\libc_nano.a(libc_a-strlen.o)
                0x08005410                        __exidx_end = .

.rel.dyn        0x08005410        0x0
 .rel.iplt      0x08005410        0x0 e:/windows/programs/arm-gnu-toolchain-12.2.mpacbti-bet1-mingw-w64-i686-arm-none-eabi/bin/../lib/gcc/arm-none-eabi/12.2.0/thumb/v7-m/nofp/crtbegin.o

.preinit_array  0x08005410        0x0
                0x08005410                        PROVIDE (__preinit_array_start = .)
 *(.preinit_array*)
                0x08005410                        PROVIDE (__preinit_array_end = .)

.init_array     0x08005410        0x4
                0x08005410                        PROVIDE (__init_array_start = .)
 *(SORT_BY_NAME(.init_array.*))
 *(.init_array*)
 .init_array    0x08005410        0x4 e:/windows/programs/arm-gnu-toolchain-12.2.mpacbti-bet1-mingw-w64-i686-arm-none-eabi/bin/../lib/gcc/arm-none-eabi/12.2.0/thumb/v7-m/nofp/crtbegin.o
                0x08005414                        PROVIDE (__init_array_end = .)

.fini_array     0x08005414        0x4
                [!provide]                        PROVIDE (__fini_array_start = .)
 *(SORT_BY_NAME(.fini_array.*))
 *(.fini_array*)
 .fini_array    0x08005414        0x4 e:/windows/programs/arm-gnu-toolchain-12.2.mpacbti-bet1-mingw-w64-i686-arm-none-eabi/bin/../lib/gcc/arm-none-eabi/12.2.0/thumb/v7-m/nofp/crtbegin.o
                [!provide]                        PROVIDE (__fini_array_end = .)
                0x08005418                        _sidata = LOADADDR (.data)

.data           0x20000000       0xb8 load address 0x08005418
                0x20000000                        . = ALIGN (0x4)
                0x20000000                        _sdata = .
 *(.data)
 *(.data*)
 .data.ADCPrescTable
                0x20000000        0x4 OBJ/stm32f10x_rcc.o
 .data.APBAHBPrescTable
                0x20000004       0x10 OBJ/stm32f10x_rcc.o
 .data.SystemCoreClock
                0x20000014        0x4 OBJ/system_stm32f10x.o
                0x20000014                SystemCoreClock
 .data.Counter  0x20000018        0x1 OBJ/wwdg.o
 *fill*         0x20000019        0x3 
 .data.errInfo  0x2000001c       0x3c OBJ/exFlash.o
 .data.font_slop_x
                0x20000058        0x2 OBJ/Flash_Font.o
                0x20000058                font_slop_x
 *fill*         0x2000005a        0x2 
 .data.__sglue  0x2000005c        0xc e:/windows/programs/arm-gnu-toolchain-12.2.mpacbti-bet1-mingw-w64-i686-arm-none-eabi/bin/../lib/gcc/arm-none-eabi/12.2.0/thumb/v7-m/nofp\libc_nano.a(libc_a-findfp.o)
                0x2000005c                __sglue
 .data._impure_ptr
                0x20000068        0x4 e:/windows/programs/arm-gnu-toolchain-12.2.mpacbti-bet1-mingw-w64-i686-arm-none-eabi/bin/../lib/gcc/arm-none-eabi/12.2.0/thumb/v7-m/nofp\libc_nano.a(libc_a-impure.o)
                0x20000068                _impure_ptr
 .data._impure_data
                0x2000006c       0x4c e:/windows/programs/arm-gnu-toolchain-12.2.mpacbti-bet1-mingw-w64-i686-arm-none-eabi/bin/../lib/gcc/arm-none-eabi/12.2.0/thumb/v7-m/nofp\libc_nano.a(libc_a-impure.o)
                0x2000006c                _impure_data
                0x200000b8                        . = ALIGN (0x4)
                0x200000b8                        _edata = .

.tm_clone_table
                0x200000b8        0x0 load address 0x080054d0
 .tm_clone_table
                0x200000b8        0x0 e:/windows/programs/arm-gnu-toolchain-12.2.mpacbti-bet1-mingw-w64-i686-arm-none-eabi/bin/../lib/gcc/arm-none-eabi/12.2.0/thumb/v7-m/nofp/crtbegin.o
 .tm_clone_table
                0x200000b8        0x0 e:/windows/programs/arm-gnu-toolchain-12.2.mpacbti-bet1-mingw-w64-i686-arm-none-eabi/bin/../lib/gcc/arm-none-eabi/12.2.0/thumb/v7-m/nofp/crtend.o

.igot.plt       0x200000b8        0x0 load address 0x080054d0
 .igot.plt      0x200000b8        0x0 e:/windows/programs/arm-gnu-toolchain-12.2.mpacbti-bet1-mingw-w64-i686-arm-none-eabi/bin/../lib/gcc/arm-none-eabi/12.2.0/thumb/v7-m/nofp/crtbegin.o
                0x200000b8                        . = ALIGN (0x4)

.bss            0x200000b8      0x18c load address 0x080054d0
                0x200000b8                        _sbss = .
                0x200000b8                        __bss_start__ = _sbss
 *(.bss)
 *(.bss*)
 .bss.completed.1
                0x200000b8        0x1 e:/windows/programs/arm-gnu-toolchain-12.2.mpacbti-bet1-mingw-w64-i686-arm-none-eabi/bin/../lib/gcc/arm-none-eabi/12.2.0/thumb/v7-m/nofp/crtbegin.o
 *fill*         0x200000b9        0x3 
 .bss.object.0  0x200000bc       0x18 e:/windows/programs/arm-gnu-toolchain-12.2.mpacbti-bet1-mingw-w64-i686-arm-none-eabi/bin/../lib/gcc/arm-none-eabi/12.2.0/thumb/v7-m/nofp/crtbegin.o
 .bss.fac_ms    0x200000d4        0x2 OBJ/delay.o
 .bss.fac_us    0x200000d6        0x1 OBJ/delay.o
 .bss.captured  0x200000d7        0x1 OBJ/cap.o
 .bss.value     0x200000d8        0x2 OBJ/cap.o
 *fill*         0x200000da        0x2 
 .bss.cycles    0x200000dc        0x4 OBJ/cap.o
 .bss.polarity  0x200000e0        0x2 OBJ/cap.o
 .bss.dummy     0x200000e2        0x2 OBJ/lcd.o
 .bss.TransferEnd
                0x200000e4        0x4 OBJ/stm32_eval_sdio_sd.o
                0x200000e4                TransferEnd
 .bss.TransferError
                0x200000e8        0x1 OBJ/stm32_eval_sdio_sd.o
                0x200000e8                TransferError
 *fill*         0x200000e9        0x3 
 .bss.StopCondition
                0x200000ec        0x4 OBJ/stm32_eval_sdio_sd.o
                0x200000ec                StopCondition
 .bss.font_slop_y
                0x200000f0        0x2 OBJ/Flash_Font.o
                0x200000f0                font_slop_y
 *fill*         0x200000f2        0x2 
 .bss.__malloc_sbrk_start
                0x200000f4        0x4 e:/windows/programs/arm-gnu-toolchain-12.2.mpacbti-bet1-mingw-w64-i686-arm-none-eabi/bin/../lib/gcc/arm-none-eabi/12.2.0/thumb/v7-m/nofp\libc_nano.a(libc_a-mallocr.o)
                0x200000f4                __malloc_sbrk_start
 .bss.__malloc_free_list
                0x200000f8        0x4 e:/windows/programs/arm-gnu-toolchain-12.2.mpacbti-bet1-mingw-w64-i686-arm-none-eabi/bin/../lib/gcc/arm-none-eabi/12.2.0/thumb/v7-m/nofp\libc_nano.a(libc_a-mallocr.o)
                0x200000f8                __malloc_free_list
 .bss.__sf      0x200000fc      0x138 e:/windows/programs/arm-gnu-toolchain-12.2.mpacbti-bet1-mingw-w64-i686-arm-none-eabi/bin/../lib/gcc/arm-none-eabi/12.2.0/thumb/v7-m/nofp\libc_nano.a(libc_a-findfp.o)
                0x200000fc                __sf
 .bss.__stdio_exit_handler
                0x20000234        0x4 e:/windows/programs/arm-gnu-toolchain-12.2.mpacbti-bet1-mingw-w64-i686-arm-none-eabi/bin/../lib/gcc/arm-none-eabi/12.2.0/thumb/v7-m/nofp\libc_nano.a(libc_a-findfp.o)
                0x20000234                __stdio_exit_handler
 .bss.errno     0x20000238        0x4 e:/windows/programs/arm-gnu-toolchain-12.2.mpacbti-bet1-mingw-w64-i686-arm-none-eabi/bin/../lib/gcc/arm-none-eabi/12.2.0/thumb/v7-m/nofp\libc_nano.a(libc_a-reent.o)
                0x20000238                errno
 .bss.__lock___malloc_recursive_mutex
                0x2000023c        0x1 e:/windows/programs/arm-gnu-toolchain-12.2.mpacbti-bet1-mingw-w64-i686-arm-none-eabi/bin/../lib/gcc/arm-none-eabi/12.2.0/thumb/v7-m/nofp\libc_nano.a(libc_a-lock.o)
                0x2000023c                __lock___malloc_recursive_mutex
 .bss.__lock___sfp_recursive_mutex
                0x2000023d        0x1 e:/windows/programs/arm-gnu-toolchain-12.2.mpacbti-bet1-mingw-w64-i686-arm-none-eabi/bin/../lib/gcc/arm-none-eabi/12.2.0/thumb/v7-m/nofp\libc_nano.a(libc_a-lock.o)
                0x2000023d                __lock___sfp_recursive_mutex
 *fill*         0x2000023e        0x2 
 .bss.heap_end.0
                0x20000240        0x4 e:/windows/programs/arm-gnu-toolchain-12.2.mpacbti-bet1-mingw-w64-i686-arm-none-eabi/bin/../lib/gcc/arm-none-eabi/12.2.0/thumb/v7-m/nofp\libnosys.a(sbrk.o)
 *(COMMON)
                0x20000244                        . = ALIGN (0x4)
                0x20000244                        _ebss = .
                0x20000244                        __bss_end__ = _ebss

._user_heap_stack
                0x20000244      0x604 load address 0x080054d0
                0x20000248                        . = ALIGN (0x8)
 *fill*         0x20000244        0x4 
                0x20000248                        PROVIDE (end = .)
                [!provide]                        PROVIDE (_end = .)
                0x20000448                        . = (. + _Min_Heap_Size)
 *fill*         0x20000248      0x200 
                0x20000848                        . = (. + _Min_Stack_Size)
 *fill*         0x20000448      0x400 
                0x20000848                        . = ALIGN (0x8)

/DISCARD/
 libc.a(*)
 libm.a(*)
 libgcc.a(*)

.ARM.attributes
                0x00000000       0x29
 *(.ARM.attributes)
 .ARM.attributes
                0x00000000       0x1d e:/windows/programs/arm-gnu-toolchain-12.2.mpacbti-bet1-mingw-w64-i686-arm-none-eabi/bin/../lib/gcc/arm-none-eabi/12.2.0/thumb/v7-m/nofp/crti.o
 .ARM.attributes
                0x0000001d       0x2d e:/windows/programs/arm-gnu-toolchain-12.2.mpacbti-bet1-mingw-w64-i686-arm-none-eabi/bin/../lib/gcc/arm-none-eabi/12.2.0/thumb/v7-m/nofp/crtbegin.o
 .ARM.attributes
                0x0000004a       0x2d OBJ/misc.o
 .ARM.attributes
                0x00000077       0x2d OBJ/stm32f10x_rcc.o
 .ARM.attributes
                0x000000a4       0x2d OBJ/stm32f10x_gpio.o
 .ARM.attributes
                0x000000d1       0x2d OBJ/stm32f10x_usart.o
 .ARM.attributes
                0x000000fe       0x2d OBJ/stm32f10x_exti.o
 .ARM.attributes
                0x0000012b       0x2d OBJ/stm32f10x_wwdg.o
 .ARM.attributes
                0x00000158       0x2d OBJ/stm32f10x_tim.o
 .ARM.attributes
                0x00000185       0x2d OBJ/stm32f10x_spi.o
 .ARM.attributes
                0x000001b2       0x2d OBJ/stm32f10x_fsmc.o
 .ARM.attributes
                0x000001df       0x2d OBJ/stm32f10x_sdio.o
 .ARM.attributes
                0x0000020c       0x2d OBJ/delay.o
 .ARM.attributes
                0x00000239       0x2d OBJ/stm32f10x_it.o
 .ARM.attributes
                0x00000266       0x2d OBJ/system_stm32f10x.o
 .ARM.attributes
                0x00000293       0x2d OBJ/main.o
 .ARM.attributes
                0x000002c0       0x2d OBJ/USART.o
 .ARM.attributes
                0x000002ed       0x2d OBJ/exti.o
 .ARM.attributes
                0x0000031a       0x2d OBJ/wwdg.o
 .ARM.attributes
                0x00000347       0x2d OBJ/tim.o
 .ARM.attributes
                0x00000374       0x2d OBJ/cap.o
 .ARM.attributes
                0x000003a1       0x2d OBJ/exFlash.o
 .ARM.attributes
                0x000003ce       0x2d OBJ/lcd.o
 .ARM.attributes
                0x000003fb       0x2d OBJ/stm32_eval_sdio_sd.o
 .ARM.attributes
                0x00000428       0x2d OBJ/Flash_Font.o
 .ARM.attributes
                0x00000455       0x21 OBJ/startup_stm32f103xe.o
 .ARM.attributes
                0x00000476       0x2d e:/windows/programs/arm-gnu-toolchain-12.2.mpacbti-bet1-mingw-w64-i686-arm-none-eabi/bin/../lib/gcc/arm-none-eabi/12.2.0/thumb/v7-m/nofp\libc_nano.a(libc_a-malloc.o)
 .ARM.attributes
                0x000004a3       0x2d e:/windows/programs/arm-gnu-toolchain-12.2.mpacbti-bet1-mingw-w64-i686-arm-none-eabi/bin/../lib/gcc/arm-none-eabi/12.2.0/thumb/v7-m/nofp\libc_nano.a(libc_a-mallocr.o)
 .ARM.attributes
                0x000004d0       0x2d e:/windows/programs/arm-gnu-toolchain-12.2.mpacbti-bet1-mingw-w64-i686-arm-none-eabi/bin/../lib/gcc/arm-none-eabi/12.2.0/thumb/v7-m/nofp\libc_nano.a(libc_a-mlock.o)
 .ARM.attributes
                0x000004fd       0x2d e:/windows/programs/arm-gnu-toolchain-12.2.mpacbti-bet1-mingw-w64-i686-arm-none-eabi/bin/../lib/gcc/arm-none-eabi/12.2.0/thumb/v7-m/nofp\libc_nano.a(libc_a-findfp.o)
 .ARM.attributes
                0x0000052a       0x2d e:/windows/programs/arm-gnu-toolchain-12.2.mpacbti-bet1-mingw-w64-i686-arm-none-eabi/bin/../lib/gcc/arm-none-eabi/12.2.0/thumb/v7-m/nofp\libc_nano.a(libc_a-fprintf.o)
 .ARM.attributes
                0x00000557       0x2d e:/windows/programs/arm-gnu-toolchain-12.2.mpacbti-bet1-mingw-w64-i686-arm-none-eabi/bin/../lib/gcc/arm-none-eabi/12.2.0/thumb/v7-m/nofp\libc_nano.a(libc_a-fwalk.o)
 .ARM.attributes
                0x00000584       0x2d e:/windows/programs/arm-gnu-toolchain-12.2.mpacbti-bet1-mingw-w64-i686-arm-none-eabi/bin/../lib/gcc/arm-none-eabi/12.2.0/thumb/v7-m/nofp\libc_nano.a(libc_a-printf.o)
 .ARM.attributes
                0x000005b1       0x2d e:/windows/programs/arm-gnu-toolchain-12.2.mpacbti-bet1-mingw-w64-i686-arm-none-eabi/bin/../lib/gcc/arm-none-eabi/12.2.0/thumb/v7-m/nofp\libc_nano.a(libc_a-setvbuf.o)
 .ARM.attributes
                0x000005de       0x2d e:/windows/programs/arm-gnu-toolchain-12.2.mpacbti-bet1-mingw-w64-i686-arm-none-eabi/bin/../lib/gcc/arm-none-eabi/12.2.0/thumb/v7-m/nofp\libc_nano.a(libc_a-stdio.o)
 .ARM.attributes
                0x0000060b       0x2d e:/windows/programs/arm-gnu-toolchain-12.2.mpacbti-bet1-mingw-w64-i686-arm-none-eabi/bin/../lib/gcc/arm-none-eabi/12.2.0/thumb/v7-m/nofp\libc_nano.a(libc_a-wbuf.o)
 .ARM.attributes
                0x00000638       0x2d e:/windows/programs/arm-gnu-toolchain-12.2.mpacbti-bet1-mingw-w64-i686-arm-none-eabi/bin/../lib/gcc/arm-none-eabi/12.2.0/thumb/v7-m/nofp\libc_nano.a(libc_a-wsetup.o)
 .ARM.attributes
                0x00000665       0x2d e:/windows/programs/arm-gnu-toolchain-12.2.mpacbti-bet1-mingw-w64-i686-arm-none-eabi/bin/../lib/gcc/arm-none-eabi/12.2.0/thumb/v7-m/nofp\libc_nano.a(libc_a-memset.o)
 .ARM.attributes
                0x00000692       0x2d e:/windows/programs/arm-gnu-toolchain-12.2.mpacbti-bet1-mingw-w64-i686-arm-none-eabi/bin/../lib/gcc/arm-none-eabi/12.2.0/thumb/v7-m/nofp\libc_nano.a(libc_a-closer.o)
 .ARM.attributes
                0x000006bf       0x2d e:/windows/programs/arm-gnu-toolchain-12.2.mpacbti-bet1-mingw-w64-i686-arm-none-eabi/bin/../lib/gcc/arm-none-eabi/12.2.0/thumb/v7-m/nofp\libc_nano.a(libc_a-reent.o)
 .ARM.attributes
                0x000006ec       0x2d e:/windows/programs/arm-gnu-toolchain-12.2.mpacbti-bet1-mingw-w64-i686-arm-none-eabi/bin/../lib/gcc/arm-none-eabi/12.2.0/thumb/v7-m/nofp\libc_nano.a(libc_a-impure.o)
 .ARM.attributes
                0x00000719       0x2d e:/windows/programs/arm-gnu-toolchain-12.2.mpacbti-bet1-mingw-w64-i686-arm-none-eabi/bin/../lib/gcc/arm-none-eabi/12.2.0/thumb/v7-m/nofp\libc_nano.a(libc_a-lseekr.o)
 .ARM.attributes
                0x00000746       0x2d e:/windows/programs/arm-gnu-toolchain-12.2.mpacbti-bet1-mingw-w64-i686-arm-none-eabi/bin/../lib/gcc/arm-none-eabi/12.2.0/thumb/v7-m/nofp\libc_nano.a(libc_a-readr.o)
 .ARM.attributes
                0x00000773       0x2d e:/windows/programs/arm-gnu-toolchain-12.2.mpacbti-bet1-mingw-w64-i686-arm-none-eabi/bin/../lib/gcc/arm-none-eabi/12.2.0/thumb/v7-m/nofp\libc_nano.a(libc_a-sbrkr.o)
 .ARM.attributes
                0x000007a0       0x2d e:/windows/programs/arm-gnu-toolchain-12.2.mpacbti-bet1-mingw-w64-i686-arm-none-eabi/bin/../lib/gcc/arm-none-eabi/12.2.0/thumb/v7-m/nofp\libc_nano.a(libc_a-writer.o)
 .ARM.attributes
                0x000007cd       0x2d e:/windows/programs/arm-gnu-toolchain-12.2.mpacbti-bet1-mingw-w64-i686-arm-none-eabi/bin/../lib/gcc/arm-none-eabi/12.2.0/thumb/v7-m/nofp\libc_nano.a(libc_a-init.o)
 .ARM.attributes
                0x000007fa       0x2d e:/windows/programs/arm-gnu-toolchain-12.2.mpacbti-bet1-mingw-w64-i686-arm-none-eabi/bin/../lib/gcc/arm-none-eabi/12.2.0/thumb/v7-m/nofp\libc_nano.a(libc_a-lock.o)
 .ARM.attributes
                0x00000827       0x17 e:/windows/programs/arm-gnu-toolchain-12.2.mpacbti-bet1-mingw-w64-i686-arm-none-eabi/bin/../lib/gcc/arm-none-eabi/12.2.0/thumb/v7-m/nofp\libc_nano.a(libc_a-strlen.o)
 .ARM.attributes
                0x0000083e       0x2d e:/windows/programs/arm-gnu-toolchain-12.2.mpacbti-bet1-mingw-w64-i686-arm-none-eabi/bin/../lib/gcc/arm-none-eabi/12.2.0/thumb/v7-m/nofp\libc_nano.a(libc_a-freer.o)
 .ARM.attributes
                0x0000086b       0x2d e:/windows/programs/arm-gnu-toolchain-12.2.mpacbti-bet1-mingw-w64-i686-arm-none-eabi/bin/../lib/gcc/arm-none-eabi/12.2.0/thumb/v7-m/nofp\libc_nano.a(libc_a-nano-vfprintf.o)
 .ARM.attributes
                0x00000898       0x2d e:/windows/programs/arm-gnu-toolchain-12.2.mpacbti-bet1-mingw-w64-i686-arm-none-eabi/bin/../lib/gcc/arm-none-eabi/12.2.0/thumb/v7-m/nofp\libc_nano.a(libc_a-nano-vfprintf_i.o)
 .ARM.attributes
                0x000008c5       0x2d e:/windows/programs/arm-gnu-toolchain-12.2.mpacbti-bet1-mingw-w64-i686-arm-none-eabi/bin/../lib/gcc/arm-none-eabi/12.2.0/thumb/v7-m/nofp\libc_nano.a(libc_a-fflush.o)
 .ARM.attributes
                0x000008f2       0x2d e:/windows/programs/arm-gnu-toolchain-12.2.mpacbti-bet1-mingw-w64-i686-arm-none-eabi/bin/../lib/gcc/arm-none-eabi/12.2.0/thumb/v7-m/nofp\libc_nano.a(libc_a-makebuf.o)
 .ARM.attributes
                0x0000091f       0x2d e:/windows/programs/arm-gnu-toolchain-12.2.mpacbti-bet1-mingw-w64-i686-arm-none-eabi/bin/../lib/gcc/arm-none-eabi/12.2.0/thumb/v7-m/nofp\libc_nano.a(libc_a-fstatr.o)
 .ARM.attributes
                0x0000094c       0x2d e:/windows/programs/arm-gnu-toolchain-12.2.mpacbti-bet1-mingw-w64-i686-arm-none-eabi/bin/../lib/gcc/arm-none-eabi/12.2.0/thumb/v7-m/nofp\libc_nano.a(libc_a-isattyr.o)
 .ARM.attributes
                0x00000979       0x2d e:/windows/programs/arm-gnu-toolchain-12.2.mpacbti-bet1-mingw-w64-i686-arm-none-eabi/bin/../lib/gcc/arm-none-eabi/12.2.0/thumb/v7-m/nofp\libc_nano.a(libc_a-memchr-stub.o)
 .ARM.attributes
                0x000009a6       0x2d e:/windows/programs/arm-gnu-toolchain-12.2.mpacbti-bet1-mingw-w64-i686-arm-none-eabi/bin/../lib/gcc/arm-none-eabi/12.2.0/thumb/v7-m/nofp\libm.a(libm_a-s_cos.o)
 .ARM.attributes
                0x000009d3       0x2d e:/windows/programs/arm-gnu-toolchain-12.2.mpacbti-bet1-mingw-w64-i686-arm-none-eabi/bin/../lib/gcc/arm-none-eabi/12.2.0/thumb/v7-m/nofp\libm.a(libm_a-s_sin.o)
 .ARM.attributes
                0x00000a00       0x2d e:/windows/programs/arm-gnu-toolchain-12.2.mpacbti-bet1-mingw-w64-i686-arm-none-eabi/bin/../lib/gcc/arm-none-eabi/12.2.0/thumb/v7-m/nofp\libm.a(libm_a-k_cos.o)
 .ARM.attributes
                0x00000a2d       0x2d e:/windows/programs/arm-gnu-toolchain-12.2.mpacbti-bet1-mingw-w64-i686-arm-none-eabi/bin/../lib/gcc/arm-none-eabi/12.2.0/thumb/v7-m/nofp\libm.a(libm_a-k_sin.o)
 .ARM.attributes
                0x00000a5a       0x2d e:/windows/programs/arm-gnu-toolchain-12.2.mpacbti-bet1-mingw-w64-i686-arm-none-eabi/bin/../lib/gcc/arm-none-eabi/12.2.0/thumb/v7-m/nofp\libm.a(libm_a-e_rem_pio2.o)
 .ARM.attributes
                0x00000a87       0x2d e:/windows/programs/arm-gnu-toolchain-12.2.mpacbti-bet1-mingw-w64-i686-arm-none-eabi/bin/../lib/gcc/arm-none-eabi/12.2.0/thumb/v7-m/nofp\libm.a(libm_a-s_fabs.o)
 .ARM.attributes
                0x00000ab4       0x2d e:/windows/programs/arm-gnu-toolchain-12.2.mpacbti-bet1-mingw-w64-i686-arm-none-eabi/bin/../lib/gcc/arm-none-eabi/12.2.0/thumb/v7-m/nofp\libm.a(libm_a-k_rem_pio2.o)
 .ARM.attributes
                0x00000ae1       0x2d e:/windows/programs/arm-gnu-toolchain-12.2.mpacbti-bet1-mingw-w64-i686-arm-none-eabi/bin/../lib/gcc/arm-none-eabi/12.2.0/thumb/v7-m/nofp\libm.a(libm_a-s_scalbn.o)
 .ARM.attributes
                0x00000b0e       0x2d e:/windows/programs/arm-gnu-toolchain-12.2.mpacbti-bet1-mingw-w64-i686-arm-none-eabi/bin/../lib/gcc/arm-none-eabi/12.2.0/thumb/v7-m/nofp\libm.a(libm_a-s_floor.o)
 .ARM.attributes
                0x00000b3b       0x2d e:/windows/programs/arm-gnu-toolchain-12.2.mpacbti-bet1-mingw-w64-i686-arm-none-eabi/bin/../lib/gcc/arm-none-eabi/12.2.0/thumb/v7-m/nofp\libnosys.a(close.o)
 .ARM.attributes
                0x00000b68       0x2d e:/windows/programs/arm-gnu-toolchain-12.2.mpacbti-bet1-mingw-w64-i686-arm-none-eabi/bin/../lib/gcc/arm-none-eabi/12.2.0/thumb/v7-m/nofp\libnosys.a(fstat.o)
 .ARM.attributes
                0x00000b95       0x2d e:/windows/programs/arm-gnu-toolchain-12.2.mpacbti-bet1-mingw-w64-i686-arm-none-eabi/bin/../lib/gcc/arm-none-eabi/12.2.0/thumb/v7-m/nofp\libnosys.a(isatty.o)
 .ARM.attributes
                0x00000bc2       0x2d e:/windows/programs/arm-gnu-toolchain-12.2.mpacbti-bet1-mingw-w64-i686-arm-none-eabi/bin/../lib/gcc/arm-none-eabi/12.2.0/thumb/v7-m/nofp\libnosys.a(lseek.o)
 .ARM.attributes
                0x00000bef       0x2d e:/windows/programs/arm-gnu-toolchain-12.2.mpacbti-bet1-mingw-w64-i686-arm-none-eabi/bin/../lib/gcc/arm-none-eabi/12.2.0/thumb/v7-m/nofp\libnosys.a(read.o)
 .ARM.attributes
                0x00000c1c       0x2d e:/windows/programs/arm-gnu-toolchain-12.2.mpacbti-bet1-mingw-w64-i686-arm-none-eabi/bin/../lib/gcc/arm-none-eabi/12.2.0/thumb/v7-m/nofp\libnosys.a(sbrk.o)
 .ARM.attributes
                0x00000c49       0x1d e:/windows/programs/arm-gnu-toolchain-12.2.mpacbti-bet1-mingw-w64-i686-arm-none-eabi/bin/../lib/gcc/arm-none-eabi/12.2.0/thumb/v7-m/nofp\libgcc.a(_arm_addsubdf3.o)
 .ARM.attributes
                0x00000c66       0x1d e:/windows/programs/arm-gnu-toolchain-12.2.mpacbti-bet1-mingw-w64-i686-arm-none-eabi/bin/../lib/gcc/arm-none-eabi/12.2.0/thumb/v7-m/nofp\libgcc.a(_arm_muldivdf3.o)
 .ARM.attributes
                0x00000c83       0x1d e:/windows/programs/arm-gnu-toolchain-12.2.mpacbti-bet1-mingw-w64-i686-arm-none-eabi/bin/../lib/gcc/arm-none-eabi/12.2.0/thumb/v7-m/nofp\libgcc.a(_arm_cmpdf2.o)
 .ARM.attributes
                0x00000ca0       0x1d e:/windows/programs/arm-gnu-toolchain-12.2.mpacbti-bet1-mingw-w64-i686-arm-none-eabi/bin/../lib/gcc/arm-none-eabi/12.2.0/thumb/v7-m/nofp\libgcc.a(_arm_fixdfsi.o)
 .ARM.attributes
                0x00000cbd       0x1d e:/windows/programs/arm-gnu-toolchain-12.2.mpacbti-bet1-mingw-w64-i686-arm-none-eabi/bin/../lib/gcc/arm-none-eabi/12.2.0/thumb/v7-m/nofp\libgcc.a(_arm_fixunsdfsi.o)
 .ARM.attributes
                0x00000cda       0x2d e:/windows/programs/arm-gnu-toolchain-12.2.mpacbti-bet1-mingw-w64-i686-arm-none-eabi/bin/../lib/gcc/arm-none-eabi/12.2.0/thumb/v7-m/nofp/crtend.o
 .ARM.attributes
                0x00000d07       0x1d e:/windows/programs/arm-gnu-toolchain-12.2.mpacbti-bet1-mingw-w64-i686-arm-none-eabi/bin/../lib/gcc/arm-none-eabi/12.2.0/thumb/v7-m/nofp/crtn.o
OUTPUT(OBJ/STM32_STD.elf elf32-littlearm)
LOAD linker stubs
LOAD e:/windows/programs/arm-gnu-toolchain-12.2.mpacbti-bet1-mingw-w64-i686-arm-none-eabi/bin/../lib/gcc/arm-none-eabi/12.2.0/thumb/v7-m/nofp\libc.a
LOAD e:/windows/programs/arm-gnu-toolchain-12.2.mpacbti-bet1-mingw-w64-i686-arm-none-eabi/bin/../lib/gcc/arm-none-eabi/12.2.0/thumb/v7-m/nofp\libm.a
LOAD e:/windows/programs/arm-gnu-toolchain-12.2.mpacbti-bet1-mingw-w64-i686-arm-none-eabi/bin/../lib/gcc/arm-none-eabi/12.2.0/thumb/v7-m/nofp\libgcc.a

.comment        0x00000000       0x4c
 .comment       0x00000000       0x4c e:/windows/programs/arm-gnu-toolchain-12.2.mpacbti-bet1-mingw-w64-i686-arm-none-eabi/bin/../lib/gcc/arm-none-eabi/12.2.0/thumb/v7-m/nofp/crtbegin.o
                                 0x4d (size before relaxing)
 .comment       0x0000004c       0x4d OBJ/misc.o
 .comment       0x0000004c       0x4d OBJ/stm32f10x_rcc.o
 .comment       0x0000004c       0x4d OBJ/stm32f10x_gpio.o
 .comment       0x0000004c       0x4d OBJ/stm32f10x_usart.o
 .comment       0x0000004c       0x4d OBJ/stm32f10x_exti.o
 .comment       0x0000004c       0x4d OBJ/stm32f10x_wwdg.o
 .comment       0x0000004c       0x4d OBJ/stm32f10x_tim.o
 .comment       0x0000004c       0x4d OBJ/stm32f10x_spi.o
 .comment       0x0000004c       0x4d OBJ/stm32f10x_fsmc.o
 .comment       0x0000004c       0x4d OBJ/stm32f10x_sdio.o
 .comment       0x0000004c       0x4d OBJ/delay.o
 .comment       0x0000004c       0x4d OBJ/stm32f10x_it.o
 .comment       0x0000004c       0x4d OBJ/system_stm32f10x.o
 .comment       0x0000004c       0x4d OBJ/main.o
 .comment       0x0000004c       0x4d OBJ/USART.o
 .comment       0x0000004c       0x4d OBJ/exti.o
 .comment       0x0000004c       0x4d OBJ/wwdg.o
 .comment       0x0000004c       0x4d OBJ/tim.o
 .comment       0x0000004c       0x4d OBJ/cap.o
 .comment       0x0000004c       0x4d OBJ/exFlash.o
 .comment       0x0000004c       0x4d OBJ/lcd.o
 .comment       0x0000004c       0x4d OBJ/stm32_eval_sdio_sd.o
 .comment       0x0000004c       0x4d OBJ/Flash_Font.o
 .comment       0x0000004c       0x4d e:/windows/programs/arm-gnu-toolchain-12.2.mpacbti-bet1-mingw-w64-i686-arm-none-eabi/bin/../lib/gcc/arm-none-eabi/12.2.0/thumb/v7-m/nofp\libc_nano.a(libc_a-malloc.o)
 .comment       0x0000004c       0x4d e:/windows/programs/arm-gnu-toolchain-12.2.mpacbti-bet1-mingw-w64-i686-arm-none-eabi/bin/../lib/gcc/arm-none-eabi/12.2.0/thumb/v7-m/nofp\libc_nano.a(libc_a-mallocr.o)
 .comment       0x0000004c       0x4d e:/windows/programs/arm-gnu-toolchain-12.2.mpacbti-bet1-mingw-w64-i686-arm-none-eabi/bin/../lib/gcc/arm-none-eabi/12.2.0/thumb/v7-m/nofp\libc_nano.a(libc_a-mlock.o)
 .comment       0x0000004c       0x4d e:/windows/programs/arm-gnu-toolchain-12.2.mpacbti-bet1-mingw-w64-i686-arm-none-eabi/bin/../lib/gcc/arm-none-eabi/12.2.0/thumb/v7-m/nofp\libc_nano.a(libc_a-findfp.o)
 .comment       0x0000004c       0x4d e:/windows/programs/arm-gnu-toolchain-12.2.mpacbti-bet1-mingw-w64-i686-arm-none-eabi/bin/../lib/gcc/arm-none-eabi/12.2.0/thumb/v7-m/nofp\libc_nano.a(libc_a-fprintf.o)
 .comment       0x0000004c       0x4d e:/windows/programs/arm-gnu-toolchain-12.2.mpacbti-bet1-mingw-w64-i686-arm-none-eabi/bin/../lib/gcc/arm-none-eabi/12.2.0/thumb/v7-m/nofp\libc_nano.a(libc_a-fwalk.o)
 .comment       0x0000004c       0x4d e:/windows/programs/arm-gnu-toolchain-12.2.mpacbti-bet1-mingw-w64-i686-arm-none-eabi/bin/../lib/gcc/arm-none-eabi/12.2.0/thumb/v7-m/nofp\libc_nano.a(libc_a-printf.o)
 .comment       0x0000004c       0x4d e:/windows/programs/arm-gnu-toolchain-12.2.mpacbti-bet1-mingw-w64-i686-arm-none-eabi/bin/../lib/gcc/arm-none-eabi/12.2.0/thumb/v7-m/nofp\libc_nano.a(libc_a-setvbuf.o)
 .comment       0x0000004c       0x4d e:/windows/programs/arm-gnu-toolchain-12.2.mpacbti-bet1-mingw-w64-i686-arm-none-eabi/bin/../lib/gcc/arm-none-eabi/12.2.0/thumb/v7-m/nofp\libc_nano.a(libc_a-stdio.o)
 .comment       0x0000004c       0x4d e:/windows/programs/arm-gnu-toolchain-12.2.mpacbti-bet1-mingw-w64-i686-arm-none-eabi/bin/../lib/gcc/arm-none-eabi/12.2.0/thumb/v7-m/nofp\libc_nano.a(libc_a-wbuf.o)
 .comment       0x0000004c       0x4d e:/windows/programs/arm-gnu-toolchain-12.2.mpacbti-bet1-mingw-w64-i686-arm-none-eabi/bin/../lib/gcc/arm-none-eabi/12.2.0/thumb/v7-m/nofp\libc_nano.a(libc_a-wsetup.o)
 .comment       0x0000004c       0x4d e:/windows/programs/arm-gnu-toolchain-12.2.mpacbti-bet1-mingw-w64-i686-arm-none-eabi/bin/../lib/gcc/arm-none-eabi/12.2.0/thumb/v7-m/nofp\libc_nano.a(libc_a-memset.o)
 .comment       0x0000004c       0x4d e:/windows/programs/arm-gnu-toolchain-12.2.mpacbti-bet1-mingw-w64-i686-arm-none-eabi/bin/../lib/gcc/arm-none-eabi/12.2.0/thumb/v7-m/nofp\libc_nano.a(libc_a-closer.o)
 .comment       0x0000004c       0x4d e:/windows/programs/arm-gnu-toolchain-12.2.mpacbti-bet1-mingw-w64-i686-arm-none-eabi/bin/../lib/gcc/arm-none-eabi/12.2.0/thumb/v7-m/nofp\libc_nano.a(libc_a-reent.o)
 .comment       0x0000004c       0x4d e:/windows/programs/arm-gnu-toolchain-12.2.mpacbti-bet1-mingw-w64-i686-arm-none-eabi/bin/../lib/gcc/arm-none-eabi/12.2.0/thumb/v7-m/nofp\libc_nano.a(libc_a-impure.o)
 .comment       0x0000004c       0x4d e:/windows/programs/arm-gnu-toolchain-12.2.mpacbti-bet1-mingw-w64-i686-arm-none-eabi/bin/../lib/gcc/arm-none-eabi/12.2.0/thumb/v7-m/nofp\libc_nano.a(libc_a-lseekr.o)
 .comment       0x0000004c       0x4d e:/windows/programs/arm-gnu-toolchain-12.2.mpacbti-bet1-mingw-w64-i686-arm-none-eabi/bin/../lib/gcc/arm-none-eabi/12.2.0/thumb/v7-m/nofp\libc_nano.a(libc_a-readr.o)
 .comment       0x0000004c       0x4d e:/windows/programs/arm-gnu-toolchain-12.2.mpacbti-bet1-mingw-w64-i686-arm-none-eabi/bin/../lib/gcc/arm-none-eabi/12.2.0/thumb/v7-m/nofp\libc_nano.a(libc_a-sbrkr.o)
 .comment       0x0000004c       0x4d e:/windows/programs/arm-gnu-toolchain-12.2.mpacbti-bet1-mingw-w64-i686-arm-none-eabi/bin/../lib/gcc/arm-none-eabi/12.2.0/thumb/v7-m/nofp\libc_nano.a(libc_a-writer.o)
 .comment       0x0000004c       0x4d e:/windows/programs/arm-gnu-toolchain-12.2.mpacbti-bet1-mingw-w64-i686-arm-none-eabi/bin/../lib/gcc/arm-none-eabi/12.2.0/thumb/v7-m/nofp\libc_nano.a(libc_a-init.o)
 .comment       0x0000004c       0x4d e:/windows/programs/arm-gnu-toolchain-12.2.mpacbti-bet1-mingw-w64-i686-arm-none-eabi/bin/../lib/gcc/arm-none-eabi/12.2.0/thumb/v7-m/nofp\libc_nano.a(libc_a-lock.o)
 .comment       0x0000004c       0x4d e:/windows/programs/arm-gnu-toolchain-12.2.mpacbti-bet1-mingw-w64-i686-arm-none-eabi/bin/../lib/gcc/arm-none-eabi/12.2.0/thumb/v7-m/nofp\libc_nano.a(libc_a-freer.o)
 .comment       0x0000004c       0x4d e:/windows/programs/arm-gnu-toolchain-12.2.mpacbti-bet1-mingw-w64-i686-arm-none-eabi/bin/../lib/gcc/arm-none-eabi/12.2.0/thumb/v7-m/nofp\libc_nano.a(libc_a-nano-vfprintf.o)
 .comment       0x0000004c       0x4d e:/windows/programs/arm-gnu-toolchain-12.2.mpacbti-bet1-mingw-w64-i686-arm-none-eabi/bin/../lib/gcc/arm-none-eabi/12.2.0/thumb/v7-m/nofp\libc_nano.a(libc_a-nano-vfprintf_i.o)
 .comment       0x0000004c       0x4d e:/windows/programs/arm-gnu-toolchain-12.2.mpacbti-bet1-mingw-w64-i686-arm-none-eabi/bin/../lib/gcc/arm-none-eabi/12.2.0/thumb/v7-m/nofp\libc_nano.a(libc_a-fflush.o)
 .comment       0x0000004c       0x4d e:/windows/programs/arm-gnu-toolchain-12.2.mpacbti-bet1-mingw-w64-i686-arm-none-eabi/bin/../lib/gcc/arm-none-eabi/12.2.0/thumb/v7-m/nofp\libc_nano.a(libc_a-makebuf.o)
 .comment       0x0000004c       0x4d e:/windows/programs/arm-gnu-toolchain-12.2.mpacbti-bet1-mingw-w64-i686-arm-none-eabi/bin/../lib/gcc/arm-none-eabi/12.2.0/thumb/v7-m/nofp\libc_nano.a(libc_a-fstatr.o)
 .comment       0x0000004c       0x4d e:/windows/programs/arm-gnu-toolchain-12.2.mpacbti-bet1-mingw-w64-i686-arm-none-eabi/bin/../lib/gcc/arm-none-eabi/12.2.0/thumb/v7-m/nofp\libc_nano.a(libc_a-isattyr.o)
 .comment       0x0000004c       0x4d e:/windows/programs/arm-gnu-toolchain-12.2.mpacbti-bet1-mingw-w64-i686-arm-none-eabi/bin/../lib/gcc/arm-none-eabi/12.2.0/thumb/v7-m/nofp\libc_nano.a(libc_a-memchr-stub.o)
 .comment       0x0000004c       0x4d e:/windows/programs/arm-gnu-toolchain-12.2.mpacbti-bet1-mingw-w64-i686-arm-none-eabi/bin/../lib/gcc/arm-none-eabi/12.2.0/thumb/v7-m/nofp\libm.a(libm_a-s_cos.o)
 .comment       0x0000004c       0x4d e:/windows/programs/arm-gnu-toolchain-12.2.mpacbti-bet1-mingw-w64-i686-arm-none-eabi/bin/../lib/gcc/arm-none-eabi/12.2.0/thumb/v7-m/nofp\libm.a(libm_a-s_sin.o)
 .comment       0x0000004c       0x4d e:/windows/programs/arm-gnu-toolchain-12.2.mpacbti-bet1-mingw-w64-i686-arm-none-eabi/bin/../lib/gcc/arm-none-eabi/12.2.0/thumb/v7-m/nofp\libm.a(libm_a-k_cos.o)
 .comment       0x0000004c       0x4d e:/windows/programs/arm-gnu-toolchain-12.2.mpacbti-bet1-mingw-w64-i686-arm-none-eabi/bin/../lib/gcc/arm-none-eabi/12.2.0/thumb/v7-m/nofp\libm.a(libm_a-k_sin.o)
 .comment       0x0000004c       0x4d e:/windows/programs/arm-gnu-toolchain-12.2.mpacbti-bet1-mingw-w64-i686-arm-none-eabi/bin/../lib/gcc/arm-none-eabi/12.2.0/thumb/v7-m/nofp\libm.a(libm_a-e_rem_pio2.o)
 .comment       0x0000004c       0x4d e:/windows/programs/arm-gnu-toolchain-12.2.mpacbti-bet1-mingw-w64-i686-arm-none-eabi/bin/../lib/gcc/arm-none-eabi/12.2.0/thumb/v7-m/nofp\libm.a(libm_a-s_fabs.o)
 .comment       0x0000004c       0x4d e:/windows/programs/arm-gnu-toolchain-12.2.mpacbti-bet1-mingw-w64-i686-arm-none-eabi/bin/../lib/gcc/arm-none-eabi/12.2.0/thumb/v7-m/nofp\libm.a(libm_a-k_rem_pio2.o)
 .comment       0x0000004c       0x4d e:/windows/programs/arm-gnu-toolchain-12.2.mpacbti-bet1-mingw-w64-i686-arm-none-eabi/bin/../lib/gcc/arm-none-eabi/12.2.0/thumb/v7-m/nofp\libm.a(libm_a-s_scalbn.o)
 .comment       0x0000004c       0x4d e:/windows/programs/arm-gnu-toolchain-12.2.mpacbti-bet1-mingw-w64-i686-arm-none-eabi/bin/../lib/gcc/arm-none-eabi/12.2.0/thumb/v7-m/nofp\libm.a(libm_a-s_floor.o)
 .comment       0x0000004c       0x4d e:/windows/programs/arm-gnu-toolchain-12.2.mpacbti-bet1-mingw-w64-i686-arm-none-eabi/bin/../lib/gcc/arm-none-eabi/12.2.0/thumb/v7-m/nofp\libnosys.a(close.o)
 .comment       0x0000004c       0x4d e:/windows/programs/arm-gnu-toolchain-12.2.mpacbti-bet1-mingw-w64-i686-arm-none-eabi/bin/../lib/gcc/arm-none-eabi/12.2.0/thumb/v7-m/nofp\libnosys.a(fstat.o)
 .comment       0x0000004c       0x4d e:/windows/programs/arm-gnu-toolchain-12.2.mpacbti-bet1-mingw-w64-i686-arm-none-eabi/bin/../lib/gcc/arm-none-eabi/12.2.0/thumb/v7-m/nofp\libnosys.a(isatty.o)
 .comment       0x0000004c       0x4d e:/windows/programs/arm-gnu-toolchain-12.2.mpacbti-bet1-mingw-w64-i686-arm-none-eabi/bin/../lib/gcc/arm-none-eabi/12.2.0/thumb/v7-m/nofp\libnosys.a(lseek.o)
 .comment       0x0000004c       0x4d e:/windows/programs/arm-gnu-toolchain-12.2.mpacbti-bet1-mingw-w64-i686-arm-none-eabi/bin/../lib/gcc/arm-none-eabi/12.2.0/thumb/v7-m/nofp\libnosys.a(read.o)
 .comment       0x0000004c       0x4d e:/windows/programs/arm-gnu-toolchain-12.2.mpacbti-bet1-mingw-w64-i686-arm-none-eabi/bin/../lib/gcc/arm-none-eabi/12.2.0/thumb/v7-m/nofp\libnosys.a(sbrk.o)
 .comment       0x0000004c       0x4d e:/windows/programs/arm-gnu-toolchain-12.2.mpacbti-bet1-mingw-w64-i686-arm-none-eabi/bin/../lib/gcc/arm-none-eabi/12.2.0/thumb/v7-m/nofp/crtend.o

.debug_info     0x00000000    0x23378
 .debug_info    0x00000000      0x596 OBJ/misc.o
 .debug_info    0x00000596      0x9ff OBJ/stm32f10x_rcc.o
 .debug_info    0x00000f95      0x9a3 OBJ/stm32f10x_gpio.o
 .debug_info    0x00001938      0xcf6 OBJ/stm32f10x_usart.o
 .debug_info    0x0000262e      0x3a9 OBJ/stm32f10x_exti.o
 .debug_info    0x000029d7      0x2c0 OBJ/stm32f10x_wwdg.o
 .debug_info    0x00002c97     0x2718 OBJ/stm32f10x_tim.o
 .debug_info    0x000053af      0xb7d OBJ/stm32f10x_spi.o
 .debug_info    0x00005f2c      0xa7d OBJ/stm32f10x_fsmc.o
 .debug_info    0x000069a9      0x933 OBJ/stm32f10x_sdio.o
 .debug_info    0x000072dc      0x29a OBJ/delay.o
 .debug_info    0x00007576      0x136 OBJ/stm32f10x_it.o
 .debug_info    0x000076ac      0x500 OBJ/system_stm32f10x.o
 .debug_info    0x00007bac       0x69 OBJ/main.o
 .debug_info    0x00007c15     0x11bd OBJ/USART.o
 .debug_info    0x00008dd2      0x7b8 OBJ/exti.o
 .debug_info    0x0000958a      0x552 OBJ/wwdg.o
 .debug_info    0x00009adc      0x882 OBJ/tim.o
 .debug_info    0x0000a35e      0xc43 OBJ/cap.o
 .debug_info    0x0000afa1     0x30d7 OBJ/exFlash.o
 .debug_info    0x0000e078     0x1100 OBJ/lcd.o
 .debug_info    0x0000f178     0x2d1b OBJ/stm32_eval_sdio_sd.o
 .debug_info    0x00011e93      0x2b5 OBJ/Flash_Font.o
 .debug_info    0x00012148       0x30 OBJ/startup_stm32f103xe.o
 .debug_info    0x00012178      0x793 e:/windows/programs/arm-gnu-toolchain-12.2.mpacbti-bet1-mingw-w64-i686-arm-none-eabi/bin/../lib/gcc/arm-none-eabi/12.2.0/thumb/v7-m/nofp\libc_nano.a(libc_a-malloc.o)
 .debug_info    0x0001290b      0x9b5 e:/windows/programs/arm-gnu-toolchain-12.2.mpacbti-bet1-mingw-w64-i686-arm-none-eabi/bin/../lib/gcc/arm-none-eabi/12.2.0/thumb/v7-m/nofp\libc_nano.a(libc_a-mallocr.o)
 .debug_info    0x000132c0      0x76a e:/windows/programs/arm-gnu-toolchain-12.2.mpacbti-bet1-mingw-w64-i686-arm-none-eabi/bin/../lib/gcc/arm-none-eabi/12.2.0/thumb/v7-m/nofp\libc_nano.a(libc_a-mlock.o)
 .debug_info    0x00013a2a      0xf8f e:/windows/programs/arm-gnu-toolchain-12.2.mpacbti-bet1-mingw-w64-i686-arm-none-eabi/bin/../lib/gcc/arm-none-eabi/12.2.0/thumb/v7-m/nofp\libc_nano.a(libc_a-findfp.o)
 .debug_info    0x000149b9      0x854 e:/windows/programs/arm-gnu-toolchain-12.2.mpacbti-bet1-mingw-w64-i686-arm-none-eabi/bin/../lib/gcc/arm-none-eabi/12.2.0/thumb/v7-m/nofp\libc_nano.a(libc_a-fprintf.o)
 .debug_info    0x0001520d      0x7d1 e:/windows/programs/arm-gnu-toolchain-12.2.mpacbti-bet1-mingw-w64-i686-arm-none-eabi/bin/../lib/gcc/arm-none-eabi/12.2.0/thumb/v7-m/nofp\libc_nano.a(libc_a-fwalk.o)
 .debug_info    0x000159de      0x83a e:/windows/programs/arm-gnu-toolchain-12.2.mpacbti-bet1-mingw-w64-i686-arm-none-eabi/bin/../lib/gcc/arm-none-eabi/12.2.0/thumb/v7-m/nofp\libc_nano.a(libc_a-printf.o)
 .debug_info    0x00016218      0x948 e:/windows/programs/arm-gnu-toolchain-12.2.mpacbti-bet1-mingw-w64-i686-arm-none-eabi/bin/../lib/gcc/arm-none-eabi/12.2.0/thumb/v7-m/nofp\libc_nano.a(libc_a-setvbuf.o)
 .debug_info    0x00016b60      0xa53 e:/windows/programs/arm-gnu-toolchain-12.2.mpacbti-bet1-mingw-w64-i686-arm-none-eabi/bin/../lib/gcc/arm-none-eabi/12.2.0/thumb/v7-m/nofp\libc_nano.a(libc_a-stdio.o)
 .debug_info    0x000175b3      0x867 e:/windows/programs/arm-gnu-toolchain-12.2.mpacbti-bet1-mingw-w64-i686-arm-none-eabi/bin/../lib/gcc/arm-none-eabi/12.2.0/thumb/v7-m/nofp\libc_nano.a(libc_a-wbuf.o)
 .debug_info    0x00017e1a      0x7ba e:/windows/programs/arm-gnu-toolchain-12.2.mpacbti-bet1-mingw-w64-i686-arm-none-eabi/bin/../lib/gcc/arm-none-eabi/12.2.0/thumb/v7-m/nofp\libc_nano.a(libc_a-wsetup.o)
 .debug_info    0x000185d4       0xe0 e:/windows/programs/arm-gnu-toolchain-12.2.mpacbti-bet1-mingw-w64-i686-arm-none-eabi/bin/../lib/gcc/arm-none-eabi/12.2.0/thumb/v7-m/nofp\libc_nano.a(libc_a-memset.o)
 .debug_info    0x000186b4      0x755 e:/windows/programs/arm-gnu-toolchain-12.2.mpacbti-bet1-mingw-w64-i686-arm-none-eabi/bin/../lib/gcc/arm-none-eabi/12.2.0/thumb/v7-m/nofp\libc_nano.a(libc_a-closer.o)
 .debug_info    0x00018e09      0x854 e:/windows/programs/arm-gnu-toolchain-12.2.mpacbti-bet1-mingw-w64-i686-arm-none-eabi/bin/../lib/gcc/arm-none-eabi/12.2.0/thumb/v7-m/nofp\libc_nano.a(libc_a-reent.o)
 .debug_info    0x0001965d      0x714 e:/windows/programs/arm-gnu-toolchain-12.2.mpacbti-bet1-mingw-w64-i686-arm-none-eabi/bin/../lib/gcc/arm-none-eabi/12.2.0/thumb/v7-m/nofp\libc_nano.a(libc_a-impure.o)
 .debug_info    0x00019d71      0x795 e:/windows/programs/arm-gnu-toolchain-12.2.mpacbti-bet1-mingw-w64-i686-arm-none-eabi/bin/../lib/gcc/arm-none-eabi/12.2.0/thumb/v7-m/nofp\libc_nano.a(libc_a-lseekr.o)
 .debug_info    0x0001a506      0x7ac e:/windows/programs/arm-gnu-toolchain-12.2.mpacbti-bet1-mingw-w64-i686-arm-none-eabi/bin/../lib/gcc/arm-none-eabi/12.2.0/thumb/v7-m/nofp\libc_nano.a(libc_a-readr.o)
 .debug_info    0x0001acb2      0x77b e:/windows/programs/arm-gnu-toolchain-12.2.mpacbti-bet1-mingw-w64-i686-arm-none-eabi/bin/../lib/gcc/arm-none-eabi/12.2.0/thumb/v7-m/nofp\libc_nano.a(libc_a-sbrkr.o)
 .debug_info    0x0001b42d      0x7b2 e:/windows/programs/arm-gnu-toolchain-12.2.mpacbti-bet1-mingw-w64-i686-arm-none-eabi/bin/../lib/gcc/arm-none-eabi/12.2.0/thumb/v7-m/nofp\libc_nano.a(libc_a-writer.o)
 .debug_info    0x0001bbdf      0x10b e:/windows/programs/arm-gnu-toolchain-12.2.mpacbti-bet1-mingw-w64-i686-arm-none-eabi/bin/../lib/gcc/arm-none-eabi/12.2.0/thumb/v7-m/nofp\libc_nano.a(libc_a-init.o)
 .debug_info    0x0001bcea      0x20a e:/windows/programs/arm-gnu-toolchain-12.2.mpacbti-bet1-mingw-w64-i686-arm-none-eabi/bin/../lib/gcc/arm-none-eabi/12.2.0/thumb/v7-m/nofp\libc_nano.a(libc_a-lock.o)
 .debug_info    0x0001bef4       0x2f e:/windows/programs/arm-gnu-toolchain-12.2.mpacbti-bet1-mingw-w64-i686-arm-none-eabi/bin/../lib/gcc/arm-none-eabi/12.2.0/thumb/v7-m/nofp\libc_nano.a(libc_a-strlen.o)
 .debug_info    0x0001bf23      0x84a e:/windows/programs/arm-gnu-toolchain-12.2.mpacbti-bet1-mingw-w64-i686-arm-none-eabi/bin/../lib/gcc/arm-none-eabi/12.2.0/thumb/v7-m/nofp\libc_nano.a(libc_a-freer.o)
 .debug_info    0x0001c76d     0x1079 e:/windows/programs/arm-gnu-toolchain-12.2.mpacbti-bet1-mingw-w64-i686-arm-none-eabi/bin/../lib/gcc/arm-none-eabi/12.2.0/thumb/v7-m/nofp\libc_nano.a(libc_a-nano-vfprintf.o)
 .debug_info    0x0001d7e6      0xddf e:/windows/programs/arm-gnu-toolchain-12.2.mpacbti-bet1-mingw-w64-i686-arm-none-eabi/bin/../lib/gcc/arm-none-eabi/12.2.0/thumb/v7-m/nofp\libc_nano.a(libc_a-nano-vfprintf_i.o)
 .debug_info    0x0001e5c5      0x9ee e:/windows/programs/arm-gnu-toolchain-12.2.mpacbti-bet1-mingw-w64-i686-arm-none-eabi/bin/../lib/gcc/arm-none-eabi/12.2.0/thumb/v7-m/nofp\libc_nano.a(libc_a-fflush.o)
 .debug_info    0x0001efb3      0xb19 e:/windows/programs/arm-gnu-toolchain-12.2.mpacbti-bet1-mingw-w64-i686-arm-none-eabi/bin/../lib/gcc/arm-none-eabi/12.2.0/thumb/v7-m/nofp\libc_nano.a(libc_a-makebuf.o)
 .debug_info    0x0001facc      0x974 e:/windows/programs/arm-gnu-toolchain-12.2.mpacbti-bet1-mingw-w64-i686-arm-none-eabi/bin/../lib/gcc/arm-none-eabi/12.2.0/thumb/v7-m/nofp\libc_nano.a(libc_a-fstatr.o)
 .debug_info    0x00020440      0x755 e:/windows/programs/arm-gnu-toolchain-12.2.mpacbti-bet1-mingw-w64-i686-arm-none-eabi/bin/../lib/gcc/arm-none-eabi/12.2.0/thumb/v7-m/nofp\libc_nano.a(libc_a-isattyr.o)
 .debug_info    0x00020b95      0x110 e:/windows/programs/arm-gnu-toolchain-12.2.mpacbti-bet1-mingw-w64-i686-arm-none-eabi/bin/../lib/gcc/arm-none-eabi/12.2.0/thumb/v7-m/nofp\libc_nano.a(libc_a-memchr-stub.o)
 .debug_info    0x00020ca5      0x23a e:/windows/programs/arm-gnu-toolchain-12.2.mpacbti-bet1-mingw-w64-i686-arm-none-eabi/bin/../lib/gcc/arm-none-eabi/12.2.0/thumb/v7-m/nofp\libm.a(libm_a-s_cos.o)
 .debug_info    0x00020edf      0x250 e:/windows/programs/arm-gnu-toolchain-12.2.mpacbti-bet1-mingw-w64-i686-arm-none-eabi/bin/../lib/gcc/arm-none-eabi/12.2.0/thumb/v7-m/nofp\libm.a(libm_a-s_sin.o)
 .debug_info    0x0002112f      0x3cf e:/windows/programs/arm-gnu-toolchain-12.2.mpacbti-bet1-mingw-w64-i686-arm-none-eabi/bin/../lib/gcc/arm-none-eabi/12.2.0/thumb/v7-m/nofp\libm.a(libm_a-k_cos.o)
 .debug_info    0x000214fe      0x304 e:/windows/programs/arm-gnu-toolchain-12.2.mpacbti-bet1-mingw-w64-i686-arm-none-eabi/bin/../lib/gcc/arm-none-eabi/12.2.0/thumb/v7-m/nofp\libm.a(libm_a-k_sin.o)
 .debug_info    0x00021802      0x657 e:/windows/programs/arm-gnu-toolchain-12.2.mpacbti-bet1-mingw-w64-i686-arm-none-eabi/bin/../lib/gcc/arm-none-eabi/12.2.0/thumb/v7-m/nofp\libm.a(libm_a-e_rem_pio2.o)
 .debug_info    0x00021e59      0x142 e:/windows/programs/arm-gnu-toolchain-12.2.mpacbti-bet1-mingw-w64-i686-arm-none-eabi/bin/../lib/gcc/arm-none-eabi/12.2.0/thumb/v7-m/nofp\libm.a(libm_a-s_fabs.o)
 .debug_info    0x00021f9b      0x5bb e:/windows/programs/arm-gnu-toolchain-12.2.mpacbti-bet1-mingw-w64-i686-arm-none-eabi/bin/../lib/gcc/arm-none-eabi/12.2.0/thumb/v7-m/nofp\libm.a(libm_a-k_rem_pio2.o)
 .debug_info    0x00022556      0x27b e:/windows/programs/arm-gnu-toolchain-12.2.mpacbti-bet1-mingw-w64-i686-arm-none-eabi/bin/../lib/gcc/arm-none-eabi/12.2.0/thumb/v7-m/nofp\libm.a(libm_a-s_scalbn.o)
 .debug_info    0x000227d1      0x216 e:/windows/programs/arm-gnu-toolchain-12.2.mpacbti-bet1-mingw-w64-i686-arm-none-eabi/bin/../lib/gcc/arm-none-eabi/12.2.0/thumb/v7-m/nofp\libm.a(libm_a-s_floor.o)
 .debug_info    0x000229e7       0xde e:/windows/programs/arm-gnu-toolchain-12.2.mpacbti-bet1-mingw-w64-i686-arm-none-eabi/bin/../lib/gcc/arm-none-eabi/12.2.0/thumb/v7-m/nofp\libnosys.a(close.o)
 .debug_info    0x00022ac5      0x2f7 e:/windows/programs/arm-gnu-toolchain-12.2.mpacbti-bet1-mingw-w64-i686-arm-none-eabi/bin/../lib/gcc/arm-none-eabi/12.2.0/thumb/v7-m/nofp\libnosys.a(fstat.o)
 .debug_info    0x00022dbc       0xde e:/windows/programs/arm-gnu-toolchain-12.2.mpacbti-bet1-mingw-w64-i686-arm-none-eabi/bin/../lib/gcc/arm-none-eabi/12.2.0/thumb/v7-m/nofp\libnosys.a(isatty.o)
 .debug_info    0x00022e9a      0x100 e:/windows/programs/arm-gnu-toolchain-12.2.mpacbti-bet1-mingw-w64-i686-arm-none-eabi/bin/../lib/gcc/arm-none-eabi/12.2.0/thumb/v7-m/nofp\libnosys.a(lseek.o)
 .debug_info    0x00022f9a      0x106 e:/windows/programs/arm-gnu-toolchain-12.2.mpacbti-bet1-mingw-w64-i686-arm-none-eabi/bin/../lib/gcc/arm-none-eabi/12.2.0/thumb/v7-m/nofp\libnosys.a(read.o)
 .debug_info    0x000230a0       0x9e e:/windows/programs/arm-gnu-toolchain-12.2.mpacbti-bet1-mingw-w64-i686-arm-none-eabi/bin/../lib/gcc/arm-none-eabi/12.2.0/thumb/v7-m/nofp\libnosys.a(sbrk.o)
 .debug_info    0x0002313e       0xb6 e:/windows/programs/arm-gnu-toolchain-12.2.mpacbti-bet1-mingw-w64-i686-arm-none-eabi/bin/../lib/gcc/arm-none-eabi/12.2.0/thumb/v7-m/nofp\libgcc.a(_arm_addsubdf3.o)
 .debug_info    0x000231f4       0x52 e:/windows/programs/arm-gnu-toolchain-12.2.mpacbti-bet1-mingw-w64-i686-arm-none-eabi/bin/../lib/gcc/arm-none-eabi/12.2.0/thumb/v7-m/nofp\libgcc.a(_arm_muldivdf3.o)
 .debug_info    0x00023246       0xc0 e:/windows/programs/arm-gnu-toolchain-12.2.mpacbti-bet1-mingw-w64-i686-arm-none-eabi/bin/../lib/gcc/arm-none-eabi/12.2.0/thumb/v7-m/nofp\libgcc.a(_arm_cmpdf2.o)
 .debug_info    0x00023306       0x39 e:/windows/programs/arm-gnu-toolchain-12.2.mpacbti-bet1-mingw-w64-i686-arm-none-eabi/bin/../lib/gcc/arm-none-eabi/12.2.0/thumb/v7-m/nofp\libgcc.a(_arm_fixdfsi.o)
 .debug_info    0x0002333f       0x39 e:/windows/programs/arm-gnu-toolchain-12.2.mpacbti-bet1-mingw-w64-i686-arm-none-eabi/bin/../lib/gcc/arm-none-eabi/12.2.0/thumb/v7-m/nofp\libgcc.a(_arm_fixunsdfsi.o)

.debug_abbrev   0x00000000     0x77a7
 .debug_abbrev  0x00000000      0x178 OBJ/misc.o
 .debug_abbrev  0x00000178      0x240 OBJ/stm32f10x_rcc.o
 .debug_abbrev  0x000003b8      0x261 OBJ/stm32f10x_gpio.o
 .debug_abbrev  0x00000619      0x21d OBJ/stm32f10x_usart.o
 .debug_abbrev  0x00000836      0x1a0 OBJ/stm32f10x_exti.o
 .debug_abbrev  0x000009d6      0x1a8 OBJ/stm32f10x_wwdg.o
 .debug_abbrev  0x00000b7e      0x247 OBJ/stm32f10x_tim.o
 .debug_abbrev  0x00000dc5      0x217 OBJ/stm32f10x_spi.o
 .debug_abbrev  0x00000fdc      0x1e6 OBJ/stm32f10x_fsmc.o
 .debug_abbrev  0x000011c2      0x24e OBJ/stm32f10x_sdio.o
 .debug_abbrev  0x00001410      0x183 OBJ/delay.o
 .debug_abbrev  0x00001593       0x46 OBJ/stm32f10x_it.o
 .debug_abbrev  0x000015d9      0x1ba OBJ/system_stm32f10x.o
 .debug_abbrev  0x00001793       0x60 OBJ/main.o
 .debug_abbrev  0x000017f3      0x300 OBJ/USART.o
 .debug_abbrev  0x00001af3      0x1ec OBJ/exti.o
 .debug_abbrev  0x00001cdf      0x188 OBJ/wwdg.o
 .debug_abbrev  0x00001e67      0x1d1 OBJ/tim.o
 .debug_abbrev  0x00002038      0x227 OBJ/cap.o
 .debug_abbrev  0x0000225f      0x440 OBJ/exFlash.o
 .debug_abbrev  0x0000269f      0x2bd OBJ/lcd.o
 .debug_abbrev  0x0000295c      0x3ff OBJ/stm32_eval_sdio_sd.o
 .debug_abbrev  0x00002d5b      0x154 OBJ/Flash_Font.o
 .debug_abbrev  0x00002eaf       0x1d OBJ/startup_stm32f103xe.o
 .debug_abbrev  0x00002ecc      0x1cf e:/windows/programs/arm-gnu-toolchain-12.2.mpacbti-bet1-mingw-w64-i686-arm-none-eabi/bin/../lib/gcc/arm-none-eabi/12.2.0/thumb/v7-m/nofp\libc_nano.a(libc_a-malloc.o)
 .debug_abbrev  0x0000309b      0x24a e:/windows/programs/arm-gnu-toolchain-12.2.mpacbti-bet1-mingw-w64-i686-arm-none-eabi/bin/../lib/gcc/arm-none-eabi/12.2.0/thumb/v7-m/nofp\libc_nano.a(libc_a-mallocr.o)
 .debug_abbrev  0x000032e5      0x1bf e:/windows/programs/arm-gnu-toolchain-12.2.mpacbti-bet1-mingw-w64-i686-arm-none-eabi/bin/../lib/gcc/arm-none-eabi/12.2.0/thumb/v7-m/nofp\libc_nano.a(libc_a-mlock.o)
 .debug_abbrev  0x000034a4      0x40c e:/windows/programs/arm-gnu-toolchain-12.2.mpacbti-bet1-mingw-w64-i686-arm-none-eabi/bin/../lib/gcc/arm-none-eabi/12.2.0/thumb/v7-m/nofp\libc_nano.a(libc_a-findfp.o)
 .debug_abbrev  0x000038b0      0x21d e:/windows/programs/arm-gnu-toolchain-12.2.mpacbti-bet1-mingw-w64-i686-arm-none-eabi/bin/../lib/gcc/arm-none-eabi/12.2.0/thumb/v7-m/nofp\libc_nano.a(libc_a-fprintf.o)
 .debug_abbrev  0x00003acd      0x19b e:/windows/programs/arm-gnu-toolchain-12.2.mpacbti-bet1-mingw-w64-i686-arm-none-eabi/bin/../lib/gcc/arm-none-eabi/12.2.0/thumb/v7-m/nofp\libc_nano.a(libc_a-fwalk.o)
 .debug_abbrev  0x00003c68      0x21a e:/windows/programs/arm-gnu-toolchain-12.2.mpacbti-bet1-mingw-w64-i686-arm-none-eabi/bin/../lib/gcc/arm-none-eabi/12.2.0/thumb/v7-m/nofp\libc_nano.a(libc_a-printf.o)
 .debug_abbrev  0x00003e82      0x259 e:/windows/programs/arm-gnu-toolchain-12.2.mpacbti-bet1-mingw-w64-i686-arm-none-eabi/bin/../lib/gcc/arm-none-eabi/12.2.0/thumb/v7-m/nofp\libc_nano.a(libc_a-setvbuf.o)
 .debug_abbrev  0x000040db      0x221 e:/windows/programs/arm-gnu-toolchain-12.2.mpacbti-bet1-mingw-w64-i686-arm-none-eabi/bin/../lib/gcc/arm-none-eabi/12.2.0/thumb/v7-m/nofp\libc_nano.a(libc_a-stdio.o)
 .debug_abbrev  0x000042fc      0x22d e:/windows/programs/arm-gnu-toolchain-12.2.mpacbti-bet1-mingw-w64-i686-arm-none-eabi/bin/../lib/gcc/arm-none-eabi/12.2.0/thumb/v7-m/nofp\libc_nano.a(libc_a-wbuf.o)
 .debug_abbrev  0x00004529      0x1e2 e:/windows/programs/arm-gnu-toolchain-12.2.mpacbti-bet1-mingw-w64-i686-arm-none-eabi/bin/../lib/gcc/arm-none-eabi/12.2.0/thumb/v7-m/nofp\libc_nano.a(libc_a-wsetup.o)
 .debug_abbrev  0x0000470b       0x9e e:/windows/programs/arm-gnu-toolchain-12.2.mpacbti-bet1-mingw-w64-i686-arm-none-eabi/bin/../lib/gcc/arm-none-eabi/12.2.0/thumb/v7-m/nofp\libc_nano.a(libc_a-memset.o)
 .debug_abbrev  0x000047a9      0x1b0 e:/windows/programs/arm-gnu-toolchain-12.2.mpacbti-bet1-mingw-w64-i686-arm-none-eabi/bin/../lib/gcc/arm-none-eabi/12.2.0/thumb/v7-m/nofp\libc_nano.a(libc_a-closer.o)
 .debug_abbrev  0x00004959      0x1ed e:/windows/programs/arm-gnu-toolchain-12.2.mpacbti-bet1-mingw-w64-i686-arm-none-eabi/bin/../lib/gcc/arm-none-eabi/12.2.0/thumb/v7-m/nofp\libc_nano.a(libc_a-reent.o)
 .debug_abbrev  0x00004b46      0x149 e:/windows/programs/arm-gnu-toolchain-12.2.mpacbti-bet1-mingw-w64-i686-arm-none-eabi/bin/../lib/gcc/arm-none-eabi/12.2.0/thumb/v7-m/nofp\libc_nano.a(libc_a-impure.o)
 .debug_abbrev  0x00004c8f      0x1c4 e:/windows/programs/arm-gnu-toolchain-12.2.mpacbti-bet1-mingw-w64-i686-arm-none-eabi/bin/../lib/gcc/arm-none-eabi/12.2.0/thumb/v7-m/nofp\libc_nano.a(libc_a-lseekr.o)
 .debug_abbrev  0x00004e53      0x1b0 e:/windows/programs/arm-gnu-toolchain-12.2.mpacbti-bet1-mingw-w64-i686-arm-none-eabi/bin/../lib/gcc/arm-none-eabi/12.2.0/thumb/v7-m/nofp\libc_nano.a(libc_a-readr.o)
 .debug_abbrev  0x00005003      0x1da e:/windows/programs/arm-gnu-toolchain-12.2.mpacbti-bet1-mingw-w64-i686-arm-none-eabi/bin/../lib/gcc/arm-none-eabi/12.2.0/thumb/v7-m/nofp\libc_nano.a(libc_a-sbrkr.o)
 .debug_abbrev  0x000051dd      0x1b5 e:/windows/programs/arm-gnu-toolchain-12.2.mpacbti-bet1-mingw-w64-i686-arm-none-eabi/bin/../lib/gcc/arm-none-eabi/12.2.0/thumb/v7-m/nofp\libc_nano.a(libc_a-writer.o)
 .debug_abbrev  0x00005392       0xc9 e:/windows/programs/arm-gnu-toolchain-12.2.mpacbti-bet1-mingw-w64-i686-arm-none-eabi/bin/../lib/gcc/arm-none-eabi/12.2.0/thumb/v7-m/nofp\libc_nano.a(libc_a-init.o)
 .debug_abbrev  0x0000545b      0x115 e:/windows/programs/arm-gnu-toolchain-12.2.mpacbti-bet1-mingw-w64-i686-arm-none-eabi/bin/../lib/gcc/arm-none-eabi/12.2.0/thumb/v7-m/nofp\libc_nano.a(libc_a-lock.o)
 .debug_abbrev  0x00005570       0x21 e:/windows/programs/arm-gnu-toolchain-12.2.mpacbti-bet1-mingw-w64-i686-arm-none-eabi/bin/../lib/gcc/arm-none-eabi/12.2.0/thumb/v7-m/nofp\libc_nano.a(libc_a-strlen.o)
 .debug_abbrev  0x00005591      0x236 e:/windows/programs/arm-gnu-toolchain-12.2.mpacbti-bet1-mingw-w64-i686-arm-none-eabi/bin/../lib/gcc/arm-none-eabi/12.2.0/thumb/v7-m/nofp\libc_nano.a(libc_a-freer.o)
 .debug_abbrev  0x000057c7      0x317 e:/windows/programs/arm-gnu-toolchain-12.2.mpacbti-bet1-mingw-w64-i686-arm-none-eabi/bin/../lib/gcc/arm-none-eabi/12.2.0/thumb/v7-m/nofp\libc_nano.a(libc_a-nano-vfprintf.o)
 .debug_abbrev  0x00005ade      0x28f e:/windows/programs/arm-gnu-toolchain-12.2.mpacbti-bet1-mingw-w64-i686-arm-none-eabi/bin/../lib/gcc/arm-none-eabi/12.2.0/thumb/v7-m/nofp\libc_nano.a(libc_a-nano-vfprintf_i.o)
 .debug_abbrev  0x00005d6d      0x2a8 e:/windows/programs/arm-gnu-toolchain-12.2.mpacbti-bet1-mingw-w64-i686-arm-none-eabi/bin/../lib/gcc/arm-none-eabi/12.2.0/thumb/v7-m/nofp\libc_nano.a(libc_a-fflush.o)